Bird Computer Butterfly assembler   version 1.0.2   Sun Jun 11 15:59:14 2017     Page 1
noc_boot.asm

                                        ; ============================================================================
                                        ;        __
                                        ;   \\__/ o\    (C) 2017  Robert Finch, Waterloo
                                        ;    \  __ /    All rights reserved.
                                        ;     \/_//     robfinch<remove>@finitron.ca
                                        ;       ||
                                        ;  
                                        ;
                                        ; This source file is free software: you can redistribute it and/or modify 
                                        ; it under the terms of the GNU Lesser General Public License as published 
                                        ; by the Free Software Foundation, either version 3 of the License, or     
                                        ; (at your option) any later version.                                      
                                        ;                                                                          
                                        ; This source file is distributed in the hope that it will be useful,      
                                        ; but WITHOUT ANY WARRANTY; without even the implied warranty of           
                                        ; MERCHANTABILITY or FITNESS FOR A PARTICULAR PURPOSE.  See the            
                                        ; GNU General Public License for more details.                             
                                        ;                                                                          
                                        ; You should have received a copy of the GNU General Public License        
                                        ; along with this program.  If not, see <http://www.gnu.org/licenses/>.    
                                        ;                                    
                                        ;                                      
                                        ; This boot rom for an ordinary node.
                                        ; ============================================================================
                                        ;
     26 = 0D                            CR	= 13
     27 = 0A                            LF	= 10
     28 = 09                            CTRLH	equ		9
     29 = 20                            txBuf	equ		32
     30 = 30                            rxBuf	equ		48
                                        
     32 = 000000000000B000                              ROUTER		equ	$B000
     33 = 10                            RTR_RXSTAT	equ	$10
     34 = 12                            RTR_TXSTAT	equ	$12
                                        
     36 = 00                            ROUTER_TRB	equ	0
                                        
                                        		.code
                                        		cpu		Butterfly16
                                        		org		0xE000
     42 0000E000                        start:
     43 0000E000                        noMsg1:
     44 0000E000 01 4B 00 E1             		lb		r1,ROUTER+RTR_RXSTAT
     45 0000E004 FD B8                   		beq		noMsg1
     46 0000E006 24 AF                   		call	Recv
     47 0000E008 2F AF                   		call	RecvDispatch
     48 0000E00A FA BE                   		bra		start
     49 0000E00C                        lockup:
     50 0000E00C FF BE                   		bra		lockup
                                        
                                        ;----------------------------------------------------------------------------
                                        ; Broadcast a reset message on the network.
                                        ;----------------------------------------------------------------------------
                                        
     56 0000E00E                        broadcastReset:
     57 0000E00E FE 6E                   		add		sp,sp,#-2
     58 0000E010 E1 DF                   		sw		lr,[sp]
     59 0000E012 3F AF                   		call	zeroTxBuf
     60 0000E014 0F 40 0F 11             		lw		r1,#$FF		; global broadcast address
Bird Computer Butterfly assembler   version 1.0.2   Sun Jun 11 15:59:14 2017     Page 2
noc_boot.asm
     61 0000E018 02 40 0F C1             		sb		r1,txBuf+15
     62 0000E01C 01 40 01 11             		lw		r1,#$11		; source of message
     63 0000E020 02 40 0E C1             		sb		r1,txBuf+14
     64 0000E024 01 11                   		lw		r1,#1
     65 0000E026 02 40 08 C1             		sb		r1,txBuf+8	; reset message
     66 0000E02A 03 AF                   		call	Xmit
     67 0000E02C E1 FF                   		lw		lr,[sp]
     68 0000E02E 02 6E                   		add		sp,sp,#2
     69 0000E030 F0 80                   		ret
                                        
                                        ;----------------------------------------------------------------------------
                                        ; Transmit on the network.
                                        ;----------------------------------------------------------------------------
                                        
     75 0000E032                        Xmit:
                                        		; wait for transmit buffer to empty
     77 0000E032                        Xmit2:
     78 0000E032 01 4B 02 E1             		lb		r1,ROUTER+RTR_TXSTAT
     79 0000E036 FD B9                   		bne		Xmit2
     80 0000E038 00 40 0F 12             		lw		r2,#15
     81 0000E03C                        Xmit1:
     82 0000E03C 02 40 20 E1             		lb		r1,txBuf[r2]
     83 0000E040 00 4B 20 C1             		sb		r1,ROUTER[r2]
     84 0000E044 FF 62                   		add		r2,r2,#-1
     85 0000E046 FA BB                   		bpl		Xmit1
                                        		; trigger a transmit
     87 0000E048 01 11                   		lw		r1,#1
     88 0000E04A 01 4B 02 C2             		sb		r2,ROUTER+RTR_TXSTAT
     89 0000E04E F0 80                   		ret
                                        
                                        ;----------------------------------------------------------------------------
                                        ; Receive from network.
                                        ; Receive status must have already indicated a message present.
                                        ;----------------------------------------------------------------------------
                                        
     96 0000E050                        Recv:
     97 0000E050 01 11                   		lw		r1,#1
     98 0000E052 01 4B 00 C1             		sb		r1,ROUTER+RTR_RXSTAT	; pop the rx fifo
     99 0000E056 00 40 0F 12             		lw		r2,#15
    100 0000E05A                        Recv1:
    101 0000E05A 00 4B 20 E1             		lb		r1,ROUTER[r2]			; copy message to local buffer
    102 0000E05E 03 40 20 C1             		sb		r1,rxBuf[r2]
    103 0000E062 FF 62                   		add		r2,r2,#-1
    104 0000E064 FA BB                   		bpl		Recv1
    105 0000E066 F0 80                   		ret
                                        
                                        ;----------------------------------------------------------------------------
                                        ;----------------------------------------------------------------------------
                                        
    110 0000E068                        RecvDispatch:
    111 0000E068 FE 6E                   		add		sp,sp,#-2
    112 0000E06A E1 DF                   		sw		lr,[sp]
    113 0000E06C 03 40 08 E1             		lb		r1,rxBuf+8
    114 0000E070 1F 10                   		cmp		r1,#1
    115 0000E072 0C A9                   		bne		RecvDispatch2
    116 0000E074 0E AF                   		call	zeroTxBuf
    117 0000E076 E4 31                   		tsr		r1,ID
    118 0000E078 02 40 0E C1             		sb		r1,txBuf+14
    119 0000E07C 01 40 01 11             		lw		r1,#$11
    120 0000E080 02 40 0F C1             		sb		r1,txBuf+15
Bird Computer Butterfly assembler   version 1.0.2   Sun Jun 11 15:59:14 2017     Page 3
noc_boot.asm
    121 0000E084 02 11                   		lw		r1,#2
    122 0000E086 02 40 08 C1             		sb		r1,txBuf+8
    123 0000E08A D3 BF                   		call	Xmit
    124 0000E08C                        RecvDispatch2:
    125 0000E08C E1 FF                   		lw		lr,[sp]
    126 0000E08E 02 6E                   		add		sp,sp,#2
    127 0000E090 F0 80                   		ret
                                        
                                        ;----------------------------------------------------------------------------
                                        ; Zero out the transmit buffer.
                                        ;----------------------------------------------------------------------------
                                        
    133 0000E092                        zeroTxBuf:
    134 0000E092 00 40 0F 12             		lw		r2,#15
    135 0000E096                        zeroTxBuf1:
    136 0000E096 02 40 20 C0             		sb		r0,txBuf[r2]
    137 0000E09A FF 62                   		sub		r2,r2,#1
    138 0000E09C FC BB                   		bpl		zeroTxBuf1
    139 0000E09E F0 80                   		ret
                                        
    141 0000E0A0 FF FF FF FF FF FF FF    		org		0xFFFE
    141 0000E0A7 FF FF FF FF FF FF FF  
    141 0000E0AE FF FF FF FF FF FF FF  
    141 0000E0B5 FF FF FF FF FF FF FF  
    141 0000E0BC FF FF FF FF FF FF FF  
    141 0000E0C3 FF FF FF FF FF FF FF  
    141 0000E0CA FF FF FF FF FF FF FF  
    141 0000E0D1 FF FF FF FF FF FF FF  
    141 0000E0D8 FF FF FF FF FF FF FF  
    141 0000E0DF FF FF FF FF FF FF FF  
    141 0000E0E6 FF FF FF FF FF FF FF  
    141 0000E0ED FF FF FF FF FF FF FF  
    141 0000E0F4 FF FF FF FF FF FF FF  
    141 0000E0FB FF FF FF FF FF FF FF  
    141 0000E102 FF FF FF FF FF FF FF  
    141 0000E109 FF FF FF FF FF FF FF  
    141 0000E110 FF FF FF FF FF FF FF  
    141 0000E117 FF FF FF FF FF FF FF  
    141 0000E11E FF FF FF FF FF FF FF  
    141 0000E125 FF FF FF FF FF FF FF  
    141 0000E12C FF FF FF FF FF FF FF  
    141 0000E133 FF FF FF FF FF FF FF  
    141 0000E13A FF FF FF FF FF FF FF  
    141 0000E141 FF FF FF FF FF FF FF  
    141 0000E148 FF FF FF FF FF FF FF  
    141 0000E14F FF FF FF FF FF FF FF  
    141 0000E156 FF FF FF FF FF FF FF  
    141 0000E15D FF FF FF FF FF FF FF  
    141 0000E164 FF FF FF FF FF FF FF  
    141 0000E16B FF FF FF FF FF FF FF  
    141 0000E172 FF FF FF FF FF FF FF  
    141 0000E179 FF FF FF FF FF FF FF  
    141 0000E180 FF FF FF FF FF FF FF  
    141 0000E187 FF FF FF FF FF FF FF  
    141 0000E18E FF FF FF FF FF FF FF  
    141 0000E195 FF FF FF FF FF FF FF  
    141 0000E19C FF FF FF FF FF FF FF  
    141 0000E1A3 FF FF FF FF FF FF FF  
    141 0000E1AA FF FF FF FF FF FF FF  
    141 0000E1B1 FF FF FF FF FF FF FF  
Bird Computer Butterfly assembler   version 1.0.2   Sun Jun 11 15:59:14 2017     Page 4
noc_boot.asm
    141 0000E1B8 FF FF FF FF FF FF FF  
    141 0000E1BF FF FF FF FF FF FF FF  
    141 0000E1C6 FF FF FF FF FF FF FF  
    141 0000E1CD FF FF FF FF FF FF FF  
    141 0000E1D4 FF FF FF FF FF FF FF  
    141 0000E1DB FF FF FF FF FF FF FF  
    141 0000E1E2 FF FF FF FF FF FF FF  
    141 0000E1E9 FF FF FF FF FF FF FF  
    141 0000E1F0 FF FF FF FF FF FF FF  
    141 0000E1F7 FF FF FF FF FF FF FF  
    141 0000E1FE FF FF FF FF FF FF FF  
    141 0000E205 FF FF FF FF FF FF FF  
    141 0000E20C FF FF FF FF FF FF FF  
    141 0000E213 FF FF FF FF FF FF FF  
    141 0000E21A FF FF FF FF FF FF FF  
    141 0000E221 FF FF FF FF FF FF FF  
    141 0000E228 FF FF FF FF FF FF FF  
    141 0000E22F FF FF FF FF FF FF FF  
    141 0000E236 FF FF FF FF FF FF FF  
    141 0000E23D FF FF FF FF FF FF FF  
    141 0000E244 FF FF FF FF FF FF FF  
    141 0000E24B FF FF FF FF FF FF FF  
    141 0000E252 FF FF FF FF FF FF FF  
    141 0000E259 FF FF FF FF FF FF FF  
    141 0000E260 FF FF FF FF FF FF FF  
    141 0000E267 FF FF FF FF FF FF FF  
    141 0000E26E FF FF FF FF FF FF FF  
    141 0000E275 FF FF FF FF FF FF FF  
    141 0000E27C FF FF FF FF FF FF FF  
    141 0000E283 FF FF FF FF FF FF FF  
    141 0000E28A FF FF FF FF FF FF FF  
    141 0000E291 FF FF FF FF FF FF FF  
    141 0000E298 FF FF FF FF FF FF FF  
    141 0000E29F FF FF FF FF FF FF FF  
    141 0000E2A6 FF FF FF FF FF FF FF  
    141 0000E2AD FF FF FF FF FF FF FF  
    141 0000E2B4 FF FF FF FF FF FF FF  
    141 0000E2BB FF FF FF FF FF FF FF  
    141 0000E2C2 FF FF FF FF FF FF FF  
    141 0000E2C9 FF FF FF FF FF FF FF  
    141 0000E2D0 FF FF FF FF FF FF FF  
    141 0000E2D7 FF FF FF FF FF FF FF  
    141 0000E2DE FF FF FF FF FF FF FF  
    141 0000E2E5 FF FF FF FF FF FF FF  
    141 0000E2EC FF FF FF FF FF FF FF  
    141 0000E2F3 FF FF FF FF FF FF FF  
    141 0000E2FA FF FF FF FF FF FF FF  
    141 0000E301 FF FF FF FF FF FF FF  
    141 0000E308 FF FF FF FF FF FF FF  
    141 0000E30F FF FF FF FF FF FF FF  
    141 0000E316 FF FF FF FF FF FF FF  
    141 0000E31D FF FF FF FF FF FF FF  
    141 0000E324 FF FF FF FF FF FF FF  
    141 0000E32B FF FF FF FF FF FF FF  
    141 0000E332 FF FF FF FF FF FF FF  
    141 0000E339 FF FF FF FF FF FF FF  
    141 0000E340 FF FF FF FF FF FF FF  
    141 0000E347 FF FF FF FF FF FF FF  
    141 0000E34E FF FF FF FF FF FF FF  
    141 0000E355 FF FF FF FF FF FF FF  
Bird Computer Butterfly assembler   version 1.0.2   Sun Jun 11 15:59:14 2017     Page 5
noc_boot.asm
    141 0000E35C FF FF FF FF FF FF FF  
    141 0000E363 FF FF FF FF FF FF FF  
    141 0000E36A FF FF FF FF FF FF FF  
    141 0000E371 FF FF FF FF FF FF FF  
    141 0000E378 FF FF FF FF FF FF FF  
    141 0000E37F FF FF FF FF FF FF FF  
    141 0000E386 FF FF FF FF FF FF FF  
    141 0000E38D FF FF FF FF FF FF FF  
    141 0000E394 FF FF FF FF FF FF FF  
    141 0000E39B FF FF FF FF FF FF FF  
    141 0000E3A2 FF FF FF FF FF FF FF  
    141 0000E3A9 FF FF FF FF FF FF FF  
    141 0000E3B0 FF FF FF FF FF FF FF  
    141 0000E3B7 FF FF FF FF FF FF FF  
    141 0000E3BE FF FF FF FF FF FF FF  
    141 0000E3C5 FF FF FF FF FF FF FF  
    141 0000E3CC FF FF FF FF FF FF FF  
    141 0000E3D3 FF FF FF FF FF FF FF  
    141 0000E3DA FF FF FF FF FF FF FF  
    141 0000E3E1 FF FF FF FF FF FF FF  
    141 0000E3E8 FF FF FF FF FF FF FF  
    141 0000E3EF FF FF FF FF FF FF FF  
    141 0000E3F6 FF FF FF FF FF FF FF  
    141 0000E3FD FF FF FF FF FF FF FF  
    141 0000E404 FF FF FF FF FF FF FF  
    141 0000E40B FF FF FF FF FF FF FF  
    141 0000E412 FF FF FF FF FF FF FF  
    141 0000E419 FF FF FF FF FF FF FF  
    141 0000E420 FF FF FF FF FF FF FF  
    141 0000E427 FF FF FF FF FF FF FF  
    141 0000E42E FF FF FF FF FF FF FF  
    141 0000E435 FF FF FF FF FF FF FF  
    141 0000E43C FF FF FF FF FF FF FF  
    141 0000E443 FF FF FF FF FF FF FF  
    141 0000E44A FF FF FF FF FF FF FF  
    141 0000E451 FF FF FF FF FF FF FF  
    141 0000E458 FF FF FF FF FF FF FF  
    141 0000E45F FF FF FF FF FF FF FF  
    141 0000E466 FF FF FF FF FF FF FF  
    141 0000E46D FF FF FF FF FF FF FF  
    141 0000E474 FF FF FF FF FF FF FF  
    141 0000E47B FF FF FF FF FF FF FF  
    141 0000E482 FF FF FF FF FF FF FF  
    141 0000E489 FF FF FF FF FF FF FF  
    141 0000E490 FF FF FF FF FF FF FF  
    141 0000E497 FF FF FF FF FF FF FF  
    141 0000E49E FF FF FF FF FF FF FF  
    141 0000E4A5 FF FF FF FF FF FF FF  
    141 0000E4AC FF FF FF FF FF FF FF  
    141 0000E4B3 FF FF FF FF FF FF FF  
    141 0000E4BA FF FF FF FF FF FF FF  
    141 0000E4C1 FF FF FF FF FF FF FF  
    141 0000E4C8 FF FF FF FF FF FF FF  
    141 0000E4CF FF FF FF FF FF FF FF  
    141 0000E4D6 FF FF FF FF FF FF FF  
    141 0000E4DD FF FF FF FF FF FF FF  
    141 0000E4E4 FF FF FF FF FF FF FF  
    141 0000E4EB FF FF FF FF FF FF FF  
    141 0000E4F2 FF FF FF FF FF FF FF  
    141 0000E4F9 FF FF FF FF FF FF FF  
Bird Computer Butterfly assembler   version 1.0.2   Sun Jun 11 15:59:14 2017     Page 6
noc_boot.asm
    141 0000E500 FF FF FF FF FF FF FF  
    141 0000E507 FF FF FF FF FF FF FF  
    141 0000E50E FF FF FF FF FF FF FF  
    141 0000E515 FF FF FF FF FF FF FF  
    141 0000E51C FF FF FF FF FF FF FF  
    141 0000E523 FF FF FF FF FF FF FF  
    141 0000E52A FF FF FF FF FF FF FF  
    141 0000E531 FF FF FF FF FF FF FF  
    141 0000E538 FF FF FF FF FF FF FF  
    141 0000E53F FF FF FF FF FF FF FF  
    141 0000E546 FF FF FF FF FF FF FF  
    141 0000E54D FF FF FF FF FF FF FF  
    141 0000E554 FF FF FF FF FF FF FF  
    141 0000E55B FF FF FF FF FF FF FF  
    141 0000E562 FF FF FF FF FF FF FF  
    141 0000E569 FF FF FF FF FF FF FF  
    141 0000E570 FF FF FF FF FF FF FF  
    141 0000E577 FF FF FF FF FF FF FF  
    141 0000E57E FF FF FF FF FF FF FF  
    141 0000E585 FF FF FF FF FF FF FF  
    141 0000E58C FF FF FF FF FF FF FF  
    141 0000E593 FF FF FF FF FF FF FF  
    141 0000E59A FF FF FF FF FF FF FF  
    141 0000E5A1 FF FF FF FF FF FF FF  
    141 0000E5A8 FF FF FF FF FF FF FF  
    141 0000E5AF FF FF FF FF FF FF FF  
    141 0000E5B6 FF FF FF FF FF FF FF  
    141 0000E5BD FF FF FF FF FF FF FF  
    141 0000E5C4 FF FF FF FF FF FF FF  
    141 0000E5CB FF FF FF FF FF FF FF  
    141 0000E5D2 FF FF FF FF FF FF FF  
    141 0000E5D9 FF FF FF FF FF FF FF  
    141 0000E5E0 FF FF FF FF FF FF FF  
    141 0000E5E7 FF FF FF FF FF FF FF  
    141 0000E5EE FF FF FF FF FF FF FF  
    141 0000E5F5 FF FF FF FF FF FF FF  
    141 0000E5FC FF FF FF FF FF FF FF  
    141 0000E603 FF FF FF FF FF FF FF  
    141 0000E60A FF FF FF FF FF FF FF  
    141 0000E611 FF FF FF FF FF FF FF  
    141 0000E618 FF FF FF FF FF FF FF  
    141 0000E61F FF FF FF FF FF FF FF  
    141 0000E626 FF FF FF FF FF FF FF  
    141 0000E62D FF FF FF FF FF FF FF  
    141 0000E634 FF FF FF FF FF FF FF  
    141 0000E63B FF FF FF FF FF FF FF  
    141 0000E642 FF FF FF FF FF FF FF  
    141 0000E649 FF FF FF FF FF FF FF  
    141 0000E650 FF FF FF FF FF FF FF  
    141 0000E657 FF FF FF FF FF FF FF  
    141 0000E65E FF FF FF FF FF FF FF  
    141 0000E665 FF FF FF FF FF FF FF  
    141 0000E66C FF FF FF FF FF FF FF  
    141 0000E673 FF FF FF FF FF FF FF  
    141 0000E67A FF FF FF FF FF FF FF  
    141 0000E681 FF FF FF FF FF FF FF  
    141 0000E688 FF FF FF FF FF FF FF  
    141 0000E68F FF FF FF FF FF FF FF  
    141 0000E696 FF FF FF FF FF FF FF  
    141 0000E69D FF FF FF FF FF FF FF  
Bird Computer Butterfly assembler   version 1.0.2   Sun Jun 11 15:59:14 2017     Page 7
noc_boot.asm
    141 0000E6A4 FF FF FF FF FF FF FF  
    141 0000E6AB FF FF FF FF FF FF FF  
    141 0000E6B2 FF FF FF FF FF FF FF  
    141 0000E6B9 FF FF FF FF FF FF FF  
    141 0000E6C0 FF FF FF FF FF FF FF  
    141 0000E6C7 FF FF FF FF FF FF FF  
    141 0000E6CE FF FF FF FF FF FF FF  
    141 0000E6D5 FF FF FF FF FF FF FF  
    141 0000E6DC FF FF FF FF FF FF FF  
    141 0000E6E3 FF FF FF FF FF FF FF  
    141 0000E6EA FF FF FF FF FF FF FF  
    141 0000E6F1 FF FF FF FF FF FF FF  
    141 0000E6F8 FF FF FF FF FF FF FF  
    141 0000E6FF FF FF FF FF FF FF FF  
    141 0000E706 FF FF FF FF FF FF FF  
    141 0000E70D FF FF FF FF FF FF FF  
    141 0000E714 FF FF FF FF FF FF FF  
    141 0000E71B FF FF FF FF FF FF FF  
    141 0000E722 FF FF FF FF FF FF FF  
    141 0000E729 FF FF FF FF FF FF FF  
    141 0000E730 FF FF FF FF FF FF FF  
    141 0000E737 FF FF FF FF FF FF FF  
    141 0000E73E FF FF FF FF FF FF FF  
    141 0000E745 FF FF FF FF FF FF FF  
    141 0000E74C FF FF FF FF FF FF FF  
    141 0000E753 FF FF FF FF FF FF FF  
    141 0000E75A FF FF FF FF FF FF FF  
    141 0000E761 FF FF FF FF FF FF FF  
    141 0000E768 FF FF FF FF FF FF FF  
    141 0000E76F FF FF FF FF FF FF FF  
    141 0000E776 FF FF FF FF FF FF FF  
    141 0000E77D FF FF FF FF FF FF FF  
    141 0000E784 FF FF FF FF FF FF FF  
    141 0000E78B FF FF FF FF FF FF FF  
    141 0000E792 FF FF FF FF FF FF FF  
    141 0000E799 FF FF FF FF FF FF FF  
    141 0000E7A0 FF FF FF FF FF FF FF  
    141 0000E7A7 FF FF FF FF FF FF FF  
    141 0000E7AE FF FF FF FF FF FF FF  
    141 0000E7B5 FF FF FF FF FF FF FF  
    141 0000E7BC FF FF FF FF FF FF FF  
    141 0000E7C3 FF FF FF FF FF FF FF  
    141 0000E7CA FF FF FF FF FF FF FF  
    141 0000E7D1 FF FF FF FF FF FF FF  
    141 0000E7D8 FF FF FF FF FF FF FF  
    141 0000E7DF FF FF FF FF FF FF FF  
    141 0000E7E6 FF FF FF FF FF FF FF  
    141 0000E7ED FF FF FF FF FF FF FF  
    141 0000E7F4 FF FF FF FF FF FF FF  
    141 0000E7FB FF FF FF FF FF FF FF  
    141 0000E802 FF FF FF FF FF FF FF  
    141 0000E809 FF FF FF FF FF FF FF  
    141 0000E810 FF FF FF FF FF FF FF  
    141 0000E817 FF FF FF FF FF FF FF  
    141 0000E81E FF FF FF FF FF FF FF  
    141 0000E825 FF FF FF FF FF FF FF  
    141 0000E82C FF FF FF FF FF FF FF  
    141 0000E833 FF FF FF FF FF FF FF  
    141 0000E83A FF FF FF FF FF FF FF  
    141 0000E841 FF FF FF FF FF FF FF  
Bird Computer Butterfly assembler   version 1.0.2   Sun Jun 11 15:59:14 2017     Page 8
noc_boot.asm
    141 0000E848 FF FF FF FF FF FF FF  
    141 0000E84F FF FF FF FF FF FF FF  
    141 0000E856 FF FF FF FF FF FF FF  
    141 0000E85D FF FF FF FF FF FF FF  
    141 0000E864 FF FF FF FF FF FF FF  
    141 0000E86B FF FF FF FF FF FF FF  
    141 0000E872 FF FF FF FF FF FF FF  
    141 0000E879 FF FF FF FF FF FF FF  
    141 0000E880 FF FF FF FF FF FF FF  
    141 0000E887 FF FF FF FF FF FF FF  
    141 0000E88E FF FF FF FF FF FF FF  
    141 0000E895 FF FF FF FF FF FF FF  
    141 0000E89C FF FF FF FF FF FF FF  
    141 0000E8A3 FF FF FF FF FF FF FF  
    141 0000E8AA FF FF FF FF FF FF FF  
    141 0000E8B1 FF FF FF FF FF FF FF  
    141 0000E8B8 FF FF FF FF FF FF FF  
    141 0000E8BF FF FF FF FF FF FF FF  
    141 0000E8C6 FF FF FF FF FF FF FF  
    141 0000E8CD FF FF FF FF FF FF FF  
    141 0000E8D4 FF FF FF FF FF FF FF  
    141 0000E8DB FF FF FF FF FF FF FF  
    141 0000E8E2 FF FF FF FF FF FF FF  
    141 0000E8E9 FF FF FF FF FF FF FF  
    141 0000E8F0 FF FF FF FF FF FF FF  
    141 0000E8F7 FF FF FF FF FF FF FF  
    141 0000E8FE FF FF FF FF FF FF FF  
    141 0000E905 FF FF FF FF FF FF FF  
    141 0000E90C FF FF FF FF FF FF FF  
    141 0000E913 FF FF FF FF FF FF FF  
    141 0000E91A FF FF FF FF FF FF FF  
    141 0000E921 FF FF FF FF FF FF FF  
    141 0000E928 FF FF FF FF FF FF FF  
    141 0000E92F FF FF FF FF FF FF FF  
    141 0000E936 FF FF FF FF FF FF FF  
    141 0000E93D FF FF FF FF FF FF FF  
    141 0000E944 FF FF FF FF FF FF FF  
    141 0000E94B FF FF FF FF FF FF FF  
    141 0000E952 FF FF FF FF FF FF FF  
    141 0000E959 FF FF FF FF FF FF FF  
    141 0000E960 FF FF FF FF FF FF FF  
    141 0000E967 FF FF FF FF FF FF FF  
    141 0000E96E FF FF FF FF FF FF FF  
    141 0000E975 FF FF FF FF FF FF FF  
    141 0000E97C FF FF FF FF FF FF FF  
    141 0000E983 FF FF FF FF FF FF FF  
    141 0000E98A FF FF FF FF FF FF FF  
    141 0000E991 FF FF FF FF FF FF FF  
    141 0000E998 FF FF FF FF FF FF FF  
    141 0000E99F FF FF FF FF FF FF FF  
    141 0000E9A6 FF FF FF FF FF FF FF  
    141 0000E9AD FF FF FF FF FF FF FF  
    141 0000E9B4 FF FF FF FF FF FF FF  
    141 0000E9BB FF FF FF FF FF FF FF  
    141 0000E9C2 FF FF FF FF FF FF FF  
    141 0000E9C9 FF FF FF FF FF FF FF  
    141 0000E9D0 FF FF FF FF FF FF FF  
    141 0000E9D7 FF FF FF FF FF FF FF  
    141 0000E9DE FF FF FF FF FF FF FF  
    141 0000E9E5 FF FF FF FF FF FF FF  
Bird Computer Butterfly assembler   version 1.0.2   Sun Jun 11 15:59:14 2017     Page 9
noc_boot.asm
    141 0000E9EC FF FF FF FF FF FF FF  
    141 0000E9F3 FF FF FF FF FF FF FF  
    141 0000E9FA FF FF FF FF FF FF FF  
    141 0000EA01 FF FF FF FF FF FF FF  
    141 0000EA08 FF FF FF FF FF FF FF  
    141 0000EA0F FF FF FF FF FF FF FF  
    141 0000EA16 FF FF FF FF FF FF FF  
    141 0000EA1D FF FF FF FF FF FF FF  
    141 0000EA24 FF FF FF FF FF FF FF  
    141 0000EA2B FF FF FF FF FF FF FF  
    141 0000EA32 FF FF FF FF FF FF FF  
    141 0000EA39 FF FF FF FF FF FF FF  
    141 0000EA40 FF FF FF FF FF FF FF  
    141 0000EA47 FF FF FF FF FF FF FF  
    141 0000EA4E FF FF FF FF FF FF FF  
    141 0000EA55 FF FF FF FF FF FF FF  
    141 0000EA5C FF FF FF FF FF FF FF  
    141 0000EA63 FF FF FF FF FF FF FF  
    141 0000EA6A FF FF FF FF FF FF FF  
    141 0000EA71 FF FF FF FF FF FF FF  
    141 0000EA78 FF FF FF FF FF FF FF  
    141 0000EA7F FF FF FF FF FF FF FF  
    141 0000EA86 FF FF FF FF FF FF FF  
    141 0000EA8D FF FF FF FF FF FF FF  
    141 0000EA94 FF FF FF FF FF FF FF  
    141 0000EA9B FF FF FF FF FF FF FF  
    141 0000EAA2 FF FF FF FF FF FF FF  
    141 0000EAA9 FF FF FF FF FF FF FF  
    141 0000EAB0 FF FF FF FF FF FF FF  
    141 0000EAB7 FF FF FF FF FF FF FF  
    141 0000EABE FF FF FF FF FF FF FF  
    141 0000EAC5 FF FF FF FF FF FF FF  
    141 0000EACC FF FF FF FF FF FF FF  
    141 0000EAD3 FF FF FF FF FF FF FF  
    141 0000EADA FF FF FF FF FF FF FF  
    141 0000EAE1 FF FF FF FF FF FF FF  
    141 0000EAE8 FF FF FF FF FF FF FF  
    141 0000EAEF FF FF FF FF FF FF FF  
    141 0000EAF6 FF FF FF FF FF FF FF  
    141 0000EAFD FF FF FF FF FF FF FF  
    141 0000EB04 FF FF FF FF FF FF FF  
    141 0000EB0B FF FF FF FF FF FF FF  
    141 0000EB12 FF FF FF FF FF FF FF  
    141 0000EB19 FF FF FF FF FF FF FF  
    141 0000EB20 FF FF FF FF FF FF FF  
    141 0000EB27 FF FF FF FF FF FF FF  
    141 0000EB2E FF FF FF FF FF FF FF  
    141 0000EB35 FF FF FF FF FF FF FF  
    141 0000EB3C FF FF FF FF FF FF FF  
    141 0000EB43 FF FF FF FF FF FF FF  
    141 0000EB4A FF FF FF FF FF FF FF  
    141 0000EB51 FF FF FF FF FF FF FF  
    141 0000EB58 FF FF FF FF FF FF FF  
    141 0000EB5F FF FF FF FF FF FF FF  
    141 0000EB66 FF FF FF FF FF FF FF  
    141 0000EB6D FF FF FF FF FF FF FF  
    141 0000EB74 FF FF FF FF FF FF FF  
    141 0000EB7B FF FF FF FF FF FF FF  
    141 0000EB82 FF FF FF FF FF FF FF  
    141 0000EB89 FF FF FF FF FF FF FF  
Bird Computer Butterfly assembler   version 1.0.2   Sun Jun 11 15:59:14 2017     Page 10
noc_boot.asm
    141 0000EB90 FF FF FF FF FF FF FF  
    141 0000EB97 FF FF FF FF FF FF FF  
    141 0000EB9E FF FF FF FF FF FF FF  
    141 0000EBA5 FF FF FF FF FF FF FF  
    141 0000EBAC FF FF FF FF FF FF FF  
    141 0000EBB3 FF FF FF FF FF FF FF  
    141 0000EBBA FF FF FF FF FF FF FF  
    141 0000EBC1 FF FF FF FF FF FF FF  
    141 0000EBC8 FF FF FF FF FF FF FF  
    141 0000EBCF FF FF FF FF FF FF FF  
    141 0000EBD6 FF FF FF FF FF FF FF  
    141 0000EBDD FF FF FF FF FF FF FF  
    141 0000EBE4 FF FF FF FF FF FF FF  
    141 0000EBEB FF FF FF FF FF FF FF  
    141 0000EBF2 FF FF FF FF FF FF FF  
    141 0000EBF9 FF FF FF FF FF FF FF  
    141 0000EC00 FF FF FF FF FF FF FF  
    141 0000EC07 FF FF FF FF FF FF FF  
    141 0000EC0E FF FF FF FF FF FF FF  
    141 0000EC15 FF FF FF FF FF FF FF  
    141 0000EC1C FF FF FF FF FF FF FF  
    141 0000EC23 FF FF FF FF FF FF FF  
    141 0000EC2A FF FF FF FF FF FF FF  
    141 0000EC31 FF FF FF FF FF FF FF  
    141 0000EC38 FF FF FF FF FF FF FF  
    141 0000EC3F FF FF FF FF FF FF FF  
    141 0000EC46 FF FF FF FF FF FF FF  
    141 0000EC4D FF FF FF FF FF FF FF  
    141 0000EC54 FF FF FF FF FF FF FF  
    141 0000EC5B FF FF FF FF FF FF FF  
    141 0000EC62 FF FF FF FF FF FF FF  
    141 0000EC69 FF FF FF FF FF FF FF  
    141 0000EC70 FF FF FF FF FF FF FF  
    141 0000EC77 FF FF FF FF FF FF FF  
    141 0000EC7E FF FF FF FF FF FF FF  
    141 0000EC85 FF FF FF FF FF FF FF  
    141 0000EC8C FF FF FF FF FF FF FF  
    141 0000EC93 FF FF FF FF FF FF FF  
    141 0000EC9A FF FF FF FF FF FF FF  
    141 0000ECA1 FF FF FF FF FF FF FF  
    141 0000ECA8 FF FF FF FF FF FF FF  
    141 0000ECAF FF FF FF FF FF FF FF  
    141 0000ECB6 FF FF FF FF FF FF FF  
    141 0000ECBD FF FF FF FF FF FF FF  
    141 0000ECC4 FF FF FF FF FF FF FF  
    141 0000ECCB FF FF FF FF FF FF FF  
    141 0000ECD2 FF FF FF FF FF FF FF  
    141 0000ECD9 FF FF FF FF FF FF FF  
    141 0000ECE0 FF FF FF FF FF FF FF  
    141 0000ECE7 FF FF FF FF FF FF FF  
    141 0000ECEE FF FF FF FF FF FF FF  
    141 0000ECF5 FF FF FF FF FF FF FF  
    141 0000ECFC FF FF FF FF FF FF FF  
    141 0000ED03 FF FF FF FF FF FF FF  
    141 0000ED0A FF FF FF FF FF FF FF  
    141 0000ED11 FF FF FF FF FF FF FF  
    141 0000ED18 FF FF FF FF FF FF FF  
    141 0000ED1F FF FF FF FF FF FF FF  
    141 0000ED26 FF FF FF FF FF FF FF  
    141 0000ED2D FF FF FF FF FF FF FF  
Bird Computer Butterfly assembler   version 1.0.2   Sun Jun 11 15:59:14 2017     Page 11
noc_boot.asm
    141 0000ED34 FF FF FF FF FF FF FF  
    141 0000ED3B FF FF FF FF FF FF FF  
    141 0000ED42 FF FF FF FF FF FF FF  
    141 0000ED49 FF FF FF FF FF FF FF  
    141 0000ED50 FF FF FF FF FF FF FF  
    141 0000ED57 FF FF FF FF FF FF FF  
    141 0000ED5E FF FF FF FF FF FF FF  
    141 0000ED65 FF FF FF FF FF FF FF  
    141 0000ED6C FF FF FF FF FF FF FF  
    141 0000ED73 FF FF FF FF FF FF FF  
    141 0000ED7A FF FF FF FF FF FF FF  
    141 0000ED81 FF FF FF FF FF FF FF  
    141 0000ED88 FF FF FF FF FF FF FF  
    141 0000ED8F FF FF FF FF FF FF FF  
    141 0000ED96 FF FF FF FF FF FF FF  
    141 0000ED9D FF FF FF FF FF FF FF  
    141 0000EDA4 FF FF FF FF FF FF FF  
    141 0000EDAB FF FF FF FF FF FF FF  
    141 0000EDB2 FF FF FF FF FF FF FF  
    141 0000EDB9 FF FF FF FF FF FF FF  
    141 0000EDC0 FF FF FF FF FF FF FF  
    141 0000EDC7 FF FF FF FF FF FF FF  
    141 0000EDCE FF FF FF FF FF FF FF  
    141 0000EDD5 FF FF FF FF FF FF FF  
    141 0000EDDC FF FF FF FF FF FF FF  
    141 0000EDE3 FF FF FF FF FF FF FF  
    141 0000EDEA FF FF FF FF FF FF FF  
    141 0000EDF1 FF FF FF FF FF FF FF  
    141 0000EDF8 FF FF FF FF FF FF FF  
    141 0000EDFF FF FF FF FF FF FF FF  
    141 0000EE06 FF FF FF FF FF FF FF  
    141 0000EE0D FF FF FF FF FF FF FF  
    141 0000EE14 FF FF FF FF FF FF FF  
    141 0000EE1B FF FF FF FF FF FF FF  
    141 0000EE22 FF FF FF FF FF FF FF  
    141 0000EE29 FF FF FF FF FF FF FF  
    141 0000EE30 FF FF FF FF FF FF FF  
    141 0000EE37 FF FF FF FF FF FF FF  
    141 0000EE3E FF FF FF FF FF FF FF  
    141 0000EE45 FF FF FF FF FF FF FF  
    141 0000EE4C FF FF FF FF FF FF FF  
    141 0000EE53 FF FF FF FF FF FF FF  
    141 0000EE5A FF FF FF FF FF FF FF  
    141 0000EE61 FF FF FF FF FF FF FF  
    141 0000EE68 FF FF FF FF FF FF FF  
    141 0000EE6F FF FF FF FF FF FF FF  
    141 0000EE76 FF FF FF FF FF FF FF  
    141 0000EE7D FF FF FF FF FF FF FF  
    141 0000EE84 FF FF FF FF FF FF FF  
    141 0000EE8B FF FF FF FF FF FF FF  
    141 0000EE92 FF FF FF FF FF FF FF  
    141 0000EE99 FF FF FF FF FF FF FF  
    141 0000EEA0 FF FF FF FF FF FF FF  
    141 0000EEA7 FF FF FF FF FF FF FF  
    141 0000EEAE FF FF FF FF FF FF FF  
    141 0000EEB5 FF FF FF FF FF FF FF  
    141 0000EEBC FF FF FF FF FF FF FF  
    141 0000EEC3 FF FF FF FF FF FF FF  
    141 0000EECA FF FF FF FF FF FF FF  
    141 0000EED1 FF FF FF FF FF FF FF  
Bird Computer Butterfly assembler   version 1.0.2   Sun Jun 11 15:59:14 2017     Page 12
noc_boot.asm
    141 0000EED8 FF FF FF FF FF FF FF  
    141 0000EEDF FF FF FF FF FF FF FF  
    141 0000EEE6 FF FF FF FF FF FF FF  
    141 0000EEED FF FF FF FF FF FF FF  
    141 0000EEF4 FF FF FF FF FF FF FF  
    141 0000EEFB FF FF FF FF FF FF FF  
    141 0000EF02 FF FF FF FF FF FF FF  
    141 0000EF09 FF FF FF FF FF FF FF  
    141 0000EF10 FF FF FF FF FF FF FF  
    141 0000EF17 FF FF FF FF FF FF FF  
    141 0000EF1E FF FF FF FF FF FF FF  
    141 0000EF25 FF FF FF FF FF FF FF  
    141 0000EF2C FF FF FF FF FF FF FF  
    141 0000EF33 FF FF FF FF FF FF FF  
    141 0000EF3A FF FF FF FF FF FF FF  
    141 0000EF41 FF FF FF FF FF FF FF  
    141 0000EF48 FF FF FF FF FF FF FF  
    141 0000EF4F FF FF FF FF FF FF FF  
    141 0000EF56 FF FF FF FF FF FF FF  
    141 0000EF5D FF FF FF FF FF FF FF  
    141 0000EF64 FF FF FF FF FF FF FF  
    141 0000EF6B FF FF FF FF FF FF FF  
    141 0000EF72 FF FF FF FF FF FF FF  
    141 0000EF79 FF FF FF FF FF FF FF  
    141 0000EF80 FF FF FF FF FF FF FF  
    141 0000EF87 FF FF FF FF FF FF FF  
    141 0000EF8E FF FF FF FF FF FF FF  
    141 0000EF95 FF FF FF FF FF FF FF  
    141 0000EF9C FF FF FF FF FF FF FF  
    141 0000EFA3 FF FF FF FF FF FF FF  
    141 0000EFAA FF FF FF FF FF FF FF  
    141 0000EFB1 FF FF FF FF FF FF FF  
    141 0000EFB8 FF FF FF FF FF FF FF  
    141 0000EFBF FF FF FF FF FF FF FF  
    141 0000EFC6 FF FF FF FF FF FF FF  
    141 0000EFCD FF FF FF FF FF FF FF  
    141 0000EFD4 FF FF FF FF FF FF FF  
    141 0000EFDB FF FF FF FF FF FF FF  
    141 0000EFE2 FF FF FF FF FF FF FF  
    141 0000EFE9 FF FF FF FF FF FF FF  
    141 0000EFF0 FF FF FF FF FF FF FF  
    141 0000EFF7 FF FF FF FF FF FF FF  
    141 0000EFFE FF FF FF FF FF FF FF  
    141 0000F005 FF FF FF FF FF FF FF  
    141 0000F00C FF FF FF FF FF FF FF  
    141 0000F013 FF FF FF FF FF FF FF  
    141 0000F01A FF FF FF FF FF FF FF  
    141 0000F021 FF FF FF FF FF FF FF  
    141 0000F028 FF FF FF FF FF FF FF  
    141 0000F02F FF FF FF FF FF FF FF  
    141 0000F036 FF FF FF FF FF FF FF  
    141 0000F03D FF FF FF FF FF FF FF  
    141 0000F044 FF FF FF FF FF FF FF  
    141 0000F04B FF FF FF FF FF FF FF  
    141 0000F052 FF FF FF FF FF FF FF  
    141 0000F059 FF FF FF FF FF FF FF  
    141 0000F060 FF FF FF FF FF FF FF  
    141 0000F067 FF FF FF FF FF FF FF  
    141 0000F06E FF FF FF FF FF FF FF  
    141 0000F075 FF FF FF FF FF FF FF  
Bird Computer Butterfly assembler   version 1.0.2   Sun Jun 11 15:59:14 2017     Page 13
noc_boot.asm
    141 0000F07C FF FF FF FF FF FF FF  
    141 0000F083 FF FF FF FF FF FF FF  
    141 0000F08A FF FF FF FF FF FF FF  
    141 0000F091 FF FF FF FF FF FF FF  
    141 0000F098 FF FF FF FF FF FF FF  
    141 0000F09F FF FF FF FF FF FF FF  
    141 0000F0A6 FF FF FF FF FF FF FF  
    141 0000F0AD FF FF FF FF FF FF FF  
    141 0000F0B4 FF FF FF FF FF FF FF  
    141 0000F0BB FF FF FF FF FF FF FF  
    141 0000F0C2 FF FF FF FF FF FF FF  
    141 0000F0C9 FF FF FF FF FF FF FF  
    141 0000F0D0 FF FF FF FF FF FF FF  
    141 0000F0D7 FF FF FF FF FF FF FF  
    141 0000F0DE FF FF FF FF FF FF FF  
    141 0000F0E5 FF FF FF FF FF FF FF  
    141 0000F0EC FF FF FF FF FF FF FF  
    141 0000F0F3 FF FF FF FF FF FF FF  
    141 0000F0FA FF FF FF FF FF FF FF  
    141 0000F101 FF FF FF FF FF FF FF  
    141 0000F108 FF FF FF FF FF FF FF  
    141 0000F10F FF FF FF FF FF FF FF  
    141 0000F116 FF FF FF FF FF FF FF  
    141 0000F11D FF FF FF FF FF FF FF  
    141 0000F124 FF FF FF FF FF FF FF  
    141 0000F12B FF FF FF FF FF FF FF  
    141 0000F132 FF FF FF FF FF FF FF  
    141 0000F139 FF FF FF FF FF FF FF  
    141 0000F140 FF FF FF FF FF FF FF  
    141 0000F147 FF FF FF FF FF FF FF  
    141 0000F14E FF FF FF FF FF FF FF  
    141 0000F155 FF FF FF FF FF FF FF  
    141 0000F15C FF FF FF FF FF FF FF  
    141 0000F163 FF FF FF FF FF FF FF  
    141 0000F16A FF FF FF FF FF FF FF  
    141 0000F171 FF FF FF FF FF FF FF  
    141 0000F178 FF FF FF FF FF FF FF  
    141 0000F17F FF FF FF FF FF FF FF  
    141 0000F186 FF FF FF FF FF FF FF  
    141 0000F18D FF FF FF FF FF FF FF  
    141 0000F194 FF FF FF FF FF FF FF  
    141 0000F19B FF FF FF FF FF FF FF  
    141 0000F1A2 FF FF FF FF FF FF FF  
    141 0000F1A9 FF FF FF FF FF FF FF  
    141 0000F1B0 FF FF FF FF FF FF FF  
    141 0000F1B7 FF FF FF FF FF FF FF  
    141 0000F1BE FF FF FF FF FF FF FF  
    141 0000F1C5 FF FF FF FF FF FF FF  
    141 0000F1CC FF FF FF FF FF FF FF  
    141 0000F1D3 FF FF FF FF FF FF FF  
    141 0000F1DA FF FF FF FF FF FF FF  
    141 0000F1E1 FF FF FF FF FF FF FF  
    141 0000F1E8 FF FF FF FF FF FF FF  
    141 0000F1EF FF FF FF FF FF FF FF  
    141 0000F1F6 FF FF FF FF FF FF FF  
    141 0000F1FD FF FF FF FF FF FF FF  
    141 0000F204 FF FF FF FF FF FF FF  
    141 0000F20B FF FF FF FF FF FF FF  
    141 0000F212 FF FF FF FF FF FF FF  
    141 0000F219 FF FF FF FF FF FF FF  
Bird Computer Butterfly assembler   version 1.0.2   Sun Jun 11 15:59:14 2017     Page 14
noc_boot.asm
    141 0000F220 FF FF FF FF FF FF FF  
    141 0000F227 FF FF FF FF FF FF FF  
    141 0000F22E FF FF FF FF FF FF FF  
    141 0000F235 FF FF FF FF FF FF FF  
    141 0000F23C FF FF FF FF FF FF FF  
    141 0000F243 FF FF FF FF FF FF FF  
    141 0000F24A FF FF FF FF FF FF FF  
    141 0000F251 FF FF FF FF FF FF FF  
    141 0000F258 FF FF FF FF FF FF FF  
    141 0000F25F FF FF FF FF FF FF FF  
    141 0000F266 FF FF FF FF FF FF FF  
    141 0000F26D FF FF FF FF FF FF FF  
    141 0000F274 FF FF FF FF FF FF FF  
    141 0000F27B FF FF FF FF FF FF FF  
    141 0000F282 FF FF FF FF FF FF FF  
    141 0000F289 FF FF FF FF FF FF FF  
    141 0000F290 FF FF FF FF FF FF FF  
    141 0000F297 FF FF FF FF FF FF FF  
    141 0000F29E FF FF FF FF FF FF FF  
    141 0000F2A5 FF FF FF FF FF FF FF  
    141 0000F2AC FF FF FF FF FF FF FF  
    141 0000F2B3 FF FF FF FF FF FF FF  
    141 0000F2BA FF FF FF FF FF FF FF  
    141 0000F2C1 FF FF FF FF FF FF FF  
    141 0000F2C8 FF FF FF FF FF FF FF  
    141 0000F2CF FF FF FF FF FF FF FF  
    141 0000F2D6 FF FF FF FF FF FF FF  
    141 0000F2DD FF FF FF FF FF FF FF  
    141 0000F2E4 FF FF FF FF FF FF FF  
    141 0000F2EB FF FF FF FF FF FF FF  
    141 0000F2F2 FF FF FF FF FF FF FF  
    141 0000F2F9 FF FF FF FF FF FF FF  
    141 0000F300 FF FF FF FF FF FF FF  
    141 0000F307 FF FF FF FF FF FF FF  
    141 0000F30E FF FF FF FF FF FF FF  
    141 0000F315 FF FF FF FF FF FF FF  
    141 0000F31C FF FF FF FF FF FF FF  
    141 0000F323 FF FF FF FF FF FF FF  
    141 0000F32A FF FF FF FF FF FF FF  
    141 0000F331 FF FF FF FF FF FF FF  
    141 0000F338 FF FF FF FF FF FF FF  
    141 0000F33F FF FF FF FF FF FF FF  
    141 0000F346 FF FF FF FF FF FF FF  
    141 0000F34D FF FF FF FF FF FF FF  
    141 0000F354 FF FF FF FF FF FF FF  
    141 0000F35B FF FF FF FF FF FF FF  
    141 0000F362 FF FF FF FF FF FF FF  
    141 0000F369 FF FF FF FF FF FF FF  
    141 0000F370 FF FF FF FF FF FF FF  
    141 0000F377 FF FF FF FF FF FF FF  
    141 0000F37E FF FF FF FF FF FF FF  
    141 0000F385 FF FF FF FF FF FF FF  
    141 0000F38C FF FF FF FF FF FF FF  
    141 0000F393 FF FF FF FF FF FF FF  
    141 0000F39A FF FF FF FF FF FF FF  
    141 0000F3A1 FF FF FF FF FF FF FF  
    141 0000F3A8 FF FF FF FF FF FF FF  
    141 0000F3AF FF FF FF FF FF FF FF  
    141 0000F3B6 FF FF FF FF FF FF FF  
    141 0000F3BD FF FF FF FF FF FF FF  
Bird Computer Butterfly assembler   version 1.0.2   Sun Jun 11 15:59:14 2017     Page 15
noc_boot.asm
    141 0000F3C4 FF FF FF FF FF FF FF  
    141 0000F3CB FF FF FF FF FF FF FF  
    141 0000F3D2 FF FF FF FF FF FF FF  
    141 0000F3D9 FF FF FF FF FF FF FF  
    141 0000F3E0 FF FF FF FF FF FF FF  
    141 0000F3E7 FF FF FF FF FF FF FF  
    141 0000F3EE FF FF FF FF FF FF FF  
    141 0000F3F5 FF FF FF FF FF FF FF  
    141 0000F3FC FF FF FF FF FF FF FF  
    141 0000F403 FF FF FF FF FF FF FF  
    141 0000F40A FF FF FF FF FF FF FF  
    141 0000F411 FF FF FF FF FF FF FF  
    141 0000F418 FF FF FF FF FF FF FF  
    141 0000F41F FF FF FF FF FF FF FF  
    141 0000F426 FF FF FF FF FF FF FF  
    141 0000F42D FF FF FF FF FF FF FF  
    141 0000F434 FF FF FF FF FF FF FF  
    141 0000F43B FF FF FF FF FF FF FF  
    141 0000F442 FF FF FF FF FF FF FF  
    141 0000F449 FF FF FF FF FF FF FF  
    141 0000F450 FF FF FF FF FF FF FF  
    141 0000F457 FF FF FF FF FF FF FF  
    141 0000F45E FF FF FF FF FF FF FF  
    141 0000F465 FF FF FF FF FF FF FF  
    141 0000F46C FF FF FF FF FF FF FF  
    141 0000F473 FF FF FF FF FF FF FF  
    141 0000F47A FF FF FF FF FF FF FF  
    141 0000F481 FF FF FF FF FF FF FF  
    141 0000F488 FF FF FF FF FF FF FF  
    141 0000F48F FF FF FF FF FF FF FF  
    141 0000F496 FF FF FF FF FF FF FF  
    141 0000F49D FF FF FF FF FF FF FF  
    141 0000F4A4 FF FF FF FF FF FF FF  
    141 0000F4AB FF FF FF FF FF FF FF  
    141 0000F4B2 FF FF FF FF FF FF FF  
    141 0000F4B9 FF FF FF FF FF FF FF  
    141 0000F4C0 FF FF FF FF FF FF FF  
    141 0000F4C7 FF FF FF FF FF FF FF  
    141 0000F4CE FF FF FF FF FF FF FF  
    141 0000F4D5 FF FF FF FF FF FF FF  
    141 0000F4DC FF FF FF FF FF FF FF  
    141 0000F4E3 FF FF FF FF FF FF FF  
    141 0000F4EA FF FF FF FF FF FF FF  
    141 0000F4F1 FF FF FF FF FF FF FF  
    141 0000F4F8 FF FF FF FF FF FF FF  
    141 0000F4FF FF FF FF FF FF FF FF  
    141 0000F506 FF FF FF FF FF FF FF  
    141 0000F50D FF FF FF FF FF FF FF  
    141 0000F514 FF FF FF FF FF FF FF  
    141 0000F51B FF FF FF FF FF FF FF  
    141 0000F522 FF FF FF FF FF FF FF  
    141 0000F529 FF FF FF FF FF FF FF  
    141 0000F530 FF FF FF FF FF FF FF  
    141 0000F537 FF FF FF FF FF FF FF  
    141 0000F53E FF FF FF FF FF FF FF  
    141 0000F545 FF FF FF FF FF FF FF  
    141 0000F54C FF FF FF FF FF FF FF  
    141 0000F553 FF FF FF FF FF FF FF  
    141 0000F55A FF FF FF FF FF FF FF  
    141 0000F561 FF FF FF FF FF FF FF  
Bird Computer Butterfly assembler   version 1.0.2   Sun Jun 11 15:59:14 2017     Page 16
noc_boot.asm
    141 0000F568 FF FF FF FF FF FF FF  
    141 0000F56F FF FF FF FF FF FF FF  
    141 0000F576 FF FF FF FF FF FF FF  
    141 0000F57D FF FF FF FF FF FF FF  
    141 0000F584 FF FF FF FF FF FF FF  
    141 0000F58B FF FF FF FF FF FF FF  
    141 0000F592 FF FF FF FF FF FF FF  
    141 0000F599 FF FF FF FF FF FF FF  
    141 0000F5A0 FF FF FF FF FF FF FF  
    141 0000F5A7 FF FF FF FF FF FF FF  
    141 0000F5AE FF FF FF FF FF FF FF  
    141 0000F5B5 FF FF FF FF FF FF FF  
    141 0000F5BC FF FF FF FF FF FF FF  
    141 0000F5C3 FF FF FF FF FF FF FF  
    141 0000F5CA FF FF FF FF FF FF FF  
    141 0000F5D1 FF FF FF FF FF FF FF  
    141 0000F5D8 FF FF FF FF FF FF FF  
    141 0000F5DF FF FF FF FF FF FF FF  
    141 0000F5E6 FF FF FF FF FF FF FF  
    141 0000F5ED FF FF FF FF FF FF FF  
    141 0000F5F4 FF FF FF FF FF FF FF  
    141 0000F5FB FF FF FF FF FF FF FF  
    141 0000F602 FF FF FF FF FF FF FF  
    141 0000F609 FF FF FF FF FF FF FF  
    141 0000F610 FF FF FF FF FF FF FF  
    141 0000F617 FF FF FF FF FF FF FF  
    141 0000F61E FF FF FF FF FF FF FF  
    141 0000F625 FF FF FF FF FF FF FF  
    141 0000F62C FF FF FF FF FF FF FF  
    141 0000F633 FF FF FF FF FF FF FF  
    141 0000F63A FF FF FF FF FF FF FF  
    141 0000F641 FF FF FF FF FF FF FF  
    141 0000F648 FF FF FF FF FF FF FF  
    141 0000F64F FF FF FF FF FF FF FF  
    141 0000F656 FF FF FF FF FF FF FF  
    141 0000F65D FF FF FF FF FF FF FF  
    141 0000F664 FF FF FF FF FF FF FF  
    141 0000F66B FF FF FF FF FF FF FF  
    141 0000F672 FF FF FF FF FF FF FF  
    141 0000F679 FF FF FF FF FF FF FF  
    141 0000F680 FF FF FF FF FF FF FF  
    141 0000F687 FF FF FF FF FF FF FF  
    141 0000F68E FF FF FF FF FF FF FF  
    141 0000F695 FF FF FF FF FF FF FF  
    141 0000F69C FF FF FF FF FF FF FF  
    141 0000F6A3 FF FF FF FF FF FF FF  
    141 0000F6AA FF FF FF FF FF FF FF  
    141 0000F6B1 FF FF FF FF FF FF FF  
    141 0000F6B8 FF FF FF FF FF FF FF  
    141 0000F6BF FF FF FF FF FF FF FF  
    141 0000F6C6 FF FF FF FF FF FF FF  
    141 0000F6CD FF FF FF FF FF FF FF  
    141 0000F6D4 FF FF FF FF FF FF FF  
    141 0000F6DB FF FF FF FF FF FF FF  
    141 0000F6E2 FF FF FF FF FF FF FF  
    141 0000F6E9 FF FF FF FF FF FF FF  
    141 0000F6F0 FF FF FF FF FF FF FF  
    141 0000F6F7 FF FF FF FF FF FF FF  
    141 0000F6FE FF FF FF FF FF FF FF  
    141 0000F705 FF FF FF FF FF FF FF  
Bird Computer Butterfly assembler   version 1.0.2   Sun Jun 11 15:59:14 2017     Page 17
noc_boot.asm
    141 0000F70C FF FF FF FF FF FF FF  
    141 0000F713 FF FF FF FF FF FF FF  
    141 0000F71A FF FF FF FF FF FF FF  
    141 0000F721 FF FF FF FF FF FF FF  
    141 0000F728 FF FF FF FF FF FF FF  
    141 0000F72F FF FF FF FF FF FF FF  
    141 0000F736 FF FF FF FF FF FF FF  
    141 0000F73D FF FF FF FF FF FF FF  
    141 0000F744 FF FF FF FF FF FF FF  
    141 0000F74B FF FF FF FF FF FF FF  
    141 0000F752 FF FF FF FF FF FF FF  
    141 0000F759 FF FF FF FF FF FF FF  
    141 0000F760 FF FF FF FF FF FF FF  
    141 0000F767 FF FF FF FF FF FF FF  
    141 0000F76E FF FF FF FF FF FF FF  
    141 0000F775 FF FF FF FF FF FF FF  
    141 0000F77C FF FF FF FF FF FF FF  
    141 0000F783 FF FF FF FF FF FF FF  
    141 0000F78A FF FF FF FF FF FF FF  
    141 0000F791 FF FF FF FF FF FF FF  
    141 0000F798 FF FF FF FF FF FF FF  
    141 0000F79F FF FF FF FF FF FF FF  
    141 0000F7A6 FF FF FF FF FF FF FF  
    141 0000F7AD FF FF FF FF FF FF FF  
    141 0000F7B4 FF FF FF FF FF FF FF  
    141 0000F7BB FF FF FF FF FF FF FF  
    141 0000F7C2 FF FF FF FF FF FF FF  
    141 0000F7C9 FF FF FF FF FF FF FF  
    141 0000F7D0 FF FF FF FF FF FF FF  
    141 0000F7D7 FF FF FF FF FF FF FF  
    141 0000F7DE FF FF FF FF FF FF FF  
    141 0000F7E5 FF FF FF FF FF FF FF  
    141 0000F7EC FF FF FF FF FF FF FF  
    141 0000F7F3 FF FF FF FF FF FF FF  
    141 0000F7FA FF FF FF FF FF FF FF  
    141 0000F801 FF FF FF FF FF FF FF  
    141 0000F808 FF FF FF FF FF FF FF  
    141 0000F80F FF FF FF FF FF FF FF  
    141 0000F816 FF FF FF FF FF FF FF  
    141 0000F81D FF FF FF FF FF FF FF  
    141 0000F824 FF FF FF FF FF FF FF  
    141 0000F82B FF FF FF FF FF FF FF  
    141 0000F832 FF FF FF FF FF FF FF  
    141 0000F839 FF FF FF FF FF FF FF  
    141 0000F840 FF FF FF FF FF FF FF  
    141 0000F847 FF FF FF FF FF FF FF  
    141 0000F84E FF FF FF FF FF FF FF  
    141 0000F855 FF FF FF FF FF FF FF  
    141 0000F85C FF FF FF FF FF FF FF  
    141 0000F863 FF FF FF FF FF FF FF  
    141 0000F86A FF FF FF FF FF FF FF  
    141 0000F871 FF FF FF FF FF FF FF  
    141 0000F878 FF FF FF FF FF FF FF  
    141 0000F87F FF FF FF FF FF FF FF  
    141 0000F886 FF FF FF FF FF FF FF  
    141 0000F88D FF FF FF FF FF FF FF  
    141 0000F894 FF FF FF FF FF FF FF  
    141 0000F89B FF FF FF FF FF FF FF  
    141 0000F8A2 FF FF FF FF FF FF FF  
    141 0000F8A9 FF FF FF FF FF FF FF  
Bird Computer Butterfly assembler   version 1.0.2   Sun Jun 11 15:59:14 2017     Page 18
noc_boot.asm
    141 0000F8B0 FF FF FF FF FF FF FF  
    141 0000F8B7 FF FF FF FF FF FF FF  
    141 0000F8BE FF FF FF FF FF FF FF  
    141 0000F8C5 FF FF FF FF FF FF FF  
    141 0000F8CC FF FF FF FF FF FF FF  
    141 0000F8D3 FF FF FF FF FF FF FF  
    141 0000F8DA FF FF FF FF FF FF FF  
    141 0000F8E1 FF FF FF FF FF FF FF  
    141 0000F8E8 FF FF FF FF FF FF FF  
    141 0000F8EF FF FF FF FF FF FF FF  
    141 0000F8F6 FF FF FF FF FF FF FF  
    141 0000F8FD FF FF FF FF FF FF FF  
    141 0000F904 FF FF FF FF FF FF FF  
    141 0000F90B FF FF FF FF FF FF FF  
    141 0000F912 FF FF FF FF FF FF FF  
    141 0000F919 FF FF FF FF FF FF FF  
    141 0000F920 FF FF FF FF FF FF FF  
    141 0000F927 FF FF FF FF FF FF FF  
    141 0000F92E FF FF FF FF FF FF FF  
    141 0000F935 FF FF FF FF FF FF FF  
    141 0000F93C FF FF FF FF FF FF FF  
    141 0000F943 FF FF FF FF FF FF FF  
    141 0000F94A FF FF FF FF FF FF FF  
    141 0000F951 FF FF FF FF FF FF FF  
    141 0000F958 FF FF FF FF FF FF FF  
    141 0000F95F FF FF FF FF FF FF FF  
    141 0000F966 FF FF FF FF FF FF FF  
    141 0000F96D FF FF FF FF FF FF FF  
    141 0000F974 FF FF FF FF FF FF FF  
    141 0000F97B FF FF FF FF FF FF FF  
    141 0000F982 FF FF FF FF FF FF FF  
    141 0000F989 FF FF FF FF FF FF FF  
    141 0000F990 FF FF FF FF FF FF FF  
    141 0000F997 FF FF FF FF FF FF FF  
    141 0000F99E FF FF FF FF FF FF FF  
    141 0000F9A5 FF FF FF FF FF FF FF  
    141 0000F9AC FF FF FF FF FF FF FF  
    141 0000F9B3 FF FF FF FF FF FF FF  
    141 0000F9BA FF FF FF FF FF FF FF  
    141 0000F9C1 FF FF FF FF FF FF FF  
    141 0000F9C8 FF FF FF FF FF FF FF  
    141 0000F9CF FF FF FF FF FF FF FF  
    141 0000F9D6 FF FF FF FF FF FF FF  
    141 0000F9DD FF FF FF FF FF FF FF  
    141 0000F9E4 FF FF FF FF FF FF FF  
    141 0000F9EB FF FF FF FF FF FF FF  
    141 0000F9F2 FF FF FF FF FF FF FF  
    141 0000F9F9 FF FF FF FF FF FF FF  
    141 0000FA00 FF FF FF FF FF FF FF  
    141 0000FA07 FF FF FF FF FF FF FF  
    141 0000FA0E FF FF FF FF FF FF FF  
    141 0000FA15 FF FF FF FF FF FF FF  
    141 0000FA1C FF FF FF FF FF FF FF  
    141 0000FA23 FF FF FF FF FF FF FF  
    141 0000FA2A FF FF FF FF FF FF FF  
    141 0000FA31 FF FF FF FF FF FF FF  
    141 0000FA38 FF FF FF FF FF FF FF  
    141 0000FA3F FF FF FF FF FF FF FF  
    141 0000FA46 FF FF FF FF FF FF FF  
    141 0000FA4D FF FF FF FF FF FF FF  
Bird Computer Butterfly assembler   version 1.0.2   Sun Jun 11 15:59:14 2017     Page 19
noc_boot.asm
    141 0000FA54 FF FF FF FF FF FF FF  
    141 0000FA5B FF FF FF FF FF FF FF  
    141 0000FA62 FF FF FF FF FF FF FF  
    141 0000FA69 FF FF FF FF FF FF FF  
    141 0000FA70 FF FF FF FF FF FF FF  
    141 0000FA77 FF FF FF FF FF FF FF  
    141 0000FA7E FF FF FF FF FF FF FF  
    141 0000FA85 FF FF FF FF FF FF FF  
    141 0000FA8C FF FF FF FF FF FF FF  
    141 0000FA93 FF FF FF FF FF FF FF  
    141 0000FA9A FF FF FF FF FF FF FF  
    141 0000FAA1 FF FF FF FF FF FF FF  
    141 0000FAA8 FF FF FF FF FF FF FF  
    141 0000FAAF FF FF FF FF FF FF FF  
    141 0000FAB6 FF FF FF FF FF FF FF  
    141 0000FABD FF FF FF FF FF FF FF  
    141 0000FAC4 FF FF FF FF FF FF FF  
    141 0000FACB FF FF FF FF FF FF FF  
    141 0000FAD2 FF FF FF FF FF FF FF  
    141 0000FAD9 FF FF FF FF FF FF FF  
    141 0000FAE0 FF FF FF FF FF FF FF  
    141 0000FAE7 FF FF FF FF FF FF FF  
    141 0000FAEE FF FF FF FF FF FF FF  
    141 0000FAF5 FF FF FF FF FF FF FF  
    141 0000FAFC FF FF FF FF FF FF FF  
    141 0000FB03 FF FF FF FF FF FF FF  
    141 0000FB0A FF FF FF FF FF FF FF  
    141 0000FB11 FF FF FF FF FF FF FF  
    141 0000FB18 FF FF FF FF FF FF FF  
    141 0000FB1F FF FF FF FF FF FF FF  
    141 0000FB26 FF FF FF FF FF FF FF  
    141 0000FB2D FF FF FF FF FF FF FF  
    141 0000FB34 FF FF FF FF FF FF FF  
    141 0000FB3B FF FF FF FF FF FF FF  
    141 0000FB42 FF FF FF FF FF FF FF  
    141 0000FB49 FF FF FF FF FF FF FF  
    141 0000FB50 FF FF FF FF FF FF FF  
    141 0000FB57 FF FF FF FF FF FF FF  
    141 0000FB5E FF FF FF FF FF FF FF  
    141 0000FB65 FF FF FF FF FF FF FF  
    141 0000FB6C FF FF FF FF FF FF FF  
    141 0000FB73 FF FF FF FF FF FF FF  
    141 0000FB7A FF FF FF FF FF FF FF  
    141 0000FB81 FF FF FF FF FF FF FF  
    141 0000FB88 FF FF FF FF FF FF FF  
    141 0000FB8F FF FF FF FF FF FF FF  
    141 0000FB96 FF FF FF FF FF FF FF  
    141 0000FB9D FF FF FF FF FF FF FF  
    141 0000FBA4 FF FF FF FF FF FF FF  
    141 0000FBAB FF FF FF FF FF FF FF  
    141 0000FBB2 FF FF FF FF FF FF FF  
    141 0000FBB9 FF FF FF FF FF FF FF  
    141 0000FBC0 FF FF FF FF FF FF FF  
    141 0000FBC7 FF FF FF FF FF FF FF  
    141 0000FBCE FF FF FF FF FF FF FF  
    141 0000FBD5 FF FF FF FF FF FF FF  
    141 0000FBDC FF FF FF FF FF FF FF  
    141 0000FBE3 FF FF FF FF FF FF FF  
    141 0000FBEA FF FF FF FF FF FF FF  
    141 0000FBF1 FF FF FF FF FF FF FF  
Bird Computer Butterfly assembler   version 1.0.2   Sun Jun 11 15:59:14 2017     Page 20
noc_boot.asm
    141 0000FBF8 FF FF FF FF FF FF FF  
    141 0000FBFF FF FF FF FF FF FF FF  
    141 0000FC06 FF FF FF FF FF FF FF  
    141 0000FC0D FF FF FF FF FF FF FF  
    141 0000FC14 FF FF FF FF FF FF FF  
    141 0000FC1B FF FF FF FF FF FF FF  
    141 0000FC22 FF FF FF FF FF FF FF  
    141 0000FC29 FF FF FF FF FF FF FF  
    141 0000FC30 FF FF FF FF FF FF FF  
    141 0000FC37 FF FF FF FF FF FF FF  
    141 0000FC3E FF FF FF FF FF FF FF  
    141 0000FC45 FF FF FF FF FF FF FF  
    141 0000FC4C FF FF FF FF FF FF FF  
    141 0000FC53 FF FF FF FF FF FF FF  
    141 0000FC5A FF FF FF FF FF FF FF  
    141 0000FC61 FF FF FF FF FF FF FF  
    141 0000FC68 FF FF FF FF FF FF FF  
    141 0000FC6F FF FF FF FF FF FF FF  
    141 0000FC76 FF FF FF FF FF FF FF  
    141 0000FC7D FF FF FF FF FF FF FF  
    141 0000FC84 FF FF FF FF FF FF FF  
    141 0000FC8B FF FF FF FF FF FF FF  
    141 0000FC92 FF FF FF FF FF FF FF  
    141 0000FC99 FF FF FF FF FF FF FF  
    141 0000FCA0 FF FF FF FF FF FF FF  
    141 0000FCA7 FF FF FF FF FF FF FF  
    141 0000FCAE FF FF FF FF FF FF FF  
    141 0000FCB5 FF FF FF FF FF FF FF  
    141 0000FCBC FF FF FF FF FF FF FF  
    141 0000FCC3 FF FF FF FF FF FF FF  
    141 0000FCCA FF FF FF FF FF FF FF  
    141 0000FCD1 FF FF FF FF FF FF FF  
    141 0000FCD8 FF FF FF FF FF FF FF  
    141 0000FCDF FF FF FF FF FF FF FF  
    141 0000FCE6 FF FF FF FF FF FF FF  
    141 0000FCED FF FF FF FF FF FF FF  
    141 0000FCF4 FF FF FF FF FF FF FF  
    141 0000FCFB FF FF FF FF FF FF FF  
    141 0000FD02 FF FF FF FF FF FF FF  
    141 0000FD09 FF FF FF FF FF FF FF  
    141 0000FD10 FF FF FF FF FF FF FF  
    141 0000FD17 FF FF FF FF FF FF FF  
    141 0000FD1E FF FF FF FF FF FF FF  
    141 0000FD25 FF FF FF FF FF FF FF  
    141 0000FD2C FF FF FF FF FF FF FF  
    141 0000FD33 FF FF FF FF FF FF FF  
    141 0000FD3A FF FF FF FF FF FF FF  
    141 0000FD41 FF FF FF FF FF FF FF  
    141 0000FD48 FF FF FF FF FF FF FF  
    141 0000FD4F FF FF FF FF FF FF FF  
    141 0000FD56 FF FF FF FF FF FF FF  
    141 0000FD5D FF FF FF FF FF FF FF  
    141 0000FD64 FF FF FF FF FF FF FF  
    141 0000FD6B FF FF FF FF FF FF FF  
    141 0000FD72 FF FF FF FF FF FF FF  
    141 0000FD79 FF FF FF FF FF FF FF  
    141 0000FD80 FF FF FF FF FF FF FF  
    141 0000FD87 FF FF FF FF FF FF FF  
    141 0000FD8E FF FF FF FF FF FF FF  
    141 0000FD95 FF FF FF FF FF FF FF  
Bird Computer Butterfly assembler   version 1.0.2   Sun Jun 11 15:59:14 2017     Page 21
noc_boot.asm
    141 0000FD9C FF FF FF FF FF FF FF  
    141 0000FDA3 FF FF FF FF FF FF FF  
    141 0000FDAA FF FF FF FF FF FF FF  
    141 0000FDB1 FF FF FF FF FF FF FF  
    141 0000FDB8 FF FF FF FF FF FF FF  
    141 0000FDBF FF FF FF FF FF FF FF  
    141 0000FDC6 FF FF FF FF FF FF FF  
    141 0000FDCD FF FF FF FF FF FF FF  
    141 0000FDD4 FF FF FF FF FF FF FF  
    141 0000FDDB FF FF FF FF FF FF FF  
    141 0000FDE2 FF FF FF FF FF FF FF  
    141 0000FDE9 FF FF FF FF FF FF FF  
    141 0000FDF0 FF FF FF FF FF FF FF  
    141 0000FDF7 FF FF FF FF FF FF FF  
    141 0000FDFE FF FF FF FF FF FF FF  
    141 0000FE05 FF FF FF FF FF FF FF  
    141 0000FE0C FF FF FF FF FF FF FF  
    141 0000FE13 FF FF FF FF FF FF FF  
    141 0000FE1A FF FF FF FF FF FF FF  
    141 0000FE21 FF FF FF FF FF FF FF  
    141 0000FE28 FF FF FF FF FF FF FF  
    141 0000FE2F FF FF FF FF FF FF FF  
    141 0000FE36 FF FF FF FF FF FF FF  
    141 0000FE3D FF FF FF FF FF FF FF  
    141 0000FE44 FF FF FF FF FF FF FF  
    141 0000FE4B FF FF FF FF FF FF FF  
    141 0000FE52 FF FF FF FF FF FF FF  
    141 0000FE59 FF FF FF FF FF FF FF  
    141 0000FE60 FF FF FF FF FF FF FF  
    141 0000FE67 FF FF FF FF FF FF FF  
    141 0000FE6E FF FF FF FF FF FF FF  
    141 0000FE75 FF FF FF FF FF FF FF  
    141 0000FE7C FF FF FF FF FF FF FF  
    141 0000FE83 FF FF FF FF FF FF FF  
    141 0000FE8A FF FF FF FF FF FF FF  
    141 0000FE91 FF FF FF FF FF FF FF  
    141 0000FE98 FF FF FF FF FF FF FF  
    141 0000FE9F FF FF FF FF FF FF FF  
    141 0000FEA6 FF FF FF FF FF FF FF  
    141 0000FEAD FF FF FF FF FF FF FF  
    141 0000FEB4 FF FF FF FF FF FF FF  
    141 0000FEBB FF FF FF FF FF FF FF  
    141 0000FEC2 FF FF FF FF FF FF FF  
    141 0000FEC9 FF FF FF FF FF FF FF  
    141 0000FED0 FF FF FF FF FF FF FF  
    141 0000FED7 FF FF FF FF FF FF FF  
    141 0000FEDE FF FF FF FF FF FF FF  
    141 0000FEE5 FF FF FF FF FF FF FF  
    141 0000FEEC FF FF FF FF FF FF FF  
    141 0000FEF3 FF FF FF FF FF FF FF  
    141 0000FEFA FF FF FF FF FF FF FF  
    141 0000FF01 FF FF FF FF FF FF FF  
    141 0000FF08 FF FF FF FF FF FF FF  
    141 0000FF0F FF FF FF FF FF FF FF  
    141 0000FF16 FF FF FF FF FF FF FF  
    141 0000FF1D FF FF FF FF FF FF FF  
    141 0000FF24 FF FF FF FF FF FF FF  
    141 0000FF2B FF FF FF FF FF FF FF  
    141 0000FF32 FF FF FF FF FF FF FF  
    141 0000FF39 FF FF FF FF FF FF FF  
Bird Computer Butterfly assembler   version 1.0.2   Sun Jun 11 15:59:14 2017     Page 22
noc_boot.asm
    141 0000FF40 FF FF FF FF FF FF FF  
    141 0000FF47 FF FF FF FF FF FF FF  
    141 0000FF4E FF FF FF FF FF FF FF  
    141 0000FF55 FF FF FF FF FF FF FF  
    141 0000FF5C FF FF FF FF FF FF FF  
    141 0000FF63 FF FF FF FF FF FF FF  
    141 0000FF6A FF FF FF FF FF FF FF  
    141 0000FF71 FF FF FF FF FF FF FF  
    141 0000FF78 FF FF FF FF FF FF FF  
    141 0000FF7F FF FF FF FF FF FF FF  
    141 0000FF86 FF FF FF FF FF FF FF  
    141 0000FF8D FF FF FF FF FF FF FF  
    141 0000FF94 FF FF FF FF FF FF FF  
    141 0000FF9B FF FF FF FF FF FF FF  
    141 0000FFA2 FF FF FF FF FF FF FF  
    141 0000FFA9 FF FF FF FF FF FF FF  
    141 0000FFB0 FF FF FF FF FF FF FF  
    141 0000FFB7 FF FF FF FF FF FF FF  
    141 0000FFBE FF FF FF FF FF FF FF  
    141 0000FFC5 FF FF FF FF FF FF FF  
    141 0000FFCC FF FF FF FF FF FF FF  
    141 0000FFD3 FF FF FF FF FF FF FF  
    141 0000FFDA FF FF FF FF FF FF FF  
    141 0000FFE1 FF FF FF FF FF FF FF  
    141 0000FFE8 FF FF FF FF FF FF FF  
    141 0000FFEF FF FF FF FF FF FF FF  
    141 0000FFF6 FF FF FF FF FF FF FF  
    141 0000FFFD FF                    
    142 0000FFFE 00 E0                   		dw		start
