Bird Computer Butterfly assembler   version 1.0.2   Tue Jun 13 03:21:13 2017     Page 1
noc_boot.asm

                                        ; ============================================================================
                                        ;        __
                                        ;   \\__/ o\    (C) 2017  Robert Finch, Waterloo
                                        ;    \  __ /    All rights reserved.
                                        ;     \/_//     robfinch<remove>@finitron.ca
                                        ;       ||
                                        ;  
                                        ;
                                        ; This source file is free software: you can redistribute it and/or modify 
                                        ; it under the terms of the GNU Lesser General Public License as published 
                                        ; by the Free Software Foundation, either version 3 of the License, or     
                                        ; (at your option) any later version.                                      
                                        ;                                                                          
                                        ; This source file is distributed in the hope that it will be useful,      
                                        ; but WITHOUT ANY WARRANTY; without even the implied warranty of           
                                        ; MERCHANTABILITY or FITNESS FOR A PARTICULAR PURPOSE.  See the            
                                        ; GNU General Public License for more details.                             
                                        ;                                                                          
                                        ; You should have received a copy of the GNU General Public License        
                                        ; along with this program.  If not, see <http://www.gnu.org/licenses/>.    
                                        ;                                    
                                        ;                                      
                                        ; This boot rom for an ordinary node.
                                        ; ============================================================================
                                        ;
     26 = 0D                            CR	= 13
     27 = 0A                            LF	= 10
     28 = 09                            CTRLH	equ		9
     29 = 20                            txBuf	equ		32
     30 = 30                            rxBuf	equ		48
                                        
     32 = 000000000000B000                              ROUTER		equ	$B000
     33 = 10                            RTR_RXSTAT	equ	$10
     34 = 12                            RTR_TXSTAT	equ	$12
                                        
     36 = 00                            ROUTER_TRB	equ	0
                                        
                                        		.code
                                        		cpu		Butterfly16
                                        		org		0xE000
     42 0000E000                        start:
     43 0000E000 FF 41 0E 1E             		lw		sp,#$1FFE
     44 0000E004                        noMsg1:
     45 0000E004 01 4B 00 E1             		lb		r1,ROUTER+RTR_RXSTAT
     46 0000E008 FD B8                   		beq		noMsg1
     47 0000E00A 24 AF                   		call	Recv
     48 0000E00C 2F AF                   		call	RecvDispatch
     49 0000E00E F8 BE                   		bra		start
     50 0000E010                        lockup:
     51 0000E010 FF BE                   		bra		lockup
                                        
                                        ;----------------------------------------------------------------------------
                                        ; Broadcast a reset message on the network.
                                        ;----------------------------------------------------------------------------
                                        
     57 0000E012                        broadcastReset:
     58 0000E012 FE 6E                   		add		sp,sp,#-2
     59 0000E014 E1 DF                   		sw		lr,[sp]
     60 0000E016 3F AF                   		call	zeroTxBuf
Bird Computer Butterfly assembler   version 1.0.2   Tue Jun 13 03:21:13 2017     Page 2
noc_boot.asm
     61 0000E018 0F 40 0F 11             		lw		r1,#$FF		; global broadcast address
     62 0000E01C 02 40 0F C1             		sb		r1,txBuf+15
     63 0000E020 01 40 01 11             		lw		r1,#$11		; source of message
     64 0000E024 02 40 0E C1             		sb		r1,txBuf+14
     65 0000E028 01 11                   		lw		r1,#1
     66 0000E02A 02 40 08 C1             		sb		r1,txBuf+8	; reset message
     67 0000E02E 03 AF                   		call	Xmit
     68 0000E030 E1 FF                   		lw		lr,[sp]
     69 0000E032 02 6E                   		add		sp,sp,#2
     70 0000E034 F0 80                   		ret
                                        
                                        ;----------------------------------------------------------------------------
                                        ; Transmit on the network.
                                        ;----------------------------------------------------------------------------
                                        
     76 0000E036                        Xmit:
                                        		; wait for transmit buffer to empty
     78 0000E036                        Xmit2:
     79 0000E036 01 4B 02 E1             		lb		r1,ROUTER+RTR_TXSTAT
     80 0000E03A FD B9                   		bne		Xmit2
     81 0000E03C 00 40 0F 12             		lw		r2,#15
     82 0000E040                        Xmit1:
     83 0000E040 02 40 20 E1             		lb		r1,txBuf[r2]
     84 0000E044 00 4B 20 C1             		sb		r1,ROUTER[r2]
     85 0000E048 FF 62                   		add		r2,r2,#-1
     86 0000E04A FA BB                   		bpl		Xmit1
                                        		; trigger a transmit
     88 0000E04C 01 11                   		lw		r1,#1
     89 0000E04E 01 4B 02 C2             		sb		r2,ROUTER+RTR_TXSTAT
     90 0000E052 F0 80                   		ret
                                        
                                        ;----------------------------------------------------------------------------
                                        ; Receive from network.
                                        ; Receive status must have already indicated a message present.
                                        ;----------------------------------------------------------------------------
                                        
     97 0000E054                        Recv:
     98 0000E054 01 11                   		lw		r1,#1
     99 0000E056 01 4B 00 C1             		sb		r1,ROUTER+RTR_RXSTAT	; pop the rx fifo
    100 0000E05A 00 40 0F 12             		lw		r2,#15
    101 0000E05E                        Recv1:
    102 0000E05E 00 4B 20 E1             		lb		r1,ROUTER[r2]			; copy message to local buffer
    103 0000E062 03 40 20 C1             		sb		r1,rxBuf[r2]
    104 0000E066 FF 62                   		add		r2,r2,#-1
    105 0000E068 FA BB                   		bpl		Recv1
    106 0000E06A F0 80                   		ret
                                        
                                        ;----------------------------------------------------------------------------
                                        ;----------------------------------------------------------------------------
                                        
    111 0000E06C                        RecvDispatch:
    112 0000E06C FE 6E                   		add		sp,sp,#-2
    113 0000E06E E1 DF                   		sw		lr,[sp]
    114 0000E070 03 40 08 E1             		lb		r1,rxBuf+8
    115 0000E074 1F 10                   		cmp		r1,#1
    116 0000E076 0C A9                   		bne		RecvDispatch2
    117 0000E078 0E AF                   		call	zeroTxBuf
    118 0000E07A E4 31                   		tsr		r1,ID
    119 0000E07C 02 40 0E C1             		sb		r1,txBuf+14
    120 0000E080 01 40 01 11             		lw		r1,#$11
Bird Computer Butterfly assembler   version 1.0.2   Tue Jun 13 03:21:13 2017     Page 3
noc_boot.asm
    121 0000E084 02 40 0F C1             		sb		r1,txBuf+15
    122 0000E088 02 11                   		lw		r1,#2
    123 0000E08A 02 40 08 C1             		sb		r1,txBuf+8
    124 0000E08E D3 BF                   		call	Xmit
    125 0000E090                        RecvDispatch2:
    126 0000E090 E1 FF                   		lw		lr,[sp]
    127 0000E092 02 6E                   		add		sp,sp,#2
    128 0000E094 F0 80                   		ret
                                        
                                        ;----------------------------------------------------------------------------
                                        ; Zero out the transmit buffer.
                                        ;----------------------------------------------------------------------------
                                        
    134 0000E096                        zeroTxBuf:
    135 0000E096 00 40 0F 12             		lw		r2,#15
    136 0000E09A                        zeroTxBuf1:
    137 0000E09A 02 40 20 C0             		sb		r0,txBuf[r2]
    138 0000E09E FF 62                   		sub		r2,r2,#1
    139 0000E0A0 FC BB                   		bpl		zeroTxBuf1
    140 0000E0A2 F0 80                   		ret
                                        
    142 0000E0A4 FF FF FF FF FF FF FF    		org		0xFFFE
    142 0000E0AB FF FF FF FF FF FF FF  
    142 0000E0B2 FF FF FF FF FF FF FF  
    142 0000E0B9 FF FF FF FF FF FF FF  
    142 0000E0C0 FF FF FF FF FF FF FF  
    142 0000E0C7 FF FF FF FF FF FF FF  
    142 0000E0CE FF FF FF FF FF FF FF  
    142 0000E0D5 FF FF FF FF FF FF FF  
    142 0000E0DC FF FF FF FF FF FF FF  
    142 0000E0E3 FF FF FF FF FF FF FF  
    142 0000E0EA FF FF FF FF FF FF FF  
    142 0000E0F1 FF FF FF FF FF FF FF  
    142 0000E0F8 FF FF FF FF FF FF FF  
    142 0000E0FF FF FF FF FF FF FF FF  
    142 0000E106 FF FF FF FF FF FF FF  
    142 0000E10D FF FF FF FF FF FF FF  
    142 0000E114 FF FF FF FF FF FF FF  
    142 0000E11B FF FF FF FF FF FF FF  
    142 0000E122 FF FF FF FF FF FF FF  
    142 0000E129 FF FF FF FF FF FF FF  
    142 0000E130 FF FF FF FF FF FF FF  
    142 0000E137 FF FF FF FF FF FF FF  
    142 0000E13E FF FF FF FF FF FF FF  
    142 0000E145 FF FF FF FF FF FF FF  
    142 0000E14C FF FF FF FF FF FF FF  
    142 0000E153 FF FF FF FF FF FF FF  
    142 0000E15A FF FF FF FF FF FF FF  
    142 0000E161 FF FF FF FF FF FF FF  
    142 0000E168 FF FF FF FF FF FF FF  
    142 0000E16F FF FF FF FF FF FF FF  
    142 0000E176 FF FF FF FF FF FF FF  
    142 0000E17D FF FF FF FF FF FF FF  
    142 0000E184 FF FF FF FF FF FF FF  
    142 0000E18B FF FF FF FF FF FF FF  
    142 0000E192 FF FF FF FF FF FF FF  
    142 0000E199 FF FF FF FF FF FF FF  
    142 0000E1A0 FF FF FF FF FF FF FF  
    142 0000E1A7 FF FF FF FF FF FF FF  
    142 0000E1AE FF FF FF FF FF FF FF  
Bird Computer Butterfly assembler   version 1.0.2   Tue Jun 13 03:21:13 2017     Page 4
noc_boot.asm
    142 0000E1B5 FF FF FF FF FF FF FF  
    142 0000E1BC FF FF FF FF FF FF FF  
    142 0000E1C3 FF FF FF FF FF FF FF  
    142 0000E1CA FF FF FF FF FF FF FF  
    142 0000E1D1 FF FF FF FF FF FF FF  
    142 0000E1D8 FF FF FF FF FF FF FF  
    142 0000E1DF FF FF FF FF FF FF FF  
    142 0000E1E6 FF FF FF FF FF FF FF  
    142 0000E1ED FF FF FF FF FF FF FF  
    142 0000E1F4 FF FF FF FF FF FF FF  
    142 0000E1FB FF FF FF FF FF FF FF  
    142 0000E202 FF FF FF FF FF FF FF  
    142 0000E209 FF FF FF FF FF FF FF  
    142 0000E210 FF FF FF FF FF FF FF  
    142 0000E217 FF FF FF FF FF FF FF  
    142 0000E21E FF FF FF FF FF FF FF  
    142 0000E225 FF FF FF FF FF FF FF  
    142 0000E22C FF FF FF FF FF FF FF  
    142 0000E233 FF FF FF FF FF FF FF  
    142 0000E23A FF FF FF FF FF FF FF  
    142 0000E241 FF FF FF FF FF FF FF  
    142 0000E248 FF FF FF FF FF FF FF  
    142 0000E24F FF FF FF FF FF FF FF  
    142 0000E256 FF FF FF FF FF FF FF  
    142 0000E25D FF FF FF FF FF FF FF  
    142 0000E264 FF FF FF FF FF FF FF  
    142 0000E26B FF FF FF FF FF FF FF  
    142 0000E272 FF FF FF FF FF FF FF  
    142 0000E279 FF FF FF FF FF FF FF  
    142 0000E280 FF FF FF FF FF FF FF  
    142 0000E287 FF FF FF FF FF FF FF  
    142 0000E28E FF FF FF FF FF FF FF  
    142 0000E295 FF FF FF FF FF FF FF  
    142 0000E29C FF FF FF FF FF FF FF  
    142 0000E2A3 FF FF FF FF FF FF FF  
    142 0000E2AA FF FF FF FF FF FF FF  
    142 0000E2B1 FF FF FF FF FF FF FF  
    142 0000E2B8 FF FF FF FF FF FF FF  
    142 0000E2BF FF FF FF FF FF FF FF  
    142 0000E2C6 FF FF FF FF FF FF FF  
    142 0000E2CD FF FF FF FF FF FF FF  
    142 0000E2D4 FF FF FF FF FF FF FF  
    142 0000E2DB FF FF FF FF FF FF FF  
    142 0000E2E2 FF FF FF FF FF FF FF  
    142 0000E2E9 FF FF FF FF FF FF FF  
    142 0000E2F0 FF FF FF FF FF FF FF  
    142 0000E2F7 FF FF FF FF FF FF FF  
    142 0000E2FE FF FF FF FF FF FF FF  
    142 0000E305 FF FF FF FF FF FF FF  
    142 0000E30C FF FF FF FF FF FF FF  
    142 0000E313 FF FF FF FF FF FF FF  
    142 0000E31A FF FF FF FF FF FF FF  
    142 0000E321 FF FF FF FF FF FF FF  
    142 0000E328 FF FF FF FF FF FF FF  
    142 0000E32F FF FF FF FF FF FF FF  
    142 0000E336 FF FF FF FF FF FF FF  
    142 0000E33D FF FF FF FF FF FF FF  
    142 0000E344 FF FF FF FF FF FF FF  
    142 0000E34B FF FF FF FF FF FF FF  
    142 0000E352 FF FF FF FF FF FF FF  
Bird Computer Butterfly assembler   version 1.0.2   Tue Jun 13 03:21:13 2017     Page 5
noc_boot.asm
    142 0000E359 FF FF FF FF FF FF FF  
    142 0000E360 FF FF FF FF FF FF FF  
    142 0000E367 FF FF FF FF FF FF FF  
    142 0000E36E FF FF FF FF FF FF FF  
    142 0000E375 FF FF FF FF FF FF FF  
    142 0000E37C FF FF FF FF FF FF FF  
    142 0000E383 FF FF FF FF FF FF FF  
    142 0000E38A FF FF FF FF FF FF FF  
    142 0000E391 FF FF FF FF FF FF FF  
    142 0000E398 FF FF FF FF FF FF FF  
    142 0000E39F FF FF FF FF FF FF FF  
    142 0000E3A6 FF FF FF FF FF FF FF  
    142 0000E3AD FF FF FF FF FF FF FF  
    142 0000E3B4 FF FF FF FF FF FF FF  
    142 0000E3BB FF FF FF FF FF FF FF  
    142 0000E3C2 FF FF FF FF FF FF FF  
    142 0000E3C9 FF FF FF FF FF FF FF  
    142 0000E3D0 FF FF FF FF FF FF FF  
    142 0000E3D7 FF FF FF FF FF FF FF  
    142 0000E3DE FF FF FF FF FF FF FF  
    142 0000E3E5 FF FF FF FF FF FF FF  
    142 0000E3EC FF FF FF FF FF FF FF  
    142 0000E3F3 FF FF FF FF FF FF FF  
    142 0000E3FA FF FF FF FF FF FF FF  
    142 0000E401 FF FF FF FF FF FF FF  
    142 0000E408 FF FF FF FF FF FF FF  
    142 0000E40F FF FF FF FF FF FF FF  
    142 0000E416 FF FF FF FF FF FF FF  
    142 0000E41D FF FF FF FF FF FF FF  
    142 0000E424 FF FF FF FF FF FF FF  
    142 0000E42B FF FF FF FF FF FF FF  
    142 0000E432 FF FF FF FF FF FF FF  
    142 0000E439 FF FF FF FF FF FF FF  
    142 0000E440 FF FF FF FF FF FF FF  
    142 0000E447 FF FF FF FF FF FF FF  
    142 0000E44E FF FF FF FF FF FF FF  
    142 0000E455 FF FF FF FF FF FF FF  
    142 0000E45C FF FF FF FF FF FF FF  
    142 0000E463 FF FF FF FF FF FF FF  
    142 0000E46A FF FF FF FF FF FF FF  
    142 0000E471 FF FF FF FF FF FF FF  
    142 0000E478 FF FF FF FF FF FF FF  
    142 0000E47F FF FF FF FF FF FF FF  
    142 0000E486 FF FF FF FF FF FF FF  
    142 0000E48D FF FF FF FF FF FF FF  
    142 0000E494 FF FF FF FF FF FF FF  
    142 0000E49B FF FF FF FF FF FF FF  
    142 0000E4A2 FF FF FF FF FF FF FF  
    142 0000E4A9 FF FF FF FF FF FF FF  
    142 0000E4B0 FF FF FF FF FF FF FF  
    142 0000E4B7 FF FF FF FF FF FF FF  
    142 0000E4BE FF FF FF FF FF FF FF  
    142 0000E4C5 FF FF FF FF FF FF FF  
    142 0000E4CC FF FF FF FF FF FF FF  
    142 0000E4D3 FF FF FF FF FF FF FF  
    142 0000E4DA FF FF FF FF FF FF FF  
    142 0000E4E1 FF FF FF FF FF FF FF  
    142 0000E4E8 FF FF FF FF FF FF FF  
    142 0000E4EF FF FF FF FF FF FF FF  
    142 0000E4F6 FF FF FF FF FF FF FF  
Bird Computer Butterfly assembler   version 1.0.2   Tue Jun 13 03:21:13 2017     Page 6
noc_boot.asm
    142 0000E4FD FF FF FF FF FF FF FF  
    142 0000E504 FF FF FF FF FF FF FF  
    142 0000E50B FF FF FF FF FF FF FF  
    142 0000E512 FF FF FF FF FF FF FF  
    142 0000E519 FF FF FF FF FF FF FF  
    142 0000E520 FF FF FF FF FF FF FF  
    142 0000E527 FF FF FF FF FF FF FF  
    142 0000E52E FF FF FF FF FF FF FF  
    142 0000E535 FF FF FF FF FF FF FF  
    142 0000E53C FF FF FF FF FF FF FF  
    142 0000E543 FF FF FF FF FF FF FF  
    142 0000E54A FF FF FF FF FF FF FF  
    142 0000E551 FF FF FF FF FF FF FF  
    142 0000E558 FF FF FF FF FF FF FF  
    142 0000E55F FF FF FF FF FF FF FF  
    142 0000E566 FF FF FF FF FF FF FF  
    142 0000E56D FF FF FF FF FF FF FF  
    142 0000E574 FF FF FF FF FF FF FF  
    142 0000E57B FF FF FF FF FF FF FF  
    142 0000E582 FF FF FF FF FF FF FF  
    142 0000E589 FF FF FF FF FF FF FF  
    142 0000E590 FF FF FF FF FF FF FF  
    142 0000E597 FF FF FF FF FF FF FF  
    142 0000E59E FF FF FF FF FF FF FF  
    142 0000E5A5 FF FF FF FF FF FF FF  
    142 0000E5AC FF FF FF FF FF FF FF  
    142 0000E5B3 FF FF FF FF FF FF FF  
    142 0000E5BA FF FF FF FF FF FF FF  
    142 0000E5C1 FF FF FF FF FF FF FF  
    142 0000E5C8 FF FF FF FF FF FF FF  
    142 0000E5CF FF FF FF FF FF FF FF  
    142 0000E5D6 FF FF FF FF FF FF FF  
    142 0000E5DD FF FF FF FF FF FF FF  
    142 0000E5E4 FF FF FF FF FF FF FF  
    142 0000E5EB FF FF FF FF FF FF FF  
    142 0000E5F2 FF FF FF FF FF FF FF  
    142 0000E5F9 FF FF FF FF FF FF FF  
    142 0000E600 FF FF FF FF FF FF FF  
    142 0000E607 FF FF FF FF FF FF FF  
    142 0000E60E FF FF FF FF FF FF FF  
    142 0000E615 FF FF FF FF FF FF FF  
    142 0000E61C FF FF FF FF FF FF FF  
    142 0000E623 FF FF FF FF FF FF FF  
    142 0000E62A FF FF FF FF FF FF FF  
    142 0000E631 FF FF FF FF FF FF FF  
    142 0000E638 FF FF FF FF FF FF FF  
    142 0000E63F FF FF FF FF FF FF FF  
    142 0000E646 FF FF FF FF FF FF FF  
    142 0000E64D FF FF FF FF FF FF FF  
    142 0000E654 FF FF FF FF FF FF FF  
    142 0000E65B FF FF FF FF FF FF FF  
    142 0000E662 FF FF FF FF FF FF FF  
    142 0000E669 FF FF FF FF FF FF FF  
    142 0000E670 FF FF FF FF FF FF FF  
    142 0000E677 FF FF FF FF FF FF FF  
    142 0000E67E FF FF FF FF FF FF FF  
    142 0000E685 FF FF FF FF FF FF FF  
    142 0000E68C FF FF FF FF FF FF FF  
    142 0000E693 FF FF FF FF FF FF FF  
    142 0000E69A FF FF FF FF FF FF FF  
Bird Computer Butterfly assembler   version 1.0.2   Tue Jun 13 03:21:13 2017     Page 7
noc_boot.asm
    142 0000E6A1 FF FF FF FF FF FF FF  
    142 0000E6A8 FF FF FF FF FF FF FF  
    142 0000E6AF FF FF FF FF FF FF FF  
    142 0000E6B6 FF FF FF FF FF FF FF  
    142 0000E6BD FF FF FF FF FF FF FF  
    142 0000E6C4 FF FF FF FF FF FF FF  
    142 0000E6CB FF FF FF FF FF FF FF  
    142 0000E6D2 FF FF FF FF FF FF FF  
    142 0000E6D9 FF FF FF FF FF FF FF  
    142 0000E6E0 FF FF FF FF FF FF FF  
    142 0000E6E7 FF FF FF FF FF FF FF  
    142 0000E6EE FF FF FF FF FF FF FF  
    142 0000E6F5 FF FF FF FF FF FF FF  
    142 0000E6FC FF FF FF FF FF FF FF  
    142 0000E703 FF FF FF FF FF FF FF  
    142 0000E70A FF FF FF FF FF FF FF  
    142 0000E711 FF FF FF FF FF FF FF  
    142 0000E718 FF FF FF FF FF FF FF  
    142 0000E71F FF FF FF FF FF FF FF  
    142 0000E726 FF FF FF FF FF FF FF  
    142 0000E72D FF FF FF FF FF FF FF  
    142 0000E734 FF FF FF FF FF FF FF  
    142 0000E73B FF FF FF FF FF FF FF  
    142 0000E742 FF FF FF FF FF FF FF  
    142 0000E749 FF FF FF FF FF FF FF  
    142 0000E750 FF FF FF FF FF FF FF  
    142 0000E757 FF FF FF FF FF FF FF  
    142 0000E75E FF FF FF FF FF FF FF  
    142 0000E765 FF FF FF FF FF FF FF  
    142 0000E76C FF FF FF FF FF FF FF  
    142 0000E773 FF FF FF FF FF FF FF  
    142 0000E77A FF FF FF FF FF FF FF  
    142 0000E781 FF FF FF FF FF FF FF  
    142 0000E788 FF FF FF FF FF FF FF  
    142 0000E78F FF FF FF FF FF FF FF  
    142 0000E796 FF FF FF FF FF FF FF  
    142 0000E79D FF FF FF FF FF FF FF  
    142 0000E7A4 FF FF FF FF FF FF FF  
    142 0000E7AB FF FF FF FF FF FF FF  
    142 0000E7B2 FF FF FF FF FF FF FF  
    142 0000E7B9 FF FF FF FF FF FF FF  
    142 0000E7C0 FF FF FF FF FF FF FF  
    142 0000E7C7 FF FF FF FF FF FF FF  
    142 0000E7CE FF FF FF FF FF FF FF  
    142 0000E7D5 FF FF FF FF FF FF FF  
    142 0000E7DC FF FF FF FF FF FF FF  
    142 0000E7E3 FF FF FF FF FF FF FF  
    142 0000E7EA FF FF FF FF FF FF FF  
    142 0000E7F1 FF FF FF FF FF FF FF  
    142 0000E7F8 FF FF FF FF FF FF FF  
    142 0000E7FF FF FF FF FF FF FF FF  
    142 0000E806 FF FF FF FF FF FF FF  
    142 0000E80D FF FF FF FF FF FF FF  
    142 0000E814 FF FF FF FF FF FF FF  
    142 0000E81B FF FF FF FF FF FF FF  
    142 0000E822 FF FF FF FF FF FF FF  
    142 0000E829 FF FF FF FF FF FF FF  
    142 0000E830 FF FF FF FF FF FF FF  
    142 0000E837 FF FF FF FF FF FF FF  
    142 0000E83E FF FF FF FF FF FF FF  
Bird Computer Butterfly assembler   version 1.0.2   Tue Jun 13 03:21:13 2017     Page 8
noc_boot.asm
    142 0000E845 FF FF FF FF FF FF FF  
    142 0000E84C FF FF FF FF FF FF FF  
    142 0000E853 FF FF FF FF FF FF FF  
    142 0000E85A FF FF FF FF FF FF FF  
    142 0000E861 FF FF FF FF FF FF FF  
    142 0000E868 FF FF FF FF FF FF FF  
    142 0000E86F FF FF FF FF FF FF FF  
    142 0000E876 FF FF FF FF FF FF FF  
    142 0000E87D FF FF FF FF FF FF FF  
    142 0000E884 FF FF FF FF FF FF FF  
    142 0000E88B FF FF FF FF FF FF FF  
    142 0000E892 FF FF FF FF FF FF FF  
    142 0000E899 FF FF FF FF FF FF FF  
    142 0000E8A0 FF FF FF FF FF FF FF  
    142 0000E8A7 FF FF FF FF FF FF FF  
    142 0000E8AE FF FF FF FF FF FF FF  
    142 0000E8B5 FF FF FF FF FF FF FF  
    142 0000E8BC FF FF FF FF FF FF FF  
    142 0000E8C3 FF FF FF FF FF FF FF  
    142 0000E8CA FF FF FF FF FF FF FF  
    142 0000E8D1 FF FF FF FF FF FF FF  
    142 0000E8D8 FF FF FF FF FF FF FF  
    142 0000E8DF FF FF FF FF FF FF FF  
    142 0000E8E6 FF FF FF FF FF FF FF  
    142 0000E8ED FF FF FF FF FF FF FF  
    142 0000E8F4 FF FF FF FF FF FF FF  
    142 0000E8FB FF FF FF FF FF FF FF  
    142 0000E902 FF FF FF FF FF FF FF  
    142 0000E909 FF FF FF FF FF FF FF  
    142 0000E910 FF FF FF FF FF FF FF  
    142 0000E917 FF FF FF FF FF FF FF  
    142 0000E91E FF FF FF FF FF FF FF  
    142 0000E925 FF FF FF FF FF FF FF  
    142 0000E92C FF FF FF FF FF FF FF  
    142 0000E933 FF FF FF FF FF FF FF  
    142 0000E93A FF FF FF FF FF FF FF  
    142 0000E941 FF FF FF FF FF FF FF  
    142 0000E948 FF FF FF FF FF FF FF  
    142 0000E94F FF FF FF FF FF FF FF  
    142 0000E956 FF FF FF FF FF FF FF  
    142 0000E95D FF FF FF FF FF FF FF  
    142 0000E964 FF FF FF FF FF FF FF  
    142 0000E96B FF FF FF FF FF FF FF  
    142 0000E972 FF FF FF FF FF FF FF  
    142 0000E979 FF FF FF FF FF FF FF  
    142 0000E980 FF FF FF FF FF FF FF  
    142 0000E987 FF FF FF FF FF FF FF  
    142 0000E98E FF FF FF FF FF FF FF  
    142 0000E995 FF FF FF FF FF FF FF  
    142 0000E99C FF FF FF FF FF FF FF  
    142 0000E9A3 FF FF FF FF FF FF FF  
    142 0000E9AA FF FF FF FF FF FF FF  
    142 0000E9B1 FF FF FF FF FF FF FF  
    142 0000E9B8 FF FF FF FF FF FF FF  
    142 0000E9BF FF FF FF FF FF FF FF  
    142 0000E9C6 FF FF FF FF FF FF FF  
    142 0000E9CD FF FF FF FF FF FF FF  
    142 0000E9D4 FF FF FF FF FF FF FF  
    142 0000E9DB FF FF FF FF FF FF FF  
    142 0000E9E2 FF FF FF FF FF FF FF  
Bird Computer Butterfly assembler   version 1.0.2   Tue Jun 13 03:21:13 2017     Page 9
noc_boot.asm
    142 0000E9E9 FF FF FF FF FF FF FF  
    142 0000E9F0 FF FF FF FF FF FF FF  
    142 0000E9F7 FF FF FF FF FF FF FF  
    142 0000E9FE FF FF FF FF FF FF FF  
    142 0000EA05 FF FF FF FF FF FF FF  
    142 0000EA0C FF FF FF FF FF FF FF  
    142 0000EA13 FF FF FF FF FF FF FF  
    142 0000EA1A FF FF FF FF FF FF FF  
    142 0000EA21 FF FF FF FF FF FF FF  
    142 0000EA28 FF FF FF FF FF FF FF  
    142 0000EA2F FF FF FF FF FF FF FF  
    142 0000EA36 FF FF FF FF FF FF FF  
    142 0000EA3D FF FF FF FF FF FF FF  
    142 0000EA44 FF FF FF FF FF FF FF  
    142 0000EA4B FF FF FF FF FF FF FF  
    142 0000EA52 FF FF FF FF FF FF FF  
    142 0000EA59 FF FF FF FF FF FF FF  
    142 0000EA60 FF FF FF FF FF FF FF  
    142 0000EA67 FF FF FF FF FF FF FF  
    142 0000EA6E FF FF FF FF FF FF FF  
    142 0000EA75 FF FF FF FF FF FF FF  
    142 0000EA7C FF FF FF FF FF FF FF  
    142 0000EA83 FF FF FF FF FF FF FF  
    142 0000EA8A FF FF FF FF FF FF FF  
    142 0000EA91 FF FF FF FF FF FF FF  
    142 0000EA98 FF FF FF FF FF FF FF  
    142 0000EA9F FF FF FF FF FF FF FF  
    142 0000EAA6 FF FF FF FF FF FF FF  
    142 0000EAAD FF FF FF FF FF FF FF  
    142 0000EAB4 FF FF FF FF FF FF FF  
    142 0000EABB FF FF FF FF FF FF FF  
    142 0000EAC2 FF FF FF FF FF FF FF  
    142 0000EAC9 FF FF FF FF FF FF FF  
    142 0000EAD0 FF FF FF FF FF FF FF  
    142 0000EAD7 FF FF FF FF FF FF FF  
    142 0000EADE FF FF FF FF FF FF FF  
    142 0000EAE5 FF FF FF FF FF FF FF  
    142 0000EAEC FF FF FF FF FF FF FF  
    142 0000EAF3 FF FF FF FF FF FF FF  
    142 0000EAFA FF FF FF FF FF FF FF  
    142 0000EB01 FF FF FF FF FF FF FF  
    142 0000EB08 FF FF FF FF FF FF FF  
    142 0000EB0F FF FF FF FF FF FF FF  
    142 0000EB16 FF FF FF FF FF FF FF  
    142 0000EB1D FF FF FF FF FF FF FF  
    142 0000EB24 FF FF FF FF FF FF FF  
    142 0000EB2B FF FF FF FF FF FF FF  
    142 0000EB32 FF FF FF FF FF FF FF  
    142 0000EB39 FF FF FF FF FF FF FF  
    142 0000EB40 FF FF FF FF FF FF FF  
    142 0000EB47 FF FF FF FF FF FF FF  
    142 0000EB4E FF FF FF FF FF FF FF  
    142 0000EB55 FF FF FF FF FF FF FF  
    142 0000EB5C FF FF FF FF FF FF FF  
    142 0000EB63 FF FF FF FF FF FF FF  
    142 0000EB6A FF FF FF FF FF FF FF  
    142 0000EB71 FF FF FF FF FF FF FF  
    142 0000EB78 FF FF FF FF FF FF FF  
    142 0000EB7F FF FF FF FF FF FF FF  
    142 0000EB86 FF FF FF FF FF FF FF  
Bird Computer Butterfly assembler   version 1.0.2   Tue Jun 13 03:21:13 2017     Page 10
noc_boot.asm
    142 0000EB8D FF FF FF FF FF FF FF  
    142 0000EB94 FF FF FF FF FF FF FF  
    142 0000EB9B FF FF FF FF FF FF FF  
    142 0000EBA2 FF FF FF FF FF FF FF  
    142 0000EBA9 FF FF FF FF FF FF FF  
    142 0000EBB0 FF FF FF FF FF FF FF  
    142 0000EBB7 FF FF FF FF FF FF FF  
    142 0000EBBE FF FF FF FF FF FF FF  
    142 0000EBC5 FF FF FF FF FF FF FF  
    142 0000EBCC FF FF FF FF FF FF FF  
    142 0000EBD3 FF FF FF FF FF FF FF  
    142 0000EBDA FF FF FF FF FF FF FF  
    142 0000EBE1 FF FF FF FF FF FF FF  
    142 0000EBE8 FF FF FF FF FF FF FF  
    142 0000EBEF FF FF FF FF FF FF FF  
    142 0000EBF6 FF FF FF FF FF FF FF  
    142 0000EBFD FF FF FF FF FF FF FF  
    142 0000EC04 FF FF FF FF FF FF FF  
    142 0000EC0B FF FF FF FF FF FF FF  
    142 0000EC12 FF FF FF FF FF FF FF  
    142 0000EC19 FF FF FF FF FF FF FF  
    142 0000EC20 FF FF FF FF FF FF FF  
    142 0000EC27 FF FF FF FF FF FF FF  
    142 0000EC2E FF FF FF FF FF FF FF  
    142 0000EC35 FF FF FF FF FF FF FF  
    142 0000EC3C FF FF FF FF FF FF FF  
    142 0000EC43 FF FF FF FF FF FF FF  
    142 0000EC4A FF FF FF FF FF FF FF  
    142 0000EC51 FF FF FF FF FF FF FF  
    142 0000EC58 FF FF FF FF FF FF FF  
    142 0000EC5F FF FF FF FF FF FF FF  
    142 0000EC66 FF FF FF FF FF FF FF  
    142 0000EC6D FF FF FF FF FF FF FF  
    142 0000EC74 FF FF FF FF FF FF FF  
    142 0000EC7B FF FF FF FF FF FF FF  
    142 0000EC82 FF FF FF FF FF FF FF  
    142 0000EC89 FF FF FF FF FF FF FF  
    142 0000EC90 FF FF FF FF FF FF FF  
    142 0000EC97 FF FF FF FF FF FF FF  
    142 0000EC9E FF FF FF FF FF FF FF  
    142 0000ECA5 FF FF FF FF FF FF FF  
    142 0000ECAC FF FF FF FF FF FF FF  
    142 0000ECB3 FF FF FF FF FF FF FF  
    142 0000ECBA FF FF FF FF FF FF FF  
    142 0000ECC1 FF FF FF FF FF FF FF  
    142 0000ECC8 FF FF FF FF FF FF FF  
    142 0000ECCF FF FF FF FF FF FF FF  
    142 0000ECD6 FF FF FF FF FF FF FF  
    142 0000ECDD FF FF FF FF FF FF FF  
    142 0000ECE4 FF FF FF FF FF FF FF  
    142 0000ECEB FF FF FF FF FF FF FF  
    142 0000ECF2 FF FF FF FF FF FF FF  
    142 0000ECF9 FF FF FF FF FF FF FF  
    142 0000ED00 FF FF FF FF FF FF FF  
    142 0000ED07 FF FF FF FF FF FF FF  
    142 0000ED0E FF FF FF FF FF FF FF  
    142 0000ED15 FF FF FF FF FF FF FF  
    142 0000ED1C FF FF FF FF FF FF FF  
    142 0000ED23 FF FF FF FF FF FF FF  
    142 0000ED2A FF FF FF FF FF FF FF  
Bird Computer Butterfly assembler   version 1.0.2   Tue Jun 13 03:21:13 2017     Page 11
noc_boot.asm
    142 0000ED31 FF FF FF FF FF FF FF  
    142 0000ED38 FF FF FF FF FF FF FF  
    142 0000ED3F FF FF FF FF FF FF FF  
    142 0000ED46 FF FF FF FF FF FF FF  
    142 0000ED4D FF FF FF FF FF FF FF  
    142 0000ED54 FF FF FF FF FF FF FF  
    142 0000ED5B FF FF FF FF FF FF FF  
    142 0000ED62 FF FF FF FF FF FF FF  
    142 0000ED69 FF FF FF FF FF FF FF  
    142 0000ED70 FF FF FF FF FF FF FF  
    142 0000ED77 FF FF FF FF FF FF FF  
    142 0000ED7E FF FF FF FF FF FF FF  
    142 0000ED85 FF FF FF FF FF FF FF  
    142 0000ED8C FF FF FF FF FF FF FF  
    142 0000ED93 FF FF FF FF FF FF FF  
    142 0000ED9A FF FF FF FF FF FF FF  
    142 0000EDA1 FF FF FF FF FF FF FF  
    142 0000EDA8 FF FF FF FF FF FF FF  
    142 0000EDAF FF FF FF FF FF FF FF  
    142 0000EDB6 FF FF FF FF FF FF FF  
    142 0000EDBD FF FF FF FF FF FF FF  
    142 0000EDC4 FF FF FF FF FF FF FF  
    142 0000EDCB FF FF FF FF FF FF FF  
    142 0000EDD2 FF FF FF FF FF FF FF  
    142 0000EDD9 FF FF FF FF FF FF FF  
    142 0000EDE0 FF FF FF FF FF FF FF  
    142 0000EDE7 FF FF FF FF FF FF FF  
    142 0000EDEE FF FF FF FF FF FF FF  
    142 0000EDF5 FF FF FF FF FF FF FF  
    142 0000EDFC FF FF FF FF FF FF FF  
    142 0000EE03 FF FF FF FF FF FF FF  
    142 0000EE0A FF FF FF FF FF FF FF  
    142 0000EE11 FF FF FF FF FF FF FF  
    142 0000EE18 FF FF FF FF FF FF FF  
    142 0000EE1F FF FF FF FF FF FF FF  
    142 0000EE26 FF FF FF FF FF FF FF  
    142 0000EE2D FF FF FF FF FF FF FF  
    142 0000EE34 FF FF FF FF FF FF FF  
    142 0000EE3B FF FF FF FF FF FF FF  
    142 0000EE42 FF FF FF FF FF FF FF  
    142 0000EE49 FF FF FF FF FF FF FF  
    142 0000EE50 FF FF FF FF FF FF FF  
    142 0000EE57 FF FF FF FF FF FF FF  
    142 0000EE5E FF FF FF FF FF FF FF  
    142 0000EE65 FF FF FF FF FF FF FF  
    142 0000EE6C FF FF FF FF FF FF FF  
    142 0000EE73 FF FF FF FF FF FF FF  
    142 0000EE7A FF FF FF FF FF FF FF  
    142 0000EE81 FF FF FF FF FF FF FF  
    142 0000EE88 FF FF FF FF FF FF FF  
    142 0000EE8F FF FF FF FF FF FF FF  
    142 0000EE96 FF FF FF FF FF FF FF  
    142 0000EE9D FF FF FF FF FF FF FF  
    142 0000EEA4 FF FF FF FF FF FF FF  
    142 0000EEAB FF FF FF FF FF FF FF  
    142 0000EEB2 FF FF FF FF FF FF FF  
    142 0000EEB9 FF FF FF FF FF FF FF  
    142 0000EEC0 FF FF FF FF FF FF FF  
    142 0000EEC7 FF FF FF FF FF FF FF  
    142 0000EECE FF FF FF FF FF FF FF  
Bird Computer Butterfly assembler   version 1.0.2   Tue Jun 13 03:21:13 2017     Page 12
noc_boot.asm
    142 0000EED5 FF FF FF FF FF FF FF  
    142 0000EEDC FF FF FF FF FF FF FF  
    142 0000EEE3 FF FF FF FF FF FF FF  
    142 0000EEEA FF FF FF FF FF FF FF  
    142 0000EEF1 FF FF FF FF FF FF FF  
    142 0000EEF8 FF FF FF FF FF FF FF  
    142 0000EEFF FF FF FF FF FF FF FF  
    142 0000EF06 FF FF FF FF FF FF FF  
    142 0000EF0D FF FF FF FF FF FF FF  
    142 0000EF14 FF FF FF FF FF FF FF  
    142 0000EF1B FF FF FF FF FF FF FF  
    142 0000EF22 FF FF FF FF FF FF FF  
    142 0000EF29 FF FF FF FF FF FF FF  
    142 0000EF30 FF FF FF FF FF FF FF  
    142 0000EF37 FF FF FF FF FF FF FF  
    142 0000EF3E FF FF FF FF FF FF FF  
    142 0000EF45 FF FF FF FF FF FF FF  
    142 0000EF4C FF FF FF FF FF FF FF  
    142 0000EF53 FF FF FF FF FF FF FF  
    142 0000EF5A FF FF FF FF FF FF FF  
    142 0000EF61 FF FF FF FF FF FF FF  
    142 0000EF68 FF FF FF FF FF FF FF  
    142 0000EF6F FF FF FF FF FF FF FF  
    142 0000EF76 FF FF FF FF FF FF FF  
    142 0000EF7D FF FF FF FF FF FF FF  
    142 0000EF84 FF FF FF FF FF FF FF  
    142 0000EF8B FF FF FF FF FF FF FF  
    142 0000EF92 FF FF FF FF FF FF FF  
    142 0000EF99 FF FF FF FF FF FF FF  
    142 0000EFA0 FF FF FF FF FF FF FF  
    142 0000EFA7 FF FF FF FF FF FF FF  
    142 0000EFAE FF FF FF FF FF FF FF  
    142 0000EFB5 FF FF FF FF FF FF FF  
    142 0000EFBC FF FF FF FF FF FF FF  
    142 0000EFC3 FF FF FF FF FF FF FF  
    142 0000EFCA FF FF FF FF FF FF FF  
    142 0000EFD1 FF FF FF FF FF FF FF  
    142 0000EFD8 FF FF FF FF FF FF FF  
    142 0000EFDF FF FF FF FF FF FF FF  
    142 0000EFE6 FF FF FF FF FF FF FF  
    142 0000EFED FF FF FF FF FF FF FF  
    142 0000EFF4 FF FF FF FF FF FF FF  
    142 0000EFFB FF FF FF FF FF FF FF  
    142 0000F002 FF FF FF FF FF FF FF  
    142 0000F009 FF FF FF FF FF FF FF  
    142 0000F010 FF FF FF FF FF FF FF  
    142 0000F017 FF FF FF FF FF FF FF  
    142 0000F01E FF FF FF FF FF FF FF  
    142 0000F025 FF FF FF FF FF FF FF  
    142 0000F02C FF FF FF FF FF FF FF  
    142 0000F033 FF FF FF FF FF FF FF  
    142 0000F03A FF FF FF FF FF FF FF  
    142 0000F041 FF FF FF FF FF FF FF  
    142 0000F048 FF FF FF FF FF FF FF  
    142 0000F04F FF FF FF FF FF FF FF  
    142 0000F056 FF FF FF FF FF FF FF  
    142 0000F05D FF FF FF FF FF FF FF  
    142 0000F064 FF FF FF FF FF FF FF  
    142 0000F06B FF FF FF FF FF FF FF  
    142 0000F072 FF FF FF FF FF FF FF  
Bird Computer Butterfly assembler   version 1.0.2   Tue Jun 13 03:21:13 2017     Page 13
noc_boot.asm
    142 0000F079 FF FF FF FF FF FF FF  
    142 0000F080 FF FF FF FF FF FF FF  
    142 0000F087 FF FF FF FF FF FF FF  
    142 0000F08E FF FF FF FF FF FF FF  
    142 0000F095 FF FF FF FF FF FF FF  
    142 0000F09C FF FF FF FF FF FF FF  
    142 0000F0A3 FF FF FF FF FF FF FF  
    142 0000F0AA FF FF FF FF FF FF FF  
    142 0000F0B1 FF FF FF FF FF FF FF  
    142 0000F0B8 FF FF FF FF FF FF FF  
    142 0000F0BF FF FF FF FF FF FF FF  
    142 0000F0C6 FF FF FF FF FF FF FF  
    142 0000F0CD FF FF FF FF FF FF FF  
    142 0000F0D4 FF FF FF FF FF FF FF  
    142 0000F0DB FF FF FF FF FF FF FF  
    142 0000F0E2 FF FF FF FF FF FF FF  
    142 0000F0E9 FF FF FF FF FF FF FF  
    142 0000F0F0 FF FF FF FF FF FF FF  
    142 0000F0F7 FF FF FF FF FF FF FF  
    142 0000F0FE FF FF FF FF FF FF FF  
    142 0000F105 FF FF FF FF FF FF FF  
    142 0000F10C FF FF FF FF FF FF FF  
    142 0000F113 FF FF FF FF FF FF FF  
    142 0000F11A FF FF FF FF FF FF FF  
    142 0000F121 FF FF FF FF FF FF FF  
    142 0000F128 FF FF FF FF FF FF FF  
    142 0000F12F FF FF FF FF FF FF FF  
    142 0000F136 FF FF FF FF FF FF FF  
    142 0000F13D FF FF FF FF FF FF FF  
    142 0000F144 FF FF FF FF FF FF FF  
    142 0000F14B FF FF FF FF FF FF FF  
    142 0000F152 FF FF FF FF FF FF FF  
    142 0000F159 FF FF FF FF FF FF FF  
    142 0000F160 FF FF FF FF FF FF FF  
    142 0000F167 FF FF FF FF FF FF FF  
    142 0000F16E FF FF FF FF FF FF FF  
    142 0000F175 FF FF FF FF FF FF FF  
    142 0000F17C FF FF FF FF FF FF FF  
    142 0000F183 FF FF FF FF FF FF FF  
    142 0000F18A FF FF FF FF FF FF FF  
    142 0000F191 FF FF FF FF FF FF FF  
    142 0000F198 FF FF FF FF FF FF FF  
    142 0000F19F FF FF FF FF FF FF FF  
    142 0000F1A6 FF FF FF FF FF FF FF  
    142 0000F1AD FF FF FF FF FF FF FF  
    142 0000F1B4 FF FF FF FF FF FF FF  
    142 0000F1BB FF FF FF FF FF FF FF  
    142 0000F1C2 FF FF FF FF FF FF FF  
    142 0000F1C9 FF FF FF FF FF FF FF  
    142 0000F1D0 FF FF FF FF FF FF FF  
    142 0000F1D7 FF FF FF FF FF FF FF  
    142 0000F1DE FF FF FF FF FF FF FF  
    142 0000F1E5 FF FF FF FF FF FF FF  
    142 0000F1EC FF FF FF FF FF FF FF  
    142 0000F1F3 FF FF FF FF FF FF FF  
    142 0000F1FA FF FF FF FF FF FF FF  
    142 0000F201 FF FF FF FF FF FF FF  
    142 0000F208 FF FF FF FF FF FF FF  
    142 0000F20F FF FF FF FF FF FF FF  
    142 0000F216 FF FF FF FF FF FF FF  
Bird Computer Butterfly assembler   version 1.0.2   Tue Jun 13 03:21:13 2017     Page 14
noc_boot.asm
    142 0000F21D FF FF FF FF FF FF FF  
    142 0000F224 FF FF FF FF FF FF FF  
    142 0000F22B FF FF FF FF FF FF FF  
    142 0000F232 FF FF FF FF FF FF FF  
    142 0000F239 FF FF FF FF FF FF FF  
    142 0000F240 FF FF FF FF FF FF FF  
    142 0000F247 FF FF FF FF FF FF FF  
    142 0000F24E FF FF FF FF FF FF FF  
    142 0000F255 FF FF FF FF FF FF FF  
    142 0000F25C FF FF FF FF FF FF FF  
    142 0000F263 FF FF FF FF FF FF FF  
    142 0000F26A FF FF FF FF FF FF FF  
    142 0000F271 FF FF FF FF FF FF FF  
    142 0000F278 FF FF FF FF FF FF FF  
    142 0000F27F FF FF FF FF FF FF FF  
    142 0000F286 FF FF FF FF FF FF FF  
    142 0000F28D FF FF FF FF FF FF FF  
    142 0000F294 FF FF FF FF FF FF FF  
    142 0000F29B FF FF FF FF FF FF FF  
    142 0000F2A2 FF FF FF FF FF FF FF  
    142 0000F2A9 FF FF FF FF FF FF FF  
    142 0000F2B0 FF FF FF FF FF FF FF  
    142 0000F2B7 FF FF FF FF FF FF FF  
    142 0000F2BE FF FF FF FF FF FF FF  
    142 0000F2C5 FF FF FF FF FF FF FF  
    142 0000F2CC FF FF FF FF FF FF FF  
    142 0000F2D3 FF FF FF FF FF FF FF  
    142 0000F2DA FF FF FF FF FF FF FF  
    142 0000F2E1 FF FF FF FF FF FF FF  
    142 0000F2E8 FF FF FF FF FF FF FF  
    142 0000F2EF FF FF FF FF FF FF FF  
    142 0000F2F6 FF FF FF FF FF FF FF  
    142 0000F2FD FF FF FF FF FF FF FF  
    142 0000F304 FF FF FF FF FF FF FF  
    142 0000F30B FF FF FF FF FF FF FF  
    142 0000F312 FF FF FF FF FF FF FF  
    142 0000F319 FF FF FF FF FF FF FF  
    142 0000F320 FF FF FF FF FF FF FF  
    142 0000F327 FF FF FF FF FF FF FF  
    142 0000F32E FF FF FF FF FF FF FF  
    142 0000F335 FF FF FF FF FF FF FF  
    142 0000F33C FF FF FF FF FF FF FF  
    142 0000F343 FF FF FF FF FF FF FF  
    142 0000F34A FF FF FF FF FF FF FF  
    142 0000F351 FF FF FF FF FF FF FF  
    142 0000F358 FF FF FF FF FF FF FF  
    142 0000F35F FF FF FF FF FF FF FF  
    142 0000F366 FF FF FF FF FF FF FF  
    142 0000F36D FF FF FF FF FF FF FF  
    142 0000F374 FF FF FF FF FF FF FF  
    142 0000F37B FF FF FF FF FF FF FF  
    142 0000F382 FF FF FF FF FF FF FF  
    142 0000F389 FF FF FF FF FF FF FF  
    142 0000F390 FF FF FF FF FF FF FF  
    142 0000F397 FF FF FF FF FF FF FF  
    142 0000F39E FF FF FF FF FF FF FF  
    142 0000F3A5 FF FF FF FF FF FF FF  
    142 0000F3AC FF FF FF FF FF FF FF  
    142 0000F3B3 FF FF FF FF FF FF FF  
    142 0000F3BA FF FF FF FF FF FF FF  
Bird Computer Butterfly assembler   version 1.0.2   Tue Jun 13 03:21:13 2017     Page 15
noc_boot.asm
    142 0000F3C1 FF FF FF FF FF FF FF  
    142 0000F3C8 FF FF FF FF FF FF FF  
    142 0000F3CF FF FF FF FF FF FF FF  
    142 0000F3D6 FF FF FF FF FF FF FF  
    142 0000F3DD FF FF FF FF FF FF FF  
    142 0000F3E4 FF FF FF FF FF FF FF  
    142 0000F3EB FF FF FF FF FF FF FF  
    142 0000F3F2 FF FF FF FF FF FF FF  
    142 0000F3F9 FF FF FF FF FF FF FF  
    142 0000F400 FF FF FF FF FF FF FF  
    142 0000F407 FF FF FF FF FF FF FF  
    142 0000F40E FF FF FF FF FF FF FF  
    142 0000F415 FF FF FF FF FF FF FF  
    142 0000F41C FF FF FF FF FF FF FF  
    142 0000F423 FF FF FF FF FF FF FF  
    142 0000F42A FF FF FF FF FF FF FF  
    142 0000F431 FF FF FF FF FF FF FF  
    142 0000F438 FF FF FF FF FF FF FF  
    142 0000F43F FF FF FF FF FF FF FF  
    142 0000F446 FF FF FF FF FF FF FF  
    142 0000F44D FF FF FF FF FF FF FF  
    142 0000F454 FF FF FF FF FF FF FF  
    142 0000F45B FF FF FF FF FF FF FF  
    142 0000F462 FF FF FF FF FF FF FF  
    142 0000F469 FF FF FF FF FF FF FF  
    142 0000F470 FF FF FF FF FF FF FF  
    142 0000F477 FF FF FF FF FF FF FF  
    142 0000F47E FF FF FF FF FF FF FF  
    142 0000F485 FF FF FF FF FF FF FF  
    142 0000F48C FF FF FF FF FF FF FF  
    142 0000F493 FF FF FF FF FF FF FF  
    142 0000F49A FF FF FF FF FF FF FF  
    142 0000F4A1 FF FF FF FF FF FF FF  
    142 0000F4A8 FF FF FF FF FF FF FF  
    142 0000F4AF FF FF FF FF FF FF FF  
    142 0000F4B6 FF FF FF FF FF FF FF  
    142 0000F4BD FF FF FF FF FF FF FF  
    142 0000F4C4 FF FF FF FF FF FF FF  
    142 0000F4CB FF FF FF FF FF FF FF  
    142 0000F4D2 FF FF FF FF FF FF FF  
    142 0000F4D9 FF FF FF FF FF FF FF  
    142 0000F4E0 FF FF FF FF FF FF FF  
    142 0000F4E7 FF FF FF FF FF FF FF  
    142 0000F4EE FF FF FF FF FF FF FF  
    142 0000F4F5 FF FF FF FF FF FF FF  
    142 0000F4FC FF FF FF FF FF FF FF  
    142 0000F503 FF FF FF FF FF FF FF  
    142 0000F50A FF FF FF FF FF FF FF  
    142 0000F511 FF FF FF FF FF FF FF  
    142 0000F518 FF FF FF FF FF FF FF  
    142 0000F51F FF FF FF FF FF FF FF  
    142 0000F526 FF FF FF FF FF FF FF  
    142 0000F52D FF FF FF FF FF FF FF  
    142 0000F534 FF FF FF FF FF FF FF  
    142 0000F53B FF FF FF FF FF FF FF  
    142 0000F542 FF FF FF FF FF FF FF  
    142 0000F549 FF FF FF FF FF FF FF  
    142 0000F550 FF FF FF FF FF FF FF  
    142 0000F557 FF FF FF FF FF FF FF  
    142 0000F55E FF FF FF FF FF FF FF  
Bird Computer Butterfly assembler   version 1.0.2   Tue Jun 13 03:21:13 2017     Page 16
noc_boot.asm
    142 0000F565 FF FF FF FF FF FF FF  
    142 0000F56C FF FF FF FF FF FF FF  
    142 0000F573 FF FF FF FF FF FF FF  
    142 0000F57A FF FF FF FF FF FF FF  
    142 0000F581 FF FF FF FF FF FF FF  
    142 0000F588 FF FF FF FF FF FF FF  
    142 0000F58F FF FF FF FF FF FF FF  
    142 0000F596 FF FF FF FF FF FF FF  
    142 0000F59D FF FF FF FF FF FF FF  
    142 0000F5A4 FF FF FF FF FF FF FF  
    142 0000F5AB FF FF FF FF FF FF FF  
    142 0000F5B2 FF FF FF FF FF FF FF  
    142 0000F5B9 FF FF FF FF FF FF FF  
    142 0000F5C0 FF FF FF FF FF FF FF  
    142 0000F5C7 FF FF FF FF FF FF FF  
    142 0000F5CE FF FF FF FF FF FF FF  
    142 0000F5D5 FF FF FF FF FF FF FF  
    142 0000F5DC FF FF FF FF FF FF FF  
    142 0000F5E3 FF FF FF FF FF FF FF  
    142 0000F5EA FF FF FF FF FF FF FF  
    142 0000F5F1 FF FF FF FF FF FF FF  
    142 0000F5F8 FF FF FF FF FF FF FF  
    142 0000F5FF FF FF FF FF FF FF FF  
    142 0000F606 FF FF FF FF FF FF FF  
    142 0000F60D FF FF FF FF FF FF FF  
    142 0000F614 FF FF FF FF FF FF FF  
    142 0000F61B FF FF FF FF FF FF FF  
    142 0000F622 FF FF FF FF FF FF FF  
    142 0000F629 FF FF FF FF FF FF FF  
    142 0000F630 FF FF FF FF FF FF FF  
    142 0000F637 FF FF FF FF FF FF FF  
    142 0000F63E FF FF FF FF FF FF FF  
    142 0000F645 FF FF FF FF FF FF FF  
    142 0000F64C FF FF FF FF FF FF FF  
    142 0000F653 FF FF FF FF FF FF FF  
    142 0000F65A FF FF FF FF FF FF FF  
    142 0000F661 FF FF FF FF FF FF FF  
    142 0000F668 FF FF FF FF FF FF FF  
    142 0000F66F FF FF FF FF FF FF FF  
    142 0000F676 FF FF FF FF FF FF FF  
    142 0000F67D FF FF FF FF FF FF FF  
    142 0000F684 FF FF FF FF FF FF FF  
    142 0000F68B FF FF FF FF FF FF FF  
    142 0000F692 FF FF FF FF FF FF FF  
    142 0000F699 FF FF FF FF FF FF FF  
    142 0000F6A0 FF FF FF FF FF FF FF  
    142 0000F6A7 FF FF FF FF FF FF FF  
    142 0000F6AE FF FF FF FF FF FF FF  
    142 0000F6B5 FF FF FF FF FF FF FF  
    142 0000F6BC FF FF FF FF FF FF FF  
    142 0000F6C3 FF FF FF FF FF FF FF  
    142 0000F6CA FF FF FF FF FF FF FF  
    142 0000F6D1 FF FF FF FF FF FF FF  
    142 0000F6D8 FF FF FF FF FF FF FF  
    142 0000F6DF FF FF FF FF FF FF FF  
    142 0000F6E6 FF FF FF FF FF FF FF  
    142 0000F6ED FF FF FF FF FF FF FF  
    142 0000F6F4 FF FF FF FF FF FF FF  
    142 0000F6FB FF FF FF FF FF FF FF  
    142 0000F702 FF FF FF FF FF FF FF  
Bird Computer Butterfly assembler   version 1.0.2   Tue Jun 13 03:21:13 2017     Page 17
noc_boot.asm
    142 0000F709 FF FF FF FF FF FF FF  
    142 0000F710 FF FF FF FF FF FF FF  
    142 0000F717 FF FF FF FF FF FF FF  
    142 0000F71E FF FF FF FF FF FF FF  
    142 0000F725 FF FF FF FF FF FF FF  
    142 0000F72C FF FF FF FF FF FF FF  
    142 0000F733 FF FF FF FF FF FF FF  
    142 0000F73A FF FF FF FF FF FF FF  
    142 0000F741 FF FF FF FF FF FF FF  
    142 0000F748 FF FF FF FF FF FF FF  
    142 0000F74F FF FF FF FF FF FF FF  
    142 0000F756 FF FF FF FF FF FF FF  
    142 0000F75D FF FF FF FF FF FF FF  
    142 0000F764 FF FF FF FF FF FF FF  
    142 0000F76B FF FF FF FF FF FF FF  
    142 0000F772 FF FF FF FF FF FF FF  
    142 0000F779 FF FF FF FF FF FF FF  
    142 0000F780 FF FF FF FF FF FF FF  
    142 0000F787 FF FF FF FF FF FF FF  
    142 0000F78E FF FF FF FF FF FF FF  
    142 0000F795 FF FF FF FF FF FF FF  
    142 0000F79C FF FF FF FF FF FF FF  
    142 0000F7A3 FF FF FF FF FF FF FF  
    142 0000F7AA FF FF FF FF FF FF FF  
    142 0000F7B1 FF FF FF FF FF FF FF  
    142 0000F7B8 FF FF FF FF FF FF FF  
    142 0000F7BF FF FF FF FF FF FF FF  
    142 0000F7C6 FF FF FF FF FF FF FF  
    142 0000F7CD FF FF FF FF FF FF FF  
    142 0000F7D4 FF FF FF FF FF FF FF  
    142 0000F7DB FF FF FF FF FF FF FF  
    142 0000F7E2 FF FF FF FF FF FF FF  
    142 0000F7E9 FF FF FF FF FF FF FF  
    142 0000F7F0 FF FF FF FF FF FF FF  
    142 0000F7F7 FF FF FF FF FF FF FF  
    142 0000F7FE FF FF FF FF FF FF FF  
    142 0000F805 FF FF FF FF FF FF FF  
    142 0000F80C FF FF FF FF FF FF FF  
    142 0000F813 FF FF FF FF FF FF FF  
    142 0000F81A FF FF FF FF FF FF FF  
    142 0000F821 FF FF FF FF FF FF FF  
    142 0000F828 FF FF FF FF FF FF FF  
    142 0000F82F FF FF FF FF FF FF FF  
    142 0000F836 FF FF FF FF FF FF FF  
    142 0000F83D FF FF FF FF FF FF FF  
    142 0000F844 FF FF FF FF FF FF FF  
    142 0000F84B FF FF FF FF FF FF FF  
    142 0000F852 FF FF FF FF FF FF FF  
    142 0000F859 FF FF FF FF FF FF FF  
    142 0000F860 FF FF FF FF FF FF FF  
    142 0000F867 FF FF FF FF FF FF FF  
    142 0000F86E FF FF FF FF FF FF FF  
    142 0000F875 FF FF FF FF FF FF FF  
    142 0000F87C FF FF FF FF FF FF FF  
    142 0000F883 FF FF FF FF FF FF FF  
    142 0000F88A FF FF FF FF FF FF FF  
    142 0000F891 FF FF FF FF FF FF FF  
    142 0000F898 FF FF FF FF FF FF FF  
    142 0000F89F FF FF FF FF FF FF FF  
    142 0000F8A6 FF FF FF FF FF FF FF  
Bird Computer Butterfly assembler   version 1.0.2   Tue Jun 13 03:21:13 2017     Page 18
noc_boot.asm
    142 0000F8AD FF FF FF FF FF FF FF  
    142 0000F8B4 FF FF FF FF FF FF FF  
    142 0000F8BB FF FF FF FF FF FF FF  
    142 0000F8C2 FF FF FF FF FF FF FF  
    142 0000F8C9 FF FF FF FF FF FF FF  
    142 0000F8D0 FF FF FF FF FF FF FF  
    142 0000F8D7 FF FF FF FF FF FF FF  
    142 0000F8DE FF FF FF FF FF FF FF  
    142 0000F8E5 FF FF FF FF FF FF FF  
    142 0000F8EC FF FF FF FF FF FF FF  
    142 0000F8F3 FF FF FF FF FF FF FF  
    142 0000F8FA FF FF FF FF FF FF FF  
    142 0000F901 FF FF FF FF FF FF FF  
    142 0000F908 FF FF FF FF FF FF FF  
    142 0000F90F FF FF FF FF FF FF FF  
    142 0000F916 FF FF FF FF FF FF FF  
    142 0000F91D FF FF FF FF FF FF FF  
    142 0000F924 FF FF FF FF FF FF FF  
    142 0000F92B FF FF FF FF FF FF FF  
    142 0000F932 FF FF FF FF FF FF FF  
    142 0000F939 FF FF FF FF FF FF FF  
    142 0000F940 FF FF FF FF FF FF FF  
    142 0000F947 FF FF FF FF FF FF FF  
    142 0000F94E FF FF FF FF FF FF FF  
    142 0000F955 FF FF FF FF FF FF FF  
    142 0000F95C FF FF FF FF FF FF FF  
    142 0000F963 FF FF FF FF FF FF FF  
    142 0000F96A FF FF FF FF FF FF FF  
    142 0000F971 FF FF FF FF FF FF FF  
    142 0000F978 FF FF FF FF FF FF FF  
    142 0000F97F FF FF FF FF FF FF FF  
    142 0000F986 FF FF FF FF FF FF FF  
    142 0000F98D FF FF FF FF FF FF FF  
    142 0000F994 FF FF FF FF FF FF FF  
    142 0000F99B FF FF FF FF FF FF FF  
    142 0000F9A2 FF FF FF FF FF FF FF  
    142 0000F9A9 FF FF FF FF FF FF FF  
    142 0000F9B0 FF FF FF FF FF FF FF  
    142 0000F9B7 FF FF FF FF FF FF FF  
    142 0000F9BE FF FF FF FF FF FF FF  
    142 0000F9C5 FF FF FF FF FF FF FF  
    142 0000F9CC FF FF FF FF FF FF FF  
    142 0000F9D3 FF FF FF FF FF FF FF  
    142 0000F9DA FF FF FF FF FF FF FF  
    142 0000F9E1 FF FF FF FF FF FF FF  
    142 0000F9E8 FF FF FF FF FF FF FF  
    142 0000F9EF FF FF FF FF FF FF FF  
    142 0000F9F6 FF FF FF FF FF FF FF  
    142 0000F9FD FF FF FF FF FF FF FF  
    142 0000FA04 FF FF FF FF FF FF FF  
    142 0000FA0B FF FF FF FF FF FF FF  
    142 0000FA12 FF FF FF FF FF FF FF  
    142 0000FA19 FF FF FF FF FF FF FF  
    142 0000FA20 FF FF FF FF FF FF FF  
    142 0000FA27 FF FF FF FF FF FF FF  
    142 0000FA2E FF FF FF FF FF FF FF  
    142 0000FA35 FF FF FF FF FF FF FF  
    142 0000FA3C FF FF FF FF FF FF FF  
    142 0000FA43 FF FF FF FF FF FF FF  
    142 0000FA4A FF FF FF FF FF FF FF  
Bird Computer Butterfly assembler   version 1.0.2   Tue Jun 13 03:21:13 2017     Page 19
noc_boot.asm
    142 0000FA51 FF FF FF FF FF FF FF  
    142 0000FA58 FF FF FF FF FF FF FF  
    142 0000FA5F FF FF FF FF FF FF FF  
    142 0000FA66 FF FF FF FF FF FF FF  
    142 0000FA6D FF FF FF FF FF FF FF  
    142 0000FA74 FF FF FF FF FF FF FF  
    142 0000FA7B FF FF FF FF FF FF FF  
    142 0000FA82 FF FF FF FF FF FF FF  
    142 0000FA89 FF FF FF FF FF FF FF  
    142 0000FA90 FF FF FF FF FF FF FF  
    142 0000FA97 FF FF FF FF FF FF FF  
    142 0000FA9E FF FF FF FF FF FF FF  
    142 0000FAA5 FF FF FF FF FF FF FF  
    142 0000FAAC FF FF FF FF FF FF FF  
    142 0000FAB3 FF FF FF FF FF FF FF  
    142 0000FABA FF FF FF FF FF FF FF  
    142 0000FAC1 FF FF FF FF FF FF FF  
    142 0000FAC8 FF FF FF FF FF FF FF  
    142 0000FACF FF FF FF FF FF FF FF  
    142 0000FAD6 FF FF FF FF FF FF FF  
    142 0000FADD FF FF FF FF FF FF FF  
    142 0000FAE4 FF FF FF FF FF FF FF  
    142 0000FAEB FF FF FF FF FF FF FF  
    142 0000FAF2 FF FF FF FF FF FF FF  
    142 0000FAF9 FF FF FF FF FF FF FF  
    142 0000FB00 FF FF FF FF FF FF FF  
    142 0000FB07 FF FF FF FF FF FF FF  
    142 0000FB0E FF FF FF FF FF FF FF  
    142 0000FB15 FF FF FF FF FF FF FF  
    142 0000FB1C FF FF FF FF FF FF FF  
    142 0000FB23 FF FF FF FF FF FF FF  
    142 0000FB2A FF FF FF FF FF FF FF  
    142 0000FB31 FF FF FF FF FF FF FF  
    142 0000FB38 FF FF FF FF FF FF FF  
    142 0000FB3F FF FF FF FF FF FF FF  
    142 0000FB46 FF FF FF FF FF FF FF  
    142 0000FB4D FF FF FF FF FF FF FF  
    142 0000FB54 FF FF FF FF FF FF FF  
    142 0000FB5B FF FF FF FF FF FF FF  
    142 0000FB62 FF FF FF FF FF FF FF  
    142 0000FB69 FF FF FF FF FF FF FF  
    142 0000FB70 FF FF FF FF FF FF FF  
    142 0000FB77 FF FF FF FF FF FF FF  
    142 0000FB7E FF FF FF FF FF FF FF  
    142 0000FB85 FF FF FF FF FF FF FF  
    142 0000FB8C FF FF FF FF FF FF FF  
    142 0000FB93 FF FF FF FF FF FF FF  
    142 0000FB9A FF FF FF FF FF FF FF  
    142 0000FBA1 FF FF FF FF FF FF FF  
    142 0000FBA8 FF FF FF FF FF FF FF  
    142 0000FBAF FF FF FF FF FF FF FF  
    142 0000FBB6 FF FF FF FF FF FF FF  
    142 0000FBBD FF FF FF FF FF FF FF  
    142 0000FBC4 FF FF FF FF FF FF FF  
    142 0000FBCB FF FF FF FF FF FF FF  
    142 0000FBD2 FF FF FF FF FF FF FF  
    142 0000FBD9 FF FF FF FF FF FF FF  
    142 0000FBE0 FF FF FF FF FF FF FF  
    142 0000FBE7 FF FF FF FF FF FF FF  
    142 0000FBEE FF FF FF FF FF FF FF  
Bird Computer Butterfly assembler   version 1.0.2   Tue Jun 13 03:21:13 2017     Page 20
noc_boot.asm
    142 0000FBF5 FF FF FF FF FF FF FF  
    142 0000FBFC FF FF FF FF FF FF FF  
    142 0000FC03 FF FF FF FF FF FF FF  
    142 0000FC0A FF FF FF FF FF FF FF  
    142 0000FC11 FF FF FF FF FF FF FF  
    142 0000FC18 FF FF FF FF FF FF FF  
    142 0000FC1F FF FF FF FF FF FF FF  
    142 0000FC26 FF FF FF FF FF FF FF  
    142 0000FC2D FF FF FF FF FF FF FF  
    142 0000FC34 FF FF FF FF FF FF FF  
    142 0000FC3B FF FF FF FF FF FF FF  
    142 0000FC42 FF FF FF FF FF FF FF  
    142 0000FC49 FF FF FF FF FF FF FF  
    142 0000FC50 FF FF FF FF FF FF FF  
    142 0000FC57 FF FF FF FF FF FF FF  
    142 0000FC5E FF FF FF FF FF FF FF  
    142 0000FC65 FF FF FF FF FF FF FF  
    142 0000FC6C FF FF FF FF FF FF FF  
    142 0000FC73 FF FF FF FF FF FF FF  
    142 0000FC7A FF FF FF FF FF FF FF  
    142 0000FC81 FF FF FF FF FF FF FF  
    142 0000FC88 FF FF FF FF FF FF FF  
    142 0000FC8F FF FF FF FF FF FF FF  
    142 0000FC96 FF FF FF FF FF FF FF  
    142 0000FC9D FF FF FF FF FF FF FF  
    142 0000FCA4 FF FF FF FF FF FF FF  
    142 0000FCAB FF FF FF FF FF FF FF  
    142 0000FCB2 FF FF FF FF FF FF FF  
    142 0000FCB9 FF FF FF FF FF FF FF  
    142 0000FCC0 FF FF FF FF FF FF FF  
    142 0000FCC7 FF FF FF FF FF FF FF  
    142 0000FCCE FF FF FF FF FF FF FF  
    142 0000FCD5 FF FF FF FF FF FF FF  
    142 0000FCDC FF FF FF FF FF FF FF  
    142 0000FCE3 FF FF FF FF FF FF FF  
    142 0000FCEA FF FF FF FF FF FF FF  
    142 0000FCF1 FF FF FF FF FF FF FF  
    142 0000FCF8 FF FF FF FF FF FF FF  
    142 0000FCFF FF FF FF FF FF FF FF  
    142 0000FD06 FF FF FF FF FF FF FF  
    142 0000FD0D FF FF FF FF FF FF FF  
    142 0000FD14 FF FF FF FF FF FF FF  
    142 0000FD1B FF FF FF FF FF FF FF  
    142 0000FD22 FF FF FF FF FF FF FF  
    142 0000FD29 FF FF FF FF FF FF FF  
    142 0000FD30 FF FF FF FF FF FF FF  
    142 0000FD37 FF FF FF FF FF FF FF  
    142 0000FD3E FF FF FF FF FF FF FF  
    142 0000FD45 FF FF FF FF FF FF FF  
    142 0000FD4C FF FF FF FF FF FF FF  
    142 0000FD53 FF FF FF FF FF FF FF  
    142 0000FD5A FF FF FF FF FF FF FF  
    142 0000FD61 FF FF FF FF FF FF FF  
    142 0000FD68 FF FF FF FF FF FF FF  
    142 0000FD6F FF FF FF FF FF FF FF  
    142 0000FD76 FF FF FF FF FF FF FF  
    142 0000FD7D FF FF FF FF FF FF FF  
    142 0000FD84 FF FF FF FF FF FF FF  
    142 0000FD8B FF FF FF FF FF FF FF  
    142 0000FD92 FF FF FF FF FF FF FF  
Bird Computer Butterfly assembler   version 1.0.2   Tue Jun 13 03:21:13 2017     Page 21
noc_boot.asm
    142 0000FD99 FF FF FF FF FF FF FF  
    142 0000FDA0 FF FF FF FF FF FF FF  
    142 0000FDA7 FF FF FF FF FF FF FF  
    142 0000FDAE FF FF FF FF FF FF FF  
    142 0000FDB5 FF FF FF FF FF FF FF  
    142 0000FDBC FF FF FF FF FF FF FF  
    142 0000FDC3 FF FF FF FF FF FF FF  
    142 0000FDCA FF FF FF FF FF FF FF  
    142 0000FDD1 FF FF FF FF FF FF FF  
    142 0000FDD8 FF FF FF FF FF FF FF  
    142 0000FDDF FF FF FF FF FF FF FF  
    142 0000FDE6 FF FF FF FF FF FF FF  
    142 0000FDED FF FF FF FF FF FF FF  
    142 0000FDF4 FF FF FF FF FF FF FF  
    142 0000FDFB FF FF FF FF FF FF FF  
    142 0000FE02 FF FF FF FF FF FF FF  
    142 0000FE09 FF FF FF FF FF FF FF  
    142 0000FE10 FF FF FF FF FF FF FF  
    142 0000FE17 FF FF FF FF FF FF FF  
    142 0000FE1E FF FF FF FF FF FF FF  
    142 0000FE25 FF FF FF FF FF FF FF  
    142 0000FE2C FF FF FF FF FF FF FF  
    142 0000FE33 FF FF FF FF FF FF FF  
    142 0000FE3A FF FF FF FF FF FF FF  
    142 0000FE41 FF FF FF FF FF FF FF  
    142 0000FE48 FF FF FF FF FF FF FF  
    142 0000FE4F FF FF FF FF FF FF FF  
    142 0000FE56 FF FF FF FF FF FF FF  
    142 0000FE5D FF FF FF FF FF FF FF  
    142 0000FE64 FF FF FF FF FF FF FF  
    142 0000FE6B FF FF FF FF FF FF FF  
    142 0000FE72 FF FF FF FF FF FF FF  
    142 0000FE79 FF FF FF FF FF FF FF  
    142 0000FE80 FF FF FF FF FF FF FF  
    142 0000FE87 FF FF FF FF FF FF FF  
    142 0000FE8E FF FF FF FF FF FF FF  
    142 0000FE95 FF FF FF FF FF FF FF  
    142 0000FE9C FF FF FF FF FF FF FF  
    142 0000FEA3 FF FF FF FF FF FF FF  
    142 0000FEAA FF FF FF FF FF FF FF  
    142 0000FEB1 FF FF FF FF FF FF FF  
    142 0000FEB8 FF FF FF FF FF FF FF  
    142 0000FEBF FF FF FF FF FF FF FF  
    142 0000FEC6 FF FF FF FF FF FF FF  
    142 0000FECD FF FF FF FF FF FF FF  
    142 0000FED4 FF FF FF FF FF FF FF  
    142 0000FEDB FF FF FF FF FF FF FF  
    142 0000FEE2 FF FF FF FF FF FF FF  
    142 0000FEE9 FF FF FF FF FF FF FF  
    142 0000FEF0 FF FF FF FF FF FF FF  
    142 0000FEF7 FF FF FF FF FF FF FF  
    142 0000FEFE FF FF FF FF FF FF FF  
    142 0000FF05 FF FF FF FF FF FF FF  
    142 0000FF0C FF FF FF FF FF FF FF  
    142 0000FF13 FF FF FF FF FF FF FF  
    142 0000FF1A FF FF FF FF FF FF FF  
    142 0000FF21 FF FF FF FF FF FF FF  
    142 0000FF28 FF FF FF FF FF FF FF  
    142 0000FF2F FF FF FF FF FF FF FF  
    142 0000FF36 FF FF FF FF FF FF FF  
Bird Computer Butterfly assembler   version 1.0.2   Tue Jun 13 03:21:13 2017     Page 22
noc_boot.asm
    142 0000FF3D FF FF FF FF FF FF FF  
    142 0000FF44 FF FF FF FF FF FF FF  
    142 0000FF4B FF FF FF FF FF FF FF  
    142 0000FF52 FF FF FF FF FF FF FF  
    142 0000FF59 FF FF FF FF FF FF FF  
    142 0000FF60 FF FF FF FF FF FF FF  
    142 0000FF67 FF FF FF FF FF FF FF  
    142 0000FF6E FF FF FF FF FF FF FF  
    142 0000FF75 FF FF FF FF FF FF FF  
    142 0000FF7C FF FF FF FF FF FF FF  
    142 0000FF83 FF FF FF FF FF FF FF  
    142 0000FF8A FF FF FF FF FF FF FF  
    142 0000FF91 FF FF FF FF FF FF FF  
    142 0000FF98 FF FF FF FF FF FF FF  
    142 0000FF9F FF FF FF FF FF FF FF  
    142 0000FFA6 FF FF FF FF FF FF FF  
    142 0000FFAD FF FF FF FF FF FF FF  
    142 0000FFB4 FF FF FF FF FF FF FF  
    142 0000FFBB FF FF FF FF FF FF FF  
    142 0000FFC2 FF FF FF FF FF FF FF  
    142 0000FFC9 FF FF FF FF FF FF FF  
    142 0000FFD0 FF FF FF FF FF FF FF  
    142 0000FFD7 FF FF FF FF FF FF FF  
    142 0000FFDE FF FF FF FF FF FF FF  
    142 0000FFE5 FF FF FF FF FF FF FF  
    142 0000FFEC FF FF FF FF FF FF FF  
    142 0000FFF3 FF FF FF FF FF FF FF  
    142 0000FFFA FF FF FF FF           
    143 0000FFFE 00 E0                   		dw		start
