Finitron 65002 assembler   version 1.2   Thu Nov 27 03:11:32 2014     Page 1
test816.asm

                                           	cpu		W65C816S
                                           	.org	$E000
                                           
      4 00E000                             start:
      5 00E000 18                           	clc
      6 00E001 FB                           	xce
      7 00E002 C2 30                        	rep		#$30		; set 16 bit regs & mem
                                           	ndx 	16
                                           	mem		16
     10 00E004 A9 70 00                     	lda		#$0070		; program chip selects for I/O
     11 00E007 8D 00 F0                     	sta		$F000		; at $007000
     12 00E00A A9 71 00                     	lda		#$0071
     13 00E00D 8D 02 F0                     	sta		$F002
     14 00E010 A0 00 00                     	ldy		#$0000
     15 00E013                             .st0001:
     16 00E013 A2 00 00                     	ldx		#$0000
     17 00E016                             .st0002:
     18 00E016 E8                           	inx
     19 00E017 D0 FD                        	bne		.st0002
     20 00E019 AD 00 71                     	lda		$7100
     21 00E01C 8D 00 70                     	sta		$7000
     22 00E01F C8                           	iny
     23 00E020 80 F1                        	bra		.st0001
                                           
     25 00E022 FF FF FF FF FF FF FF FF      	.org	$FFFC
     25 00E02A FF FF FF FF FF FF FF FF    
     25 00E032 FF FF FF FF FF FF FF FF    
     25 00E03A FF FF FF FF FF FF FF FF    
     25 00E042 FF FF FF FF FF FF FF FF    
     25 00E04A FF FF FF FF FF FF FF FF    
     25 00E052 FF FF FF FF FF FF FF FF    
     25 00E05A FF FF FF FF FF FF FF FF    
     25 00E062 FF FF FF FF FF FF FF FF    
     25 00E06A FF FF FF FF FF FF FF FF    
     25 00E072 FF FF FF FF FF FF FF FF    
     25 00E07A FF FF FF FF FF FF FF FF    
     25 00E082 FF FF FF FF FF FF FF FF    
     25 00E08A FF FF FF FF FF FF FF FF    
     25 00E092 FF FF FF FF FF FF FF FF    
     25 00E09A FF FF FF FF FF FF FF FF    
     25 00E0A2 FF FF FF FF FF FF FF FF    
     25 00E0AA FF FF FF FF FF FF FF FF    
     25 00E0B2 FF FF FF FF FF FF FF FF    
     25 00E0BA FF FF FF FF FF FF FF FF    
     25 00E0C2 FF FF FF FF FF FF FF FF    
     25 00E0CA FF FF FF FF FF FF FF FF    
     25 00E0D2 FF FF FF FF FF FF FF FF    
     25 00E0DA FF FF FF FF FF FF FF FF    
     25 00E0E2 FF FF FF FF FF FF FF FF    
     25 00E0EA FF FF FF FF FF FF FF FF    
     25 00E0F2 FF FF FF FF FF FF FF FF    
     25 00E0FA FF FF FF FF FF FF FF FF    
     25 00E102 FF FF FF FF FF FF FF FF    
     25 00E10A FF FF FF FF FF FF FF FF    
     25 00E112 FF FF FF FF FF FF FF FF    
     25 00E11A FF FF FF FF FF FF FF FF    
     25 00E122 FF FF FF FF FF FF FF FF    
     25 00E12A FF FF FF FF FF FF FF FF    
     25 00E132 FF FF FF FF FF FF FF FF    
     25 00E13A FF FF FF FF FF FF FF FF    
     25 00E142 FF FF FF FF FF FF FF FF    
     25 00E14A FF FF FF FF FF FF FF FF    
     25 00E152 FF FF FF FF FF FF FF FF    
     25 00E15A FF FF FF FF FF FF FF FF    
     25 00E162 FF FF FF FF FF FF FF FF    
     25 00E16A FF FF FF FF FF FF FF FF    
     25 00E172 FF FF FF FF FF FF FF FF    
     25 00E17A FF FF FF FF FF FF FF FF    
     25 00E182 FF FF FF FF FF FF FF FF    
     25 00E18A FF FF FF FF FF FF FF FF    
     25 00E192 FF FF FF FF FF FF FF FF    
     25 00E19A FF FF FF FF FF FF FF FF    
     25 00E1A2 FF FF FF FF FF FF FF FF    
     25 00E1AA FF FF FF FF FF FF FF FF    
     25 00E1B2 FF FF FF FF FF FF FF FF    
     25 00E1BA FF FF FF FF FF FF FF FF    
     25 00E1C2 FF FF FF FF FF FF FF FF    
     25 00E1CA FF FF FF FF FF FF FF FF    
     25 00E1D2 FF FF FF FF FF FF FF FF    
     25 00E1DA FF FF FF FF FF FF FF FF    
     25 00E1E2 FF FF FF FF FF FF FF FF    
     25 00E1EA FF FF FF FF FF FF FF FF    
     25 00E1F2 FF FF FF FF FF FF FF FF    
     25 00E1FA FF FF FF FF FF FF FF FF    
     25 00E202 FF FF FF FF FF FF FF FF    
     25 00E20A FF FF FF FF FF FF FF FF    
     25 00E212 FF FF FF FF FF FF FF FF    
     25 00E21A FF FF FF FF FF FF FF FF    
     25 00E222 FF FF FF FF FF FF FF FF    
     25 00E22A FF FF FF FF FF FF FF FF    
     25 00E232 FF FF FF FF FF FF FF FF    
     25 00E23A FF FF FF FF FF FF FF FF    
     25 00E242 FF FF FF FF FF FF FF FF    
     25 00E24A FF FF FF FF FF FF FF FF    
     25 00E252 FF FF FF FF FF FF FF FF    
     25 00E25A FF FF FF FF FF FF FF FF    
     25 00E262 FF FF FF FF FF FF FF FF    
     25 00E26A FF FF FF FF FF FF FF FF    
     25 00E272 FF FF FF FF FF FF FF FF    
     25 00E27A FF FF FF FF FF FF FF FF    
     25 00E282 FF FF FF FF FF FF FF FF    
     25 00E28A FF FF FF FF FF FF FF FF    
     25 00E292 FF FF FF FF FF FF FF FF    
     25 00E29A FF FF FF FF FF FF FF FF    
     25 00E2A2 FF FF FF FF FF FF FF FF    
     25 00E2AA FF FF FF FF FF FF FF FF    
     25 00E2B2 FF FF FF FF FF FF FF FF    
     25 00E2BA FF FF FF FF FF FF FF FF    
     25 00E2C2 FF FF FF FF FF FF FF FF    
     25 00E2CA FF FF FF FF FF FF FF FF    
     25 00E2D2 FF FF FF FF FF FF FF FF    
     25 00E2DA FF FF FF FF FF FF FF FF    
     25 00E2E2 FF FF FF FF FF FF FF FF    
     25 00E2EA FF FF FF FF FF FF FF FF    
     25 00E2F2 FF FF FF FF FF FF FF FF    
     25 00E2FA FF FF FF FF FF FF FF FF    
     25 00E302 FF FF FF FF FF FF FF FF    
     25 00E30A FF FF FF FF FF FF FF FF    
     25 00E312 FF FF FF FF FF FF FF FF    
     25 00E31A FF FF FF FF FF FF FF FF    
     25 00E322 FF FF FF FF FF FF FF FF    
     25 00E32A FF FF FF FF FF FF FF FF    
     25 00E332 FF FF FF FF FF FF FF FF    
     25 00E33A FF FF FF FF FF FF FF FF    
     25 00E342 FF FF FF FF FF FF FF FF    
     25 00E34A FF FF FF FF FF FF FF FF    
     25 00E352 FF FF FF FF FF FF FF FF    
     25 00E35A FF FF FF FF FF FF FF FF    
     25 00E362 FF FF FF FF FF FF FF FF    
     25 00E36A FF FF FF FF FF FF FF FF    
     25 00E372 FF FF FF FF FF FF FF FF    
     25 00E37A FF FF FF FF FF FF FF FF    
     25 00E382 FF FF FF FF FF FF FF FF    
     25 00E38A FF FF FF FF FF FF FF FF    
     25 00E392 FF FF FF FF FF FF FF FF    
     25 00E39A FF FF FF FF FF FF FF FF    
     25 00E3A2 FF FF FF FF FF FF FF FF    
     25 00E3AA FF FF FF FF FF FF FF FF    
     25 00E3B2 FF FF FF FF FF FF FF FF    
     25 00E3BA FF FF FF FF FF FF FF FF    
     25 00E3C2 FF FF FF FF FF FF FF FF    
     25 00E3CA FF FF FF FF FF FF FF FF    
     25 00E3D2 FF FF FF FF FF FF FF FF    
     25 00E3DA FF FF FF FF FF FF FF FF    
     25 00E3E2 FF FF FF FF FF FF FF FF    
     25 00E3EA FF FF FF FF FF FF FF FF    
     25 00E3F2 FF FF FF FF FF FF FF FF    
     25 00E3FA FF FF FF FF FF FF FF FF    
     25 00E402 FF FF FF FF FF FF FF FF    
     25 00E40A FF FF FF FF FF FF FF FF    
     25 00E412 FF FF FF FF FF FF FF FF    
     25 00E41A FF FF FF FF FF FF FF FF    
     25 00E422 FF FF FF FF FF FF FF FF    
     25 00E42A FF FF FF FF FF FF FF FF    
     25 00E432 FF FF FF FF FF FF FF FF    
     25 00E43A FF FF FF FF FF FF FF FF    
     25 00E442 FF FF FF FF FF FF FF FF    
     25 00E44A FF FF FF FF FF FF FF FF    
     25 00E452 FF FF FF FF FF FF FF FF    
     25 00E45A FF FF FF FF FF FF FF FF    
     25 00E462 FF FF FF FF FF FF FF FF    
     25 00E46A FF FF FF FF FF FF FF FF    
     25 00E472 FF FF FF FF FF FF FF FF    
     25 00E47A FF FF FF FF FF FF FF FF    
     25 00E482 FF FF FF FF FF FF FF FF    
     25 00E48A FF FF FF FF FF FF FF FF    
     25 00E492 FF FF FF FF FF FF FF FF    
     25 00E49A FF FF FF FF FF FF FF FF    
     25 00E4A2 FF FF FF FF FF FF FF FF    
     25 00E4AA FF FF FF FF FF FF FF FF    
     25 00E4B2 FF FF FF FF FF FF FF FF    
     25 00E4BA FF FF FF FF FF FF FF FF    
     25 00E4C2 FF FF FF FF FF FF FF FF    
     25 00E4CA FF FF FF FF FF FF FF FF    
     25 00E4D2 FF FF FF FF FF FF FF FF    
     25 00E4DA FF FF FF FF FF FF FF FF    
     25 00E4E2 FF FF FF FF FF FF FF FF    
     25 00E4EA FF FF FF FF FF FF FF FF    
     25 00E4F2 FF FF FF FF FF FF FF FF    
     25 00E4FA FF FF FF FF FF FF FF FF    
     25 00E502 FF FF FF FF FF FF FF FF    
     25 00E50A FF FF FF FF FF FF FF FF    
     25 00E512 FF FF FF FF FF FF FF FF    
     25 00E51A FF FF FF FF FF FF FF FF    
     25 00E522 FF FF FF FF FF FF FF FF    
     25 00E52A FF FF FF FF FF FF FF FF    
     25 00E532 FF FF FF FF FF FF FF FF    
     25 00E53A FF FF FF FF FF FF FF FF    
     25 00E542 FF FF FF FF FF FF FF FF    
     25 00E54A FF FF FF FF FF FF FF FF    
     25 00E552 FF FF FF FF FF FF FF FF    
     25 00E55A FF FF FF FF FF FF FF FF    
     25 00E562 FF FF FF FF FF FF FF FF    
     25 00E56A FF FF FF FF FF FF FF FF    
     25 00E572 FF FF FF FF FF FF FF FF    
     25 00E57A FF FF FF FF FF FF FF FF    
     25 00E582 FF FF FF FF FF FF FF FF    
     25 00E58A FF FF FF FF FF FF FF FF    
     25 00E592 FF FF FF FF FF FF FF FF    
     25 00E59A FF FF FF FF FF FF FF FF    
     25 00E5A2 FF FF FF FF FF FF FF FF    
     25 00E5AA FF FF FF FF FF FF FF FF    
     25 00E5B2 FF FF FF FF FF FF FF FF    
     25 00E5BA FF FF FF FF FF FF FF FF    
     25 00E5C2 FF FF FF FF FF FF FF FF    
     25 00E5CA FF FF FF FF FF FF FF FF    
     25 00E5D2 FF FF FF FF FF FF FF FF    
     25 00E5DA FF FF FF FF FF FF FF FF    
     25 00E5E2 FF FF FF FF FF FF FF FF    
     25 00E5EA FF FF FF FF FF FF FF FF    
     25 00E5F2 FF FF FF FF FF FF FF FF    
     25 00E5FA FF FF FF FF FF FF FF FF    
     25 00E602 FF FF FF FF FF FF FF FF    
     25 00E60A FF FF FF FF FF FF FF FF    
     25 00E612 FF FF FF FF FF FF FF FF    
     25 00E61A FF FF FF FF FF FF FF FF    
     25 00E622 FF FF FF FF FF FF FF FF    
     25 00E62A FF FF FF FF FF FF FF FF    
     25 00E632 FF FF FF FF FF FF FF FF    
     25 00E63A FF FF FF FF FF FF FF FF    
     25 00E642 FF FF FF FF FF FF FF FF    
     25 00E64A FF FF FF FF FF FF FF FF    
     25 00E652 FF FF FF FF FF FF FF FF    
     25 00E65A FF FF FF FF FF FF FF FF    
     25 00E662 FF FF FF FF FF FF FF FF    
     25 00E66A FF FF FF FF FF FF FF FF    
     25 00E672 FF FF FF FF FF FF FF FF    
     25 00E67A FF FF FF FF FF FF FF FF    
     25 00E682 FF FF FF FF FF FF FF FF    
     25 00E68A FF FF FF FF FF FF FF FF    
     25 00E692 FF FF FF FF FF FF FF FF    
     25 00E69A FF FF FF FF FF FF FF FF    
     25 00E6A2 FF FF FF FF FF FF FF FF    
     25 00E6AA FF FF FF FF FF FF FF FF    
     25 00E6B2 FF FF FF FF FF FF FF FF    
     25 00E6BA FF FF FF FF FF FF FF FF    
     25 00E6C2 FF FF FF FF FF FF FF FF    
     25 00E6CA FF FF FF FF FF FF FF FF    
     25 00E6D2 FF FF FF FF FF FF FF FF    
     25 00E6DA FF FF FF FF FF FF FF FF    
     25 00E6E2 FF FF FF FF FF FF FF FF    
     25 00E6EA FF FF FF FF FF FF FF FF    
     25 00E6F2 FF FF FF FF FF FF FF FF    
     25 00E6FA FF FF FF FF FF FF FF FF    
     25 00E702 FF FF FF FF FF FF FF FF    
     25 00E70A FF FF FF FF FF FF FF FF    
     25 00E712 FF FF FF FF FF FF FF FF    
     25 00E71A FF FF FF FF FF FF FF FF    
     25 00E722 FF FF FF FF FF FF FF FF    
     25 00E72A FF FF FF FF FF FF FF FF    
     25 00E732 FF FF FF FF FF FF FF FF    
     25 00E73A FF FF FF FF FF FF FF FF    
     25 00E742 FF FF FF FF FF FF FF FF    
     25 00E74A FF FF FF FF FF FF FF FF    
     25 00E752 FF FF FF FF FF FF FF FF    
     25 00E75A FF FF FF FF FF FF FF FF    
     25 00E762 FF FF FF FF FF FF FF FF    
     25 00E76A FF FF FF FF FF FF FF FF    
     25 00E772 FF FF FF FF FF FF FF FF    
     25 00E77A FF FF FF FF FF FF FF FF    
     25 00E782 FF FF FF FF FF FF FF FF    
     25 00E78A FF FF FF FF FF FF FF FF    
     25 00E792 FF FF FF FF FF FF FF FF    
     25 00E79A FF FF FF FF FF FF FF FF    
     25 00E7A2 FF FF FF FF FF FF FF FF    
     25 00E7AA FF FF FF FF FF FF FF FF    
     25 00E7B2 FF FF FF FF FF FF FF FF    
     25 00E7BA FF FF FF FF FF FF FF FF    
     25 00E7C2 FF FF FF FF FF FF FF FF    
     25 00E7CA FF FF FF FF FF FF FF FF    
     25 00E7D2 FF FF FF FF FF FF FF FF    
     25 00E7DA FF FF FF FF FF FF FF FF    
     25 00E7E2 FF FF FF FF FF FF FF FF    
     25 00E7EA FF FF FF FF FF FF FF FF    
     25 00E7F2 FF FF FF FF FF FF FF FF    
     25 00E7FA FF FF FF FF FF FF FF FF    
     25 00E802 FF FF FF FF FF FF FF FF    
     25 00E80A FF FF FF FF FF FF FF FF    
     25 00E812 FF FF FF FF FF FF FF FF    
     25 00E81A FF FF FF FF FF FF FF FF    
     25 00E822 FF FF FF FF FF FF FF FF    
     25 00E82A FF FF FF FF FF FF FF FF    
     25 00E832 FF FF FF FF FF FF FF FF    
     25 00E83A FF FF FF FF FF FF FF FF    
     25 00E842 FF FF FF FF FF FF FF FF    
     25 00E84A FF FF FF FF FF FF FF FF    
     25 00E852 FF FF FF FF FF FF FF FF    
     25 00E85A FF FF FF FF FF FF FF FF    
     25 00E862 FF FF FF FF FF FF FF FF    
     25 00E86A FF FF FF FF FF FF FF FF    
     25 00E872 FF FF FF FF FF FF FF FF    
     25 00E87A FF FF FF FF FF FF FF FF    
     25 00E882 FF FF FF FF FF FF FF FF    
     25 00E88A FF FF FF FF FF FF FF FF    
     25 00E892 FF FF FF FF FF FF FF FF    
     25 00E89A FF FF FF FF FF FF FF FF    
     25 00E8A2 FF FF FF FF FF FF FF FF    
     25 00E8AA FF FF FF FF FF FF FF FF    
     25 00E8B2 FF FF FF FF FF FF FF FF    
     25 00E8BA FF FF FF FF FF FF FF FF    
     25 00E8C2 FF FF FF FF FF FF FF FF    
     25 00E8CA FF FF FF FF FF FF FF FF    
     25 00E8D2 FF FF FF FF FF FF FF FF    
     25 00E8DA FF FF FF FF FF FF FF FF    
     25 00E8E2 FF FF FF FF FF FF FF FF    
     25 00E8EA FF FF FF FF FF FF FF FF    
     25 00E8F2 FF FF FF FF FF FF FF FF    
     25 00E8FA FF FF FF FF FF FF FF FF    
     25 00E902 FF FF FF FF FF FF FF FF    
     25 00E90A FF FF FF FF FF FF FF FF    
     25 00E912 FF FF FF FF FF FF FF FF    
     25 00E91A FF FF FF FF FF FF FF FF    
     25 00E922 FF FF FF FF FF FF FF FF    
     25 00E92A FF FF FF FF FF FF FF FF    
     25 00E932 FF FF FF FF FF FF FF FF    
     25 00E93A FF FF FF FF FF FF FF FF    
     25 00E942 FF FF FF FF FF FF FF FF    
     25 00E94A FF FF FF FF FF FF FF FF    
     25 00E952 FF FF FF FF FF FF FF FF    
     25 00E95A FF FF FF FF FF FF FF FF    
     25 00E962 FF FF FF FF FF FF FF FF    
     25 00E96A FF FF FF FF FF FF FF FF    
     25 00E972 FF FF FF FF FF FF FF FF    
     25 00E97A FF FF FF FF FF FF FF FF    
     25 00E982 FF FF FF FF FF FF FF FF    
     25 00E98A FF FF FF FF FF FF FF FF    
     25 00E992 FF FF FF FF FF FF FF FF    
     25 00E99A FF FF FF FF FF FF FF FF    
     25 00E9A2 FF FF FF FF FF FF FF FF    
     25 00E9AA FF FF FF FF FF FF FF FF    
     25 00E9B2 FF FF FF FF FF FF FF FF    
     25 00E9BA FF FF FF FF FF FF FF FF    
     25 00E9C2 FF FF FF FF FF FF FF FF    
     25 00E9CA FF FF FF FF FF FF FF FF    
     25 00E9D2 FF FF FF FF FF FF FF FF    
     25 00E9DA FF FF FF FF FF FF FF FF    
     25 00E9E2 FF FF FF FF FF FF FF FF    
     25 00E9EA FF FF FF FF FF FF FF FF    
     25 00E9F2 FF FF FF FF FF FF FF FF    
     25 00E9FA FF FF FF FF FF FF FF FF    
     25 00EA02 FF FF FF FF FF FF FF FF    
     25 00EA0A FF FF FF FF FF FF FF FF    
     25 00EA12 FF FF FF FF FF FF FF FF    
     25 00EA1A FF FF FF FF FF FF FF FF    
     25 00EA22 FF FF FF FF FF FF FF FF    
     25 00EA2A FF FF FF FF FF FF FF FF    
     25 00EA32 FF FF FF FF FF FF FF FF    
     25 00EA3A FF FF FF FF FF FF FF FF    
     25 00EA42 FF FF FF FF FF FF FF FF    
     25 00EA4A FF FF FF FF FF FF FF FF    
     25 00EA52 FF FF FF FF FF FF FF FF    
     25 00EA5A FF FF FF FF FF FF FF FF    
     25 00EA62 FF FF FF FF FF FF FF FF    
     25 00EA6A FF FF FF FF FF FF FF FF    
     25 00EA72 FF FF FF FF FF FF FF FF    
     25 00EA7A FF FF FF FF FF FF FF FF    
     25 00EA82 FF FF FF FF FF FF FF FF    
     25 00EA8A FF FF FF FF FF FF FF FF    
     25 00EA92 FF FF FF FF FF FF FF FF    
     25 00EA9A FF FF FF FF FF FF FF FF    
     25 00EAA2 FF FF FF FF FF FF FF FF    
     25 00EAAA FF FF FF FF FF FF FF FF    
     25 00EAB2 FF FF FF FF FF FF FF FF    
     25 00EABA FF FF FF FF FF FF FF FF    
     25 00EAC2 FF FF FF FF FF FF FF FF    
     25 00EACA FF FF FF FF FF FF FF FF    
     25 00EAD2 FF FF FF FF FF FF FF FF    
     25 00EADA FF FF FF FF FF FF FF FF    
     25 00EAE2 FF FF FF FF FF FF FF FF    
     25 00EAEA FF FF FF FF FF FF FF FF    
     25 00EAF2 FF FF FF FF FF FF FF FF    
     25 00EAFA FF FF FF FF FF FF FF FF    
     25 00EB02 FF FF FF FF FF FF FF FF    
     25 00EB0A FF FF FF FF FF FF FF FF    
     25 00EB12 FF FF FF FF FF FF FF FF    
     25 00EB1A FF FF FF FF FF FF FF FF    
     25 00EB22 FF FF FF FF FF FF FF FF    
     25 00EB2A FF FF FF FF FF FF FF FF    
     25 00EB32 FF FF FF FF FF FF FF FF    
     25 00EB3A FF FF FF FF FF FF FF FF    
     25 00EB42 FF FF FF FF FF FF FF FF    
     25 00EB4A FF FF FF FF FF FF FF FF    
     25 00EB52 FF FF FF FF FF FF FF FF    
     25 00EB5A FF FF FF FF FF FF FF FF    
     25 00EB62 FF FF FF FF FF FF FF FF    
     25 00EB6A FF FF FF FF FF FF FF FF    
     25 00EB72 FF FF FF FF FF FF FF FF    
     25 00EB7A FF FF FF FF FF FF FF FF    
     25 00EB82 FF FF FF FF FF FF FF FF    
     25 00EB8A FF FF FF FF FF FF FF FF    
     25 00EB92 FF FF FF FF FF FF FF FF    
     25 00EB9A FF FF FF FF FF FF FF FF    
     25 00EBA2 FF FF FF FF FF FF FF FF    
     25 00EBAA FF FF FF FF FF FF FF FF    
     25 00EBB2 FF FF FF FF FF FF FF FF    
     25 00EBBA FF FF FF FF FF FF FF FF    
     25 00EBC2 FF FF FF FF FF FF FF FF    
     25 00EBCA FF FF FF FF FF FF FF FF    
     25 00EBD2 FF FF FF FF FF FF FF FF    
     25 00EBDA FF FF FF FF FF FF FF FF    
     25 00EBE2 FF FF FF FF FF FF FF FF    
     25 00EBEA FF FF FF FF FF FF FF FF    
     25 00EBF2 FF FF FF FF FF FF FF FF    
     25 00EBFA FF FF FF FF FF FF FF FF    
     25 00EC02 FF FF FF FF FF FF FF FF    
     25 00EC0A FF FF FF FF FF FF FF FF    
     25 00EC12 FF FF FF FF FF FF FF FF    
     25 00EC1A FF FF FF FF FF FF FF FF    
     25 00EC22 FF FF FF FF FF FF FF FF    
     25 00EC2A FF FF FF FF FF FF FF FF    
     25 00EC32 FF FF FF FF FF FF FF FF    
     25 00EC3A FF FF FF FF FF FF FF FF    
     25 00EC42 FF FF FF FF FF FF FF FF    
     25 00EC4A FF FF FF FF FF FF FF FF    
     25 00EC52 FF FF FF FF FF FF FF FF    
     25 00EC5A FF FF FF FF FF FF FF FF    
     25 00EC62 FF FF FF FF FF FF FF FF    
     25 00EC6A FF FF FF FF FF FF FF FF    
     25 00EC72 FF FF FF FF FF FF FF FF    
     25 00EC7A FF FF FF FF FF FF FF FF    
     25 00EC82 FF FF FF FF FF FF FF FF    
     25 00EC8A FF FF FF FF FF FF FF FF    
     25 00EC92 FF FF FF FF FF FF FF FF    
     25 00EC9A FF FF FF FF FF FF FF FF    
     25 00ECA2 FF FF FF FF FF FF FF FF    
     25 00ECAA FF FF FF FF FF FF FF FF    
     25 00ECB2 FF FF FF FF FF FF FF FF    
     25 00ECBA FF FF FF FF FF FF FF FF    
     25 00ECC2 FF FF FF FF FF FF FF FF    
     25 00ECCA FF FF FF FF FF FF FF FF    
     25 00ECD2 FF FF FF FF FF FF FF FF    
     25 00ECDA FF FF FF FF FF FF FF FF    
     25 00ECE2 FF FF FF FF FF FF FF FF    
     25 00ECEA FF FF FF FF FF FF FF FF    
     25 00ECF2 FF FF FF FF FF FF FF FF    
     25 00ECFA FF FF FF FF FF FF FF FF    
     25 00ED02 FF FF FF FF FF FF FF FF    
     25 00ED0A FF FF FF FF FF FF FF FF    
     25 00ED12 FF FF FF FF FF FF FF FF    
     25 00ED1A FF FF FF FF FF FF FF FF    
     25 00ED22 FF FF FF FF FF FF FF FF    
     25 00ED2A FF FF FF FF FF FF FF FF    
     25 00ED32 FF FF FF FF FF FF FF FF    
     25 00ED3A FF FF FF FF FF FF FF FF    
     25 00ED42 FF FF FF FF FF FF FF FF    
     25 00ED4A FF FF FF FF FF FF FF FF    
     25 00ED52 FF FF FF FF FF FF FF FF    
     25 00ED5A FF FF FF FF FF FF FF FF    
     25 00ED62 FF FF FF FF FF FF FF FF    
     25 00ED6A FF FF FF FF FF FF FF FF    
     25 00ED72 FF FF FF FF FF FF FF FF    
     25 00ED7A FF FF FF FF FF FF FF FF    
     25 00ED82 FF FF FF FF FF FF FF FF    
     25 00ED8A FF FF FF FF FF FF FF FF    
     25 00ED92 FF FF FF FF FF FF FF FF    
     25 00ED9A FF FF FF FF FF FF FF FF    
     25 00EDA2 FF FF FF FF FF FF FF FF    
     25 00EDAA FF FF FF FF FF FF FF FF    
     25 00EDB2 FF FF FF FF FF FF FF FF    
     25 00EDBA FF FF FF FF FF FF FF FF    
     25 00EDC2 FF FF FF FF FF FF FF FF    
     25 00EDCA FF FF FF FF FF FF FF FF    
     25 00EDD2 FF FF FF FF FF FF FF FF    
     25 00EDDA FF FF FF FF FF FF FF FF    
     25 00EDE2 FF FF FF FF FF FF FF FF    
     25 00EDEA FF FF FF FF FF FF FF FF    
     25 00EDF2 FF FF FF FF FF FF FF FF    
     25 00EDFA FF FF FF FF FF FF FF FF    
     25 00EE02 FF FF FF FF FF FF FF FF    
     25 00EE0A FF FF FF FF FF FF FF FF    
     25 00EE12 FF FF FF FF FF FF FF FF    
     25 00EE1A FF FF FF FF FF FF FF FF    
     25 00EE22 FF FF FF FF FF FF FF FF    
     25 00EE2A FF FF FF FF FF FF FF FF    
     25 00EE32 FF FF FF FF FF FF FF FF    
     25 00EE3A FF FF FF FF FF FF FF FF    
     25 00EE42 FF FF FF FF FF FF FF FF    
     25 00EE4A FF FF FF FF FF FF FF FF    
     25 00EE52 FF FF FF FF FF FF FF FF    
     25 00EE5A FF FF FF FF FF FF FF FF    
     25 00EE62 FF FF FF FF FF FF FF FF    
     25 00EE6A FF FF FF FF FF FF FF FF    
     25 00EE72 FF FF FF FF FF FF FF FF    
     25 00EE7A FF FF FF FF FF FF FF FF    
     25 00EE82 FF FF FF FF FF FF FF FF    
     25 00EE8A FF FF FF FF FF FF FF FF    
     25 00EE92 FF FF FF FF FF FF FF FF    
     25 00EE9A FF FF FF FF FF FF FF FF    
     25 00EEA2 FF FF FF FF FF FF FF FF    
     25 00EEAA FF FF FF FF FF FF FF FF    
     25 00EEB2 FF FF FF FF FF FF FF FF    
     25 00EEBA FF FF FF FF FF FF FF FF    
     25 00EEC2 FF FF FF FF FF FF FF FF    
     25 00EECA FF FF FF FF FF FF FF FF    
     25 00EED2 FF FF FF FF FF FF FF FF    
     25 00EEDA FF FF FF FF FF FF FF FF    
     25 00EEE2 FF FF FF FF FF FF FF FF    
     25 00EEEA FF FF FF FF FF FF FF FF    
     25 00EEF2 FF FF FF FF FF FF FF FF    
     25 00EEFA FF FF FF FF FF FF FF FF    
     25 00EF02 FF FF FF FF FF FF FF FF    
     25 00EF0A FF FF FF FF FF FF FF FF    
     25 00EF12 FF FF FF FF FF FF FF FF    
     25 00EF1A FF FF FF FF FF FF FF FF    
     25 00EF22 FF FF FF FF FF FF FF FF    
     25 00EF2A FF FF FF FF FF FF FF FF    
     25 00EF32 FF FF FF FF FF FF FF FF    
     25 00EF3A FF FF FF FF FF FF FF FF    
     25 00EF42 FF FF FF FF FF FF FF FF    
     25 00EF4A FF FF FF FF FF FF FF FF    
     25 00EF52 FF FF FF FF FF FF FF FF    
     25 00EF5A FF FF FF FF FF FF FF FF    
     25 00EF62 FF FF FF FF FF FF FF FF    
     25 00EF6A FF FF FF FF FF FF FF FF    
     25 00EF72 FF FF FF FF FF FF FF FF    
     25 00EF7A FF FF FF FF FF FF FF FF    
     25 00EF82 FF FF FF FF FF FF FF FF    
     25 00EF8A FF FF FF FF FF FF FF FF    
     25 00EF92 FF FF FF FF FF FF FF FF    
     25 00EF9A FF FF FF FF FF FF FF FF    
     25 00EFA2 FF FF FF FF FF FF FF FF    
     25 00EFAA FF FF FF FF FF FF FF FF    
     25 00EFB2 FF FF FF FF FF FF FF FF    
     25 00EFBA FF FF FF FF FF FF FF FF    
     25 00EFC2 FF FF FF FF FF FF FF FF    
     25 00EFCA FF FF FF FF FF FF FF FF    
     25 00EFD2 FF FF FF FF FF FF FF FF    
     25 00EFDA FF FF FF FF FF FF FF FF    
     25 00EFE2 FF FF FF FF FF FF FF FF    
     25 00EFEA FF FF FF FF FF FF FF FF    
     25 00EFF2 FF FF FF FF FF FF FF FF    
     25 00EFFA FF FF FF FF FF FF FF FF    
     25 00F002 FF FF FF FF FF FF FF FF    
     25 00F00A FF FF FF FF FF FF FF FF    
     25 00F012 FF FF FF FF FF FF FF FF    
     25 00F01A FF FF FF FF FF FF FF FF    
     25 00F022 FF FF FF FF FF FF FF FF    
     25 00F02A FF FF FF FF FF FF FF FF    
     25 00F032 FF FF FF FF FF FF FF FF    
     25 00F03A FF FF FF FF FF FF FF FF    
     25 00F042 FF FF FF FF FF FF FF FF    
     25 00F04A FF FF FF FF FF FF FF FF    
     25 00F052 FF FF FF FF FF FF FF FF    
     25 00F05A FF FF FF FF FF FF FF FF    
     25 00F062 FF FF FF FF FF FF FF FF    
     25 00F06A FF FF FF FF FF FF FF FF    
     25 00F072 FF FF FF FF FF FF FF FF    
     25 00F07A FF FF FF FF FF FF FF FF    
     25 00F082 FF FF FF FF FF FF FF FF    
     25 00F08A FF FF FF FF FF FF FF FF    
     25 00F092 FF FF FF FF FF FF FF FF    
     25 00F09A FF FF FF FF FF FF FF FF    
     25 00F0A2 FF FF FF FF FF FF FF FF    
     25 00F0AA FF FF FF FF FF FF FF FF    
     25 00F0B2 FF FF FF FF FF FF FF FF    
     25 00F0BA FF FF FF FF FF FF FF FF    
     25 00F0C2 FF FF FF FF FF FF FF FF    
     25 00F0CA FF FF FF FF FF FF FF FF    
     25 00F0D2 FF FF FF FF FF FF FF FF    
     25 00F0DA FF FF FF FF FF FF FF FF    
     25 00F0E2 FF FF FF FF FF FF FF FF    
     25 00F0EA FF FF FF FF FF FF FF FF    
     25 00F0F2 FF FF FF FF FF FF FF FF    
     25 00F0FA FF FF FF FF FF FF FF FF    
     25 00F102 FF FF FF FF FF FF FF FF    
     25 00F10A FF FF FF FF FF FF FF FF    
     25 00F112 FF FF FF FF FF FF FF FF    
     25 00F11A FF FF FF FF FF FF FF FF    
     25 00F122 FF FF FF FF FF FF FF FF    
     25 00F12A FF FF FF FF FF FF FF FF    
     25 00F132 FF FF FF FF FF FF FF FF    
     25 00F13A FF FF FF FF FF FF FF FF    
     25 00F142 FF FF FF FF FF FF FF FF    
     25 00F14A FF FF FF FF FF FF FF FF    
     25 00F152 FF FF FF FF FF FF FF FF    
     25 00F15A FF FF FF FF FF FF FF FF    
     25 00F162 FF FF FF FF FF FF FF FF    
     25 00F16A FF FF FF FF FF FF FF FF    
     25 00F172 FF FF FF FF FF FF FF FF    
     25 00F17A FF FF FF FF FF FF FF FF    
     25 00F182 FF FF FF FF FF FF FF FF    
     25 00F18A FF FF FF FF FF FF FF FF    
     25 00F192 FF FF FF FF FF FF FF FF    
     25 00F19A FF FF FF FF FF FF FF FF    
     25 00F1A2 FF FF FF FF FF FF FF FF    
     25 00F1AA FF FF FF FF FF FF FF FF    
     25 00F1B2 FF FF FF FF FF FF FF FF    
     25 00F1BA FF FF FF FF FF FF FF FF    
     25 00F1C2 FF FF FF FF FF FF FF FF    
     25 00F1CA FF FF FF FF FF FF FF FF    
     25 00F1D2 FF FF FF FF FF FF FF FF    
     25 00F1DA FF FF FF FF FF FF FF FF    
     25 00F1E2 FF FF FF FF FF FF FF FF    
     25 00F1EA FF FF FF FF FF FF FF FF    
     25 00F1F2 FF FF FF FF FF FF FF FF    
     25 00F1FA FF FF FF FF FF FF FF FF    
     25 00F202 FF FF FF FF FF FF FF FF    
     25 00F20A FF FF FF FF FF FF FF FF    
     25 00F212 FF FF FF FF FF FF FF FF    
     25 00F21A FF FF FF FF FF FF FF FF    
     25 00F222 FF FF FF FF FF FF FF FF    
     25 00F22A FF FF FF FF FF FF FF FF    
     25 00F232 FF FF FF FF FF FF FF FF    
     25 00F23A FF FF FF FF FF FF FF FF    
     25 00F242 FF FF FF FF FF FF FF FF    
     25 00F24A FF FF FF FF FF FF FF FF    
     25 00F252 FF FF FF FF FF FF FF FF    
     25 00F25A FF FF FF FF FF FF FF FF    
     25 00F262 FF FF FF FF FF FF FF FF    
     25 00F26A FF FF FF FF FF FF FF FF    
     25 00F272 FF FF FF FF FF FF FF FF    
     25 00F27A FF FF FF FF FF FF FF FF    
     25 00F282 FF FF FF FF FF FF FF FF    
     25 00F28A FF FF FF FF FF FF FF FF    
     25 00F292 FF FF FF FF FF FF FF FF    
     25 00F29A FF FF FF FF FF FF FF FF    
     25 00F2A2 FF FF FF FF FF FF FF FF    
     25 00F2AA FF FF FF FF FF FF FF FF    
     25 00F2B2 FF FF FF FF FF FF FF FF    
     25 00F2BA FF FF FF FF FF FF FF FF    
     25 00F2C2 FF FF FF FF FF FF FF FF    
     25 00F2CA FF FF FF FF FF FF FF FF    
     25 00F2D2 FF FF FF FF FF FF FF FF    
     25 00F2DA FF FF FF FF FF FF FF FF    
     25 00F2E2 FF FF FF FF FF FF FF FF    
     25 00F2EA FF FF FF FF FF FF FF FF    
     25 00F2F2 FF FF FF FF FF FF FF FF    
     25 00F2FA FF FF FF FF FF FF FF FF    
     25 00F302 FF FF FF FF FF FF FF FF    
     25 00F30A FF FF FF FF FF FF FF FF    
     25 00F312 FF FF FF FF FF FF FF FF    
     25 00F31A FF FF FF FF FF FF FF FF    
     25 00F322 FF FF FF FF FF FF FF FF    
     25 00F32A FF FF FF FF FF FF FF FF    
     25 00F332 FF FF FF FF FF FF FF FF    
     25 00F33A FF FF FF FF FF FF FF FF    
     25 00F342 FF FF FF FF FF FF FF FF    
     25 00F34A FF FF FF FF FF FF FF FF    
     25 00F352 FF FF FF FF FF FF FF FF    
     25 00F35A FF FF FF FF FF FF FF FF    
     25 00F362 FF FF FF FF FF FF FF FF    
     25 00F36A FF FF FF FF FF FF FF FF    
     25 00F372 FF FF FF FF FF FF FF FF    
     25 00F37A FF FF FF FF FF FF FF FF    
     25 00F382 FF FF FF FF FF FF FF FF    
     25 00F38A FF FF FF FF FF FF FF FF    
     25 00F392 FF FF FF FF FF FF FF FF    
     25 00F39A FF FF FF FF FF FF FF FF    
     25 00F3A2 FF FF FF FF FF FF FF FF    
     25 00F3AA FF FF FF FF FF FF FF FF    
     25 00F3B2 FF FF FF FF FF FF FF FF    
     25 00F3BA FF FF FF FF FF FF FF FF    
     25 00F3C2 FF FF FF FF FF FF FF FF    
     25 00F3CA FF FF FF FF FF FF FF FF    
     25 00F3D2 FF FF FF FF FF FF FF FF    
     25 00F3DA FF FF FF FF FF FF FF FF    
     25 00F3E2 FF FF FF FF FF FF FF FF    
     25 00F3EA FF FF FF FF FF FF FF FF    
     25 00F3F2 FF FF FF FF FF FF FF FF    
     25 00F3FA FF FF FF FF FF FF FF FF    
     25 00F402 FF FF FF FF FF FF FF FF    
     25 00F40A FF FF FF FF FF FF FF FF    
     25 00F412 FF FF FF FF FF FF FF FF    
     25 00F41A FF FF FF FF FF FF FF FF    
     25 00F422 FF FF FF FF FF FF FF FF    
     25 00F42A FF FF FF FF FF FF FF FF    
     25 00F432 FF FF FF FF FF FF FF FF    
     25 00F43A FF FF FF FF FF FF FF FF    
     25 00F442 FF FF FF FF FF FF FF FF    
     25 00F44A FF FF FF FF FF FF FF FF    
     25 00F452 FF FF FF FF FF FF FF FF    
     25 00F45A FF FF FF FF FF FF FF FF    
     25 00F462 FF FF FF FF FF FF FF FF    
     25 00F46A FF FF FF FF FF FF FF FF    
     25 00F472 FF FF FF FF FF FF FF FF    
     25 00F47A FF FF FF FF FF FF FF FF    
     25 00F482 FF FF FF FF FF FF FF FF    
     25 00F48A FF FF FF FF FF FF FF FF    
     25 00F492 FF FF FF FF FF FF FF FF    
     25 00F49A FF FF FF FF FF FF FF FF    
     25 00F4A2 FF FF FF FF FF FF FF FF    
     25 00F4AA FF FF FF FF FF FF FF FF    
     25 00F4B2 FF FF FF FF FF FF FF FF    
     25 00F4BA FF FF FF FF FF FF FF FF    
     25 00F4C2 FF FF FF FF FF FF FF FF    
     25 00F4CA FF FF FF FF FF FF FF FF    
     25 00F4D2 FF FF FF FF FF FF FF FF    
     25 00F4DA FF FF FF FF FF FF FF FF    
     25 00F4E2 FF FF FF FF FF FF FF FF    
     25 00F4EA FF FF FF FF FF FF FF FF    
     25 00F4F2 FF FF FF FF FF FF FF FF    
     25 00F4FA FF FF FF FF FF FF FF FF    
     25 00F502 FF FF FF FF FF FF FF FF    
     25 00F50A FF FF FF FF FF FF FF FF    
     25 00F512 FF FF FF FF FF FF FF FF    
     25 00F51A FF FF FF FF FF FF FF FF    
     25 00F522 FF FF FF FF FF FF FF FF    
     25 00F52A FF FF FF FF FF FF FF FF    
     25 00F532 FF FF FF FF FF FF FF FF    
     25 00F53A FF FF FF FF FF FF FF FF    
     25 00F542 FF FF FF FF FF FF FF FF    
     25 00F54A FF FF FF FF FF FF FF FF    
     25 00F552 FF FF FF FF FF FF FF FF    
     25 00F55A FF FF FF FF FF FF FF FF    
     25 00F562 FF FF FF FF FF FF FF FF    
     25 00F56A FF FF FF FF FF FF FF FF    
     25 00F572 FF FF FF FF FF FF FF FF    
     25 00F57A FF FF FF FF FF FF FF FF    
     25 00F582 FF FF FF FF FF FF FF FF    
     25 00F58A FF FF FF FF FF FF FF FF    
     25 00F592 FF FF FF FF FF FF FF FF    
     25 00F59A FF FF FF FF FF FF FF FF    
     25 00F5A2 FF FF FF FF FF FF FF FF    
     25 00F5AA FF FF FF FF FF FF FF FF    
     25 00F5B2 FF FF FF FF FF FF FF FF    
     25 00F5BA FF FF FF FF FF FF FF FF    
     25 00F5C2 FF FF FF FF FF FF FF FF    
     25 00F5CA FF FF FF FF FF FF FF FF    
     25 00F5D2 FF FF FF FF FF FF FF FF    
     25 00F5DA FF FF FF FF FF FF FF FF    
     25 00F5E2 FF FF FF FF FF FF FF FF    
     25 00F5EA FF FF FF FF FF FF FF FF    
     25 00F5F2 FF FF FF FF FF FF FF FF    
     25 00F5FA FF FF FF FF FF FF FF FF    
     25 00F602 FF FF FF FF FF FF FF FF    
     25 00F60A FF FF FF FF FF FF FF FF    
     25 00F612 FF FF FF FF FF FF FF FF    
     25 00F61A FF FF FF FF FF FF FF FF    
     25 00F622 FF FF FF FF FF FF FF FF    
     25 00F62A FF FF FF FF FF FF FF FF    
     25 00F632 FF FF FF FF FF FF FF FF    
     25 00F63A FF FF FF FF FF FF FF FF    
     25 00F642 FF FF FF FF FF FF FF FF    
     25 00F64A FF FF FF FF FF FF FF FF    
     25 00F652 FF FF FF FF FF FF FF FF    
     25 00F65A FF FF FF FF FF FF FF FF    
     25 00F662 FF FF FF FF FF FF FF FF    
     25 00F66A FF FF FF FF FF FF FF FF    
     25 00F672 FF FF FF FF FF FF FF FF    
     25 00F67A FF FF FF FF FF FF FF FF    
     25 00F682 FF FF FF FF FF FF FF FF    
     25 00F68A FF FF FF FF FF FF FF FF    
     25 00F692 FF FF FF FF FF FF FF FF    
     25 00F69A FF FF FF FF FF FF FF FF    
     25 00F6A2 FF FF FF FF FF FF FF FF    
     25 00F6AA FF FF FF FF FF FF FF FF    
     25 00F6B2 FF FF FF FF FF FF FF FF    
     25 00F6BA FF FF FF FF FF FF FF FF    
     25 00F6C2 FF FF FF FF FF FF FF FF    
     25 00F6CA FF FF FF FF FF FF FF FF    
     25 00F6D2 FF FF FF FF FF FF FF FF    
     25 00F6DA FF FF FF FF FF FF FF FF    
     25 00F6E2 FF FF FF FF FF FF FF FF    
     25 00F6EA FF FF FF FF FF FF FF FF    
     25 00F6F2 FF FF FF FF FF FF FF FF    
     25 00F6FA FF FF FF FF FF FF FF FF    
     25 00F702 FF FF FF FF FF FF FF FF    
     25 00F70A FF FF FF FF FF FF FF FF    
     25 00F712 FF FF FF FF FF FF FF FF    
     25 00F71A FF FF FF FF FF FF FF FF    
     25 00F722 FF FF FF FF FF FF FF FF    
     25 00F72A FF FF FF FF FF FF FF FF    
     25 00F732 FF FF FF FF FF FF FF FF    
     25 00F73A FF FF FF FF FF FF FF FF    
     25 00F742 FF FF FF FF FF FF FF FF    
     25 00F74A FF FF FF FF FF FF FF FF    
     25 00F752 FF FF FF FF FF FF FF FF    
     25 00F75A FF FF FF FF FF FF FF FF    
     25 00F762 FF FF FF FF FF FF FF FF    
     25 00F76A FF FF FF FF FF FF FF FF    
     25 00F772 FF FF FF FF FF FF FF FF    
     25 00F77A FF FF FF FF FF FF FF FF    
     25 00F782 FF FF FF FF FF FF FF FF    
     25 00F78A FF FF FF FF FF FF FF FF    
     25 00F792 FF FF FF FF FF FF FF FF    
     25 00F79A FF FF FF FF FF FF FF FF    
     25 00F7A2 FF FF FF FF FF FF FF FF    
     25 00F7AA FF FF FF FF FF FF FF FF    
     25 00F7B2 FF FF FF FF FF FF FF FF    
     25 00F7BA FF FF FF FF FF FF FF FF    
     25 00F7C2 FF FF FF FF FF FF FF FF    
     25 00F7CA FF FF FF FF FF FF FF FF    
     25 00F7D2 FF FF FF FF FF FF FF FF    
     25 00F7DA FF FF FF FF FF FF FF FF    
     25 00F7E2 FF FF FF FF FF FF FF FF    
     25 00F7EA FF FF FF FF FF FF FF FF    
     25 00F7F2 FF FF FF FF FF FF FF FF    
     25 00F7FA FF FF FF FF FF FF FF FF    
     25 00F802 FF FF FF FF FF FF FF FF    
     25 00F80A FF FF FF FF FF FF FF FF    
     25 00F812 FF FF FF FF FF FF FF FF    
     25 00F81A FF FF FF FF FF FF FF FF    
     25 00F822 FF FF FF FF FF FF FF FF    
     25 00F82A FF FF FF FF FF FF FF FF    
     25 00F832 FF FF FF FF FF FF FF FF    
     25 00F83A FF FF FF FF FF FF FF FF    
     25 00F842 FF FF FF FF FF FF FF FF    
     25 00F84A FF FF FF FF FF FF FF FF    
     25 00F852 FF FF FF FF FF FF FF FF    
     25 00F85A FF FF FF FF FF FF FF FF    
     25 00F862 FF FF FF FF FF FF FF FF    
     25 00F86A FF FF FF FF FF FF FF FF    
     25 00F872 FF FF FF FF FF FF FF FF    
     25 00F87A FF FF FF FF FF FF FF FF    
     25 00F882 FF FF FF FF FF FF FF FF    
     25 00F88A FF FF FF FF FF FF FF FF    
     25 00F892 FF FF FF FF FF FF FF FF    
     25 00F89A FF FF FF FF FF FF FF FF    
     25 00F8A2 FF FF FF FF FF FF FF FF    
     25 00F8AA FF FF FF FF FF FF FF FF    
     25 00F8B2 FF FF FF FF FF FF FF FF    
     25 00F8BA FF FF FF FF FF FF FF FF    
     25 00F8C2 FF FF FF FF FF FF FF FF    
     25 00F8CA FF FF FF FF FF FF FF FF    
     25 00F8D2 FF FF FF FF FF FF FF FF    
     25 00F8DA FF FF FF FF FF FF FF FF    
     25 00F8E2 FF FF FF FF FF FF FF FF    
     25 00F8EA FF FF FF FF FF FF FF FF    
     25 00F8F2 FF FF FF FF FF FF FF FF    
     25 00F8FA FF FF FF FF FF FF FF FF    
     25 00F902 FF FF FF FF FF FF FF FF    
     25 00F90A FF FF FF FF FF FF FF FF    
     25 00F912 FF FF FF FF FF FF FF FF    
     25 00F91A FF FF FF FF FF FF FF FF    
     25 00F922 FF FF FF FF FF FF FF FF    
     25 00F92A FF FF FF FF FF FF FF FF    
     25 00F932 FF FF FF FF FF FF FF FF    
     25 00F93A FF FF FF FF FF FF FF FF    
     25 00F942 FF FF FF FF FF FF FF FF    
     25 00F94A FF FF FF FF FF FF FF FF    
     25 00F952 FF FF FF FF FF FF FF FF    
     25 00F95A FF FF FF FF FF FF FF FF    
     25 00F962 FF FF FF FF FF FF FF FF    
     25 00F96A FF FF FF FF FF FF FF FF    
     25 00F972 FF FF FF FF FF FF FF FF    
     25 00F97A FF FF FF FF FF FF FF FF    
     25 00F982 FF FF FF FF FF FF FF FF    
     25 00F98A FF FF FF FF FF FF FF FF    
     25 00F992 FF FF FF FF FF FF FF FF    
     25 00F99A FF FF FF FF FF FF FF FF    
     25 00F9A2 FF FF FF FF FF FF FF FF    
     25 00F9AA FF FF FF FF FF FF FF FF    
     25 00F9B2 FF FF FF FF FF FF FF FF    
     25 00F9BA FF FF FF FF FF FF FF FF    
     25 00F9C2 FF FF FF FF FF FF FF FF    
     25 00F9CA FF FF FF FF FF FF FF FF    
     25 00F9D2 FF FF FF FF FF FF FF FF    
     25 00F9DA FF FF FF FF FF FF FF FF    
     25 00F9E2 FF FF FF FF FF FF FF FF    
     25 00F9EA FF FF FF FF FF FF FF FF    
     25 00F9F2 FF FF FF FF FF FF FF FF    
     25 00F9FA FF FF FF FF FF FF FF FF    
     25 00FA02 FF FF FF FF FF FF FF FF    
     25 00FA0A FF FF FF FF FF FF FF FF    
     25 00FA12 FF FF FF FF FF FF FF FF    
     25 00FA1A FF FF FF FF FF FF FF FF    
     25 00FA22 FF FF FF FF FF FF FF FF    
     25 00FA2A FF FF FF FF FF FF FF FF    
     25 00FA32 FF FF FF FF FF FF FF FF    
     25 00FA3A FF FF FF FF FF FF FF FF    
     25 00FA42 FF FF FF FF FF FF FF FF    
     25 00FA4A FF FF FF FF FF FF FF FF    
     25 00FA52 FF FF FF FF FF FF FF FF    
     25 00FA5A FF FF FF FF FF FF FF FF    
     25 00FA62 FF FF FF FF FF FF FF FF    
     25 00FA6A FF FF FF FF FF FF FF FF    
     25 00FA72 FF FF FF FF FF FF FF FF    
     25 00FA7A FF FF FF FF FF FF FF FF    
     25 00FA82 FF FF FF FF FF FF FF FF    
     25 00FA8A FF FF FF FF FF FF FF FF    
     25 00FA92 FF FF FF FF FF FF FF FF    
     25 00FA9A FF FF FF FF FF FF FF FF    
     25 00FAA2 FF FF FF FF FF FF FF FF    
     25 00FAAA FF FF FF FF FF FF FF FF    
     25 00FAB2 FF FF FF FF FF FF FF FF    
     25 00FABA FF FF FF FF FF FF FF FF    
     25 00FAC2 FF FF FF FF FF FF FF FF    
     25 00FACA FF FF FF FF FF FF FF FF    
     25 00FAD2 FF FF FF FF FF FF FF FF    
     25 00FADA FF FF FF FF FF FF FF FF    
     25 00FAE2 FF FF FF FF FF FF FF FF    
     25 00FAEA FF FF FF FF FF FF FF FF    
     25 00FAF2 FF FF FF FF FF FF FF FF    
     25 00FAFA FF FF FF FF FF FF FF FF    
     25 00FB02 FF FF FF FF FF FF FF FF    
     25 00FB0A FF FF FF FF FF FF FF FF    
     25 00FB12 FF FF FF FF FF FF FF FF    
     25 00FB1A FF FF FF FF FF FF FF FF    
     25 00FB22 FF FF FF FF FF FF FF FF    
     25 00FB2A FF FF FF FF FF FF FF FF    
     25 00FB32 FF FF FF FF FF FF FF FF    
     25 00FB3A FF FF FF FF FF FF FF FF    
     25 00FB42 FF FF FF FF FF FF FF FF    
     25 00FB4A FF FF FF FF FF FF FF FF    
     25 00FB52 FF FF FF FF FF FF FF FF    
     25 00FB5A FF FF FF FF FF FF FF FF    
     25 00FB62 FF FF FF FF FF FF FF FF    
     25 00FB6A FF FF FF FF FF FF FF FF    
     25 00FB72 FF FF FF FF FF FF FF FF    
     25 00FB7A FF FF FF FF FF FF FF FF    
     25 00FB82 FF FF FF FF FF FF FF FF    
     25 00FB8A FF FF FF FF FF FF FF FF    
     25 00FB92 FF FF FF FF FF FF FF FF    
     25 00FB9A FF FF FF FF FF FF FF FF    
     25 00FBA2 FF FF FF FF FF FF FF FF    
     25 00FBAA FF FF FF FF FF FF FF FF    
     25 00FBB2 FF FF FF FF FF FF FF FF    
     25 00FBBA FF FF FF FF FF FF FF FF    
     25 00FBC2 FF FF FF FF FF FF FF FF    
     25 00FBCA FF FF FF FF FF FF FF FF    
     25 00FBD2 FF FF FF FF FF FF FF FF    
     25 00FBDA FF FF FF FF FF FF FF FF    
     25 00FBE2 FF FF FF FF FF FF FF FF    
     25 00FBEA FF FF FF FF FF FF FF FF    
     25 00FBF2 FF FF FF FF FF FF FF FF    
     25 00FBFA FF FF FF FF FF FF FF FF    
     25 00FC02 FF FF FF FF FF FF FF FF    
     25 00FC0A FF FF FF FF FF FF FF FF    
     25 00FC12 FF FF FF FF FF FF FF FF    
     25 00FC1A FF FF FF FF FF FF FF FF    
     25 00FC22 FF FF FF FF FF FF FF FF    
     25 00FC2A FF FF FF FF FF FF FF FF    
     25 00FC32 FF FF FF FF FF FF FF FF    
     25 00FC3A FF FF FF FF FF FF FF FF    
     25 00FC42 FF FF FF FF FF FF FF FF    
     25 00FC4A FF FF FF FF FF FF FF FF    
     25 00FC52 FF FF FF FF FF FF FF FF    
     25 00FC5A FF FF FF FF FF FF FF FF    
     25 00FC62 FF FF FF FF FF FF FF FF    
     25 00FC6A FF FF FF FF FF FF FF FF    
     25 00FC72 FF FF FF FF FF FF FF FF    
     25 00FC7A FF FF FF FF FF FF FF FF    
     25 00FC82 FF FF FF FF FF FF FF FF    
     25 00FC8A FF FF FF FF FF FF FF FF    
     25 00FC92 FF FF FF FF FF FF FF FF    
     25 00FC9A FF FF FF FF FF FF FF FF    
     25 00FCA2 FF FF FF FF FF FF FF FF    
     25 00FCAA FF FF FF FF FF FF FF FF    
     25 00FCB2 FF FF FF FF FF FF FF FF    
     25 00FCBA FF FF FF FF FF FF FF FF    
     25 00FCC2 FF FF FF FF FF FF FF FF    
     25 00FCCA FF FF FF FF FF FF FF FF    
     25 00FCD2 FF FF FF FF FF FF FF FF    
     25 00FCDA FF FF FF FF FF FF FF FF    
     25 00FCE2 FF FF FF FF FF FF FF FF    
     25 00FCEA FF FF FF FF FF FF FF FF    
     25 00FCF2 FF FF FF FF FF FF FF FF    
     25 00FCFA FF FF FF FF FF FF FF FF    
     25 00FD02 FF FF FF FF FF FF FF FF    
     25 00FD0A FF FF FF FF FF FF FF FF    
     25 00FD12 FF FF FF FF FF FF FF FF    
     25 00FD1A FF FF FF FF FF FF FF FF    
     25 00FD22 FF FF FF FF FF FF FF FF    
     25 00FD2A FF FF FF FF FF FF FF FF    
     25 00FD32 FF FF FF FF FF FF FF FF    
     25 00FD3A FF FF FF FF FF FF FF FF    
     25 00FD42 FF FF FF FF FF FF FF FF    
     25 00FD4A FF FF FF FF FF FF FF FF    
     25 00FD52 FF FF FF FF FF FF FF FF    
     25 00FD5A FF FF FF FF FF FF FF FF    
     25 00FD62 FF FF FF FF FF FF FF FF    
     25 00FD6A FF FF FF FF FF FF FF FF    
     25 00FD72 FF FF FF FF FF FF FF FF    
     25 00FD7A FF FF FF FF FF FF FF FF    
     25 00FD82 FF FF FF FF FF FF FF FF    
     25 00FD8A FF FF FF FF FF FF FF FF    
     25 00FD92 FF FF FF FF FF FF FF FF    
     25 00FD9A FF FF FF FF FF FF FF FF    
     25 00FDA2 FF FF FF FF FF FF FF FF    
     25 00FDAA FF FF FF FF FF FF FF FF    
     25 00FDB2 FF FF FF FF FF FF FF FF    
     25 00FDBA FF FF FF FF FF FF FF FF    
     25 00FDC2 FF FF FF FF FF FF FF FF    
     25 00FDCA FF FF FF FF FF FF FF FF    
     25 00FDD2 FF FF FF FF FF FF FF FF    
     25 00FDDA FF FF FF FF FF FF FF FF    
     25 00FDE2 FF FF FF FF FF FF FF FF    
     25 00FDEA FF FF FF FF FF FF FF FF    
     25 00FDF2 FF FF FF FF FF FF FF FF    
     25 00FDFA FF FF FF FF FF FF FF FF    
     25 00FE02 FF FF FF FF FF FF FF FF    
     25 00FE0A FF FF FF FF FF FF FF FF    
     25 00FE12 FF FF FF FF FF FF FF FF    
     25 00FE1A FF FF FF FF FF FF FF FF    
     25 00FE22 FF FF FF FF FF FF FF FF    
     25 00FE2A FF FF FF FF FF FF FF FF    
     25 00FE32 FF FF FF FF FF FF FF FF    
     25 00FE3A FF FF FF FF FF FF FF FF    
     25 00FE42 FF FF FF FF FF FF FF FF    
     25 00FE4A FF FF FF FF FF FF FF FF    
     25 00FE52 FF FF FF FF FF FF FF FF    
     25 00FE5A FF FF FF FF FF FF FF FF    
     25 00FE62 FF FF FF FF FF FF FF FF    
     25 00FE6A FF FF FF FF FF FF FF FF    
     25 00FE72 FF FF FF FF FF FF FF FF    
     25 00FE7A FF FF FF FF FF FF FF FF    
     25 00FE82 FF FF FF FF FF FF FF FF    
     25 00FE8A FF FF FF FF FF FF FF FF    
     25 00FE92 FF FF FF FF FF FF FF FF    
     25 00FE9A FF FF FF FF FF FF FF FF    
     25 00FEA2 FF FF FF FF FF FF FF FF    
     25 00FEAA FF FF FF FF FF FF FF FF    
     25 00FEB2 FF FF FF FF FF FF FF FF    
     25 00FEBA FF FF FF FF FF FF FF FF    
     25 00FEC2 FF FF FF FF FF FF FF FF    
     25 00FECA FF FF FF FF FF FF FF FF    
     25 00FED2 FF FF FF FF FF FF FF FF    
     25 00FEDA FF FF FF FF FF FF FF FF    
     25 00FEE2 FF FF FF FF FF FF FF FF    
     25 00FEEA FF FF FF FF FF FF FF FF    
     25 00FEF2 FF FF FF FF FF FF FF FF    
     25 00FEFA FF FF FF FF FF FF FF FF    
     25 00FF02 FF FF FF FF FF FF FF FF    
     25 00FF0A FF FF FF FF FF FF FF FF    
     25 00FF12 FF FF FF FF FF FF FF FF    
     25 00FF1A FF FF FF FF FF FF FF FF    
     25 00FF22 FF FF FF FF FF FF FF FF    
     25 00FF2A FF FF FF FF FF FF FF FF    
     25 00FF32 FF FF FF FF FF FF FF FF    
     25 00FF3A FF FF FF FF FF FF FF FF    
     25 00FF42 FF FF FF FF FF FF FF FF    
     25 00FF4A FF FF FF FF FF FF FF FF    
     25 00FF52 FF FF FF FF FF FF FF FF    
     25 00FF5A FF FF FF FF FF FF FF FF    
     25 00FF62 FF FF FF FF FF FF FF FF    
     25 00FF6A FF FF FF FF FF FF FF FF    
     25 00FF72 FF FF FF FF FF FF FF FF    
     25 00FF7A FF FF FF FF FF FF FF FF    
     25 00FF82 FF FF FF FF FF FF FF FF    
     25 00FF8A FF FF FF FF FF FF FF FF    
     25 00FF92 FF FF FF FF FF FF FF FF    
     25 00FF9A FF FF FF FF FF FF FF FF    
     25 00FFA2 FF FF FF FF FF FF FF FF    
     25 00FFAA FF FF FF FF FF FF FF FF    
     25 00FFB2 FF FF FF FF FF FF FF FF    
     25 00FFBA FF FF FF FF FF FF FF FF    
     25 00FFC2 FF FF FF FF FF FF FF FF    
     25 00FFCA FF FF FF FF FF FF FF FF    
     25 00FFD2 FF FF FF FF FF FF FF FF    
     25 00FFDA FF FF FF FF FF FF FF FF    
     25 00FFE2 FF FF FF FF FF FF FF FF    
     25 00FFEA FF FF FF FF FF FF FF FF    
     25 00FFF2 FF FF FF FF FF FF FF FF    
     25 00FFFA FF FF                      
     26 00FFFC 00 E0                        	dw		$E000

Checksum=CBC88175

Number of instructions processed: 17
Number of opcode bytes: 34
Bytes per instruction: 2.000000 (16.000000 bits)
Clock cycle count: 0
Clocks per instruction: 0.000000

The above statistics are only estimates.

	The CPI assumes data memory access requires two clock cycles and instruction
	access is single cycle. The actual CPI may be higher if there are memory wait 
	states, or lower if data is found in the cache.
