Finitron 65002 assembler   version 1.2   Thu Nov 27 20:07:42 2014     Page 1
test816.asm

                                           	cpu		W65C816S
                                           	.org	$E000
                                           
      4 00E000                             start:
      5 00E000 78                           	sei
      6 00E001 D8                           	cld
      7 00E002 18                           	clc					; switch to '816 mode
      8 00E003 FB                           	xce
      9 00E004 C2 30                        	rep		#$30		; set 16 bit regs & mem
                                           	ndx 	16
                                           	mem		16
     12 00E006 A9 FF 1F                     	lda		#$1FFF		; set top of stack
     13 00E009 1B                           	tas
     14 00E00A 58                           	cli
     15 00E00B A9 70 00                     	lda		#$0070		; program chip selects for I/O
     16 00E00E 8D 00 F0                     	sta		$F000		; at $007000
     17 00E011 A9 71 00                     	lda		#$0071
     18 00E014 8D 02 F0                     	sta		$F002
     19 00E017 20 29 E0                     	jsr		echo_switch
     20 00E01A A0 00 00                     	ldy		#$0000
     21 00E01D                             .st0001:
     22 00E01D A2 00 00                     	ldx		#$0000
     23 00E020                             .st0002:
     24 00E020 E8                           	inx
     25 00E021 D0 FD                        	bne		.st0002
     26 00E023 20 29 E0                     	jsr		echo_switch
     27 00E026 C8                           	iny
     28 00E027 80 F4                        	bra		.st0001
                                           
     30 00E029                             echo_switch:
     31 00E029 AD 00 71                     	lda		$7100
     32 00E02C 8D 00 70                     	sta		$7000
     33 00E02F 60                           	rts
                                           
     35 00E030                             IRQRout:
     36 00E030 48                           	pha
     37 00E031 A9 AA 00                     	lda		#$AA
     38 00E034 8D 00 70                     	sta		$7000
     39 00E037 68                           	pla
     40 00E038 40                           	rti
                                           
     42 00E039 FF FF FF FF FF FF FF FF      	.org	$FFEE		; IRQ vector
     42 00E041 FF FF FF FF FF FF FF FF    
     42 00E049 FF FF FF FF FF FF FF FF    
     42 00E051 FF FF FF FF FF FF FF FF    
     42 00E059 FF FF FF FF FF FF FF FF    
     42 00E061 FF FF FF FF FF FF FF FF    
     42 00E069 FF FF FF FF FF FF FF FF    
     42 00E071 FF FF FF FF FF FF FF FF    
     42 00E079 FF FF FF FF FF FF FF FF    
     42 00E081 FF FF FF FF FF FF FF FF    
     42 00E089 FF FF FF FF FF FF FF FF    
     42 00E091 FF FF FF FF FF FF FF FF    
     42 00E099 FF FF FF FF FF FF FF FF    
     42 00E0A1 FF FF FF FF FF FF FF FF    
     42 00E0A9 FF FF FF FF FF FF FF FF    
     42 00E0B1 FF FF FF FF FF FF FF FF    
     42 00E0B9 FF FF FF FF FF FF FF FF    
     42 00E0C1 FF FF FF FF FF FF FF FF    
     42 00E0C9 FF FF FF FF FF FF FF FF    
     42 00E0D1 FF FF FF FF FF FF FF FF    
     42 00E0D9 FF FF FF FF FF FF FF FF    
     42 00E0E1 FF FF FF FF FF FF FF FF    
     42 00E0E9 FF FF FF FF FF FF FF FF    
     42 00E0F1 FF FF FF FF FF FF FF FF    
     42 00E0F9 FF FF FF FF FF FF FF FF    
     42 00E101 FF FF FF FF FF FF FF FF    
     42 00E109 FF FF FF FF FF FF FF FF    
     42 00E111 FF FF FF FF FF FF FF FF    
     42 00E119 FF FF FF FF FF FF FF FF    
     42 00E121 FF FF FF FF FF FF FF FF    
     42 00E129 FF FF FF FF FF FF FF FF    
     42 00E131 FF FF FF FF FF FF FF FF    
     42 00E139 FF FF FF FF FF FF FF FF    
     42 00E141 FF FF FF FF FF FF FF FF    
     42 00E149 FF FF FF FF FF FF FF FF    
     42 00E151 FF FF FF FF FF FF FF FF    
     42 00E159 FF FF FF FF FF FF FF FF    
     42 00E161 FF FF FF FF FF FF FF FF    
     42 00E169 FF FF FF FF FF FF FF FF    
     42 00E171 FF FF FF FF FF FF FF FF    
     42 00E179 FF FF FF FF FF FF FF FF    
     42 00E181 FF FF FF FF FF FF FF FF    
     42 00E189 FF FF FF FF FF FF FF FF    
     42 00E191 FF FF FF FF FF FF FF FF    
     42 00E199 FF FF FF FF FF FF FF FF    
     42 00E1A1 FF FF FF FF FF FF FF FF    
     42 00E1A9 FF FF FF FF FF FF FF FF    
     42 00E1B1 FF FF FF FF FF FF FF FF    
     42 00E1B9 FF FF FF FF FF FF FF FF    
     42 00E1C1 FF FF FF FF FF FF FF FF    
     42 00E1C9 FF FF FF FF FF FF FF FF    
     42 00E1D1 FF FF FF FF FF FF FF FF    
     42 00E1D9 FF FF FF FF FF FF FF FF    
     42 00E1E1 FF FF FF FF FF FF FF FF    
     42 00E1E9 FF FF FF FF FF FF FF FF    
     42 00E1F1 FF FF FF FF FF FF FF FF    
     42 00E1F9 FF FF FF FF FF FF FF FF    
     42 00E201 FF FF FF FF FF FF FF FF    
     42 00E209 FF FF FF FF FF FF FF FF    
     42 00E211 FF FF FF FF FF FF FF FF    
     42 00E219 FF FF FF FF FF FF FF FF    
     42 00E221 FF FF FF FF FF FF FF FF    
     42 00E229 FF FF FF FF FF FF FF FF    
     42 00E231 FF FF FF FF FF FF FF FF    
     42 00E239 FF FF FF FF FF FF FF FF    
     42 00E241 FF FF FF FF FF FF FF FF    
     42 00E249 FF FF FF FF FF FF FF FF    
     42 00E251 FF FF FF FF FF FF FF FF    
     42 00E259 FF FF FF FF FF FF FF FF    
     42 00E261 FF FF FF FF FF FF FF FF    
     42 00E269 FF FF FF FF FF FF FF FF    
     42 00E271 FF FF FF FF FF FF FF FF    
     42 00E279 FF FF FF FF FF FF FF FF    
     42 00E281 FF FF FF FF FF FF FF FF    
     42 00E289 FF FF FF FF FF FF FF FF    
     42 00E291 FF FF FF FF FF FF FF FF    
     42 00E299 FF FF FF FF FF FF FF FF    
     42 00E2A1 FF FF FF FF FF FF FF FF    
     42 00E2A9 FF FF FF FF FF FF FF FF    
     42 00E2B1 FF FF FF FF FF FF FF FF    
     42 00E2B9 FF FF FF FF FF FF FF FF    
     42 00E2C1 FF FF FF FF FF FF FF FF    
     42 00E2C9 FF FF FF FF FF FF FF FF    
     42 00E2D1 FF FF FF FF FF FF FF FF    
     42 00E2D9 FF FF FF FF FF FF FF FF    
     42 00E2E1 FF FF FF FF FF FF FF FF    
     42 00E2E9 FF FF FF FF FF FF FF FF    
     42 00E2F1 FF FF FF FF FF FF FF FF    
     42 00E2F9 FF FF FF FF FF FF FF FF    
     42 00E301 FF FF FF FF FF FF FF FF    
     42 00E309 FF FF FF FF FF FF FF FF    
     42 00E311 FF FF FF FF FF FF FF FF    
     42 00E319 FF FF FF FF FF FF FF FF    
     42 00E321 FF FF FF FF FF FF FF FF    
     42 00E329 FF FF FF FF FF FF FF FF    
     42 00E331 FF FF FF FF FF FF FF FF    
     42 00E339 FF FF FF FF FF FF FF FF    
     42 00E341 FF FF FF FF FF FF FF FF    
     42 00E349 FF FF FF FF FF FF FF FF    
     42 00E351 FF FF FF FF FF FF FF FF    
     42 00E359 FF FF FF FF FF FF FF FF    
     42 00E361 FF FF FF FF FF FF FF FF    
     42 00E369 FF FF FF FF FF FF FF FF    
     42 00E371 FF FF FF FF FF FF FF FF    
     42 00E379 FF FF FF FF FF FF FF FF    
     42 00E381 FF FF FF FF FF FF FF FF    
     42 00E389 FF FF FF FF FF FF FF FF    
     42 00E391 FF FF FF FF FF FF FF FF    
     42 00E399 FF FF FF FF FF FF FF FF    
     42 00E3A1 FF FF FF FF FF FF FF FF    
     42 00E3A9 FF FF FF FF FF FF FF FF    
     42 00E3B1 FF FF FF FF FF FF FF FF    
     42 00E3B9 FF FF FF FF FF FF FF FF    
     42 00E3C1 FF FF FF FF FF FF FF FF    
     42 00E3C9 FF FF FF FF FF FF FF FF    
     42 00E3D1 FF FF FF FF FF FF FF FF    
     42 00E3D9 FF FF FF FF FF FF FF FF    
     42 00E3E1 FF FF FF FF FF FF FF FF    
     42 00E3E9 FF FF FF FF FF FF FF FF    
     42 00E3F1 FF FF FF FF FF FF FF FF    
     42 00E3F9 FF FF FF FF FF FF FF FF    
     42 00E401 FF FF FF FF FF FF FF FF    
     42 00E409 FF FF FF FF FF FF FF FF    
     42 00E411 FF FF FF FF FF FF FF FF    
     42 00E419 FF FF FF FF FF FF FF FF    
     42 00E421 FF FF FF FF FF FF FF FF    
     42 00E429 FF FF FF FF FF FF FF FF    
     42 00E431 FF FF FF FF FF FF FF FF    
     42 00E439 FF FF FF FF FF FF FF FF    
     42 00E441 FF FF FF FF FF FF FF FF    
     42 00E449 FF FF FF FF FF FF FF FF    
     42 00E451 FF FF FF FF FF FF FF FF    
     42 00E459 FF FF FF FF FF FF FF FF    
     42 00E461 FF FF FF FF FF FF FF FF    
     42 00E469 FF FF FF FF FF FF FF FF    
     42 00E471 FF FF FF FF FF FF FF FF    
     42 00E479 FF FF FF FF FF FF FF FF    
     42 00E481 FF FF FF FF FF FF FF FF    
     42 00E489 FF FF FF FF FF FF FF FF    
     42 00E491 FF FF FF FF FF FF FF FF    
     42 00E499 FF FF FF FF FF FF FF FF    
     42 00E4A1 FF FF FF FF FF FF FF FF    
     42 00E4A9 FF FF FF FF FF FF FF FF    
     42 00E4B1 FF FF FF FF FF FF FF FF    
     42 00E4B9 FF FF FF FF FF FF FF FF    
     42 00E4C1 FF FF FF FF FF FF FF FF    
     42 00E4C9 FF FF FF FF FF FF FF FF    
     42 00E4D1 FF FF FF FF FF FF FF FF    
     42 00E4D9 FF FF FF FF FF FF FF FF    
     42 00E4E1 FF FF FF FF FF FF FF FF    
     42 00E4E9 FF FF FF FF FF FF FF FF    
     42 00E4F1 FF FF FF FF FF FF FF FF    
     42 00E4F9 FF FF FF FF FF FF FF FF    
     42 00E501 FF FF FF FF FF FF FF FF    
     42 00E509 FF FF FF FF FF FF FF FF    
     42 00E511 FF FF FF FF FF FF FF FF    
     42 00E519 FF FF FF FF FF FF FF FF    
     42 00E521 FF FF FF FF FF FF FF FF    
     42 00E529 FF FF FF FF FF FF FF FF    
     42 00E531 FF FF FF FF FF FF FF FF    
     42 00E539 FF FF FF FF FF FF FF FF    
     42 00E541 FF FF FF FF FF FF FF FF    
     42 00E549 FF FF FF FF FF FF FF FF    
     42 00E551 FF FF FF FF FF FF FF FF    
     42 00E559 FF FF FF FF FF FF FF FF    
     42 00E561 FF FF FF FF FF FF FF FF    
     42 00E569 FF FF FF FF FF FF FF FF    
     42 00E571 FF FF FF FF FF FF FF FF    
     42 00E579 FF FF FF FF FF FF FF FF    
     42 00E581 FF FF FF FF FF FF FF FF    
     42 00E589 FF FF FF FF FF FF FF FF    
     42 00E591 FF FF FF FF FF FF FF FF    
     42 00E599 FF FF FF FF FF FF FF FF    
     42 00E5A1 FF FF FF FF FF FF FF FF    
     42 00E5A9 FF FF FF FF FF FF FF FF    
     42 00E5B1 FF FF FF FF FF FF FF FF    
     42 00E5B9 FF FF FF FF FF FF FF FF    
     42 00E5C1 FF FF FF FF FF FF FF FF    
     42 00E5C9 FF FF FF FF FF FF FF FF    
     42 00E5D1 FF FF FF FF FF FF FF FF    
     42 00E5D9 FF FF FF FF FF FF FF FF    
     42 00E5E1 FF FF FF FF FF FF FF FF    
     42 00E5E9 FF FF FF FF FF FF FF FF    
     42 00E5F1 FF FF FF FF FF FF FF FF    
     42 00E5F9 FF FF FF FF FF FF FF FF    
     42 00E601 FF FF FF FF FF FF FF FF    
     42 00E609 FF FF FF FF FF FF FF FF    
     42 00E611 FF FF FF FF FF FF FF FF    
     42 00E619 FF FF FF FF FF FF FF FF    
     42 00E621 FF FF FF FF FF FF FF FF    
     42 00E629 FF FF FF FF FF FF FF FF    
     42 00E631 FF FF FF FF FF FF FF FF    
     42 00E639 FF FF FF FF FF FF FF FF    
     42 00E641 FF FF FF FF FF FF FF FF    
     42 00E649 FF FF FF FF FF FF FF FF    
     42 00E651 FF FF FF FF FF FF FF FF    
     42 00E659 FF FF FF FF FF FF FF FF    
     42 00E661 FF FF FF FF FF FF FF FF    
     42 00E669 FF FF FF FF FF FF FF FF    
     42 00E671 FF FF FF FF FF FF FF FF    
     42 00E679 FF FF FF FF FF FF FF FF    
     42 00E681 FF FF FF FF FF FF FF FF    
     42 00E689 FF FF FF FF FF FF FF FF    
     42 00E691 FF FF FF FF FF FF FF FF    
     42 00E699 FF FF FF FF FF FF FF FF    
     42 00E6A1 FF FF FF FF FF FF FF FF    
     42 00E6A9 FF FF FF FF FF FF FF FF    
     42 00E6B1 FF FF FF FF FF FF FF FF    
     42 00E6B9 FF FF FF FF FF FF FF FF    
     42 00E6C1 FF FF FF FF FF FF FF FF    
     42 00E6C9 FF FF FF FF FF FF FF FF    
     42 00E6D1 FF FF FF FF FF FF FF FF    
     42 00E6D9 FF FF FF FF FF FF FF FF    
     42 00E6E1 FF FF FF FF FF FF FF FF    
     42 00E6E9 FF FF FF FF FF FF FF FF    
     42 00E6F1 FF FF FF FF FF FF FF FF    
     42 00E6F9 FF FF FF FF FF FF FF FF    
     42 00E701 FF FF FF FF FF FF FF FF    
     42 00E709 FF FF FF FF FF FF FF FF    
     42 00E711 FF FF FF FF FF FF FF FF    
     42 00E719 FF FF FF FF FF FF FF FF    
     42 00E721 FF FF FF FF FF FF FF FF    
     42 00E729 FF FF FF FF FF FF FF FF    
     42 00E731 FF FF FF FF FF FF FF FF    
     42 00E739 FF FF FF FF FF FF FF FF    
     42 00E741 FF FF FF FF FF FF FF FF    
     42 00E749 FF FF FF FF FF FF FF FF    
     42 00E751 FF FF FF FF FF FF FF FF    
     42 00E759 FF FF FF FF FF FF FF FF    
     42 00E761 FF FF FF FF FF FF FF FF    
     42 00E769 FF FF FF FF FF FF FF FF    
     42 00E771 FF FF FF FF FF FF FF FF    
     42 00E779 FF FF FF FF FF FF FF FF    
     42 00E781 FF FF FF FF FF FF FF FF    
     42 00E789 FF FF FF FF FF FF FF FF    
     42 00E791 FF FF FF FF FF FF FF FF    
     42 00E799 FF FF FF FF FF FF FF FF    
     42 00E7A1 FF FF FF FF FF FF FF FF    
     42 00E7A9 FF FF FF FF FF FF FF FF    
     42 00E7B1 FF FF FF FF FF FF FF FF    
     42 00E7B9 FF FF FF FF FF FF FF FF    
     42 00E7C1 FF FF FF FF FF FF FF FF    
     42 00E7C9 FF FF FF FF FF FF FF FF    
     42 00E7D1 FF FF FF FF FF FF FF FF    
     42 00E7D9 FF FF FF FF FF FF FF FF    
     42 00E7E1 FF FF FF FF FF FF FF FF    
     42 00E7E9 FF FF FF FF FF FF FF FF    
     42 00E7F1 FF FF FF FF FF FF FF FF    
     42 00E7F9 FF FF FF FF FF FF FF FF    
     42 00E801 FF FF FF FF FF FF FF FF    
     42 00E809 FF FF FF FF FF FF FF FF    
     42 00E811 FF FF FF FF FF FF FF FF    
     42 00E819 FF FF FF FF FF FF FF FF    
     42 00E821 FF FF FF FF FF FF FF FF    
     42 00E829 FF FF FF FF FF FF FF FF    
     42 00E831 FF FF FF FF FF FF FF FF    
     42 00E839 FF FF FF FF FF FF FF FF    
     42 00E841 FF FF FF FF FF FF FF FF    
     42 00E849 FF FF FF FF FF FF FF FF    
     42 00E851 FF FF FF FF FF FF FF FF    
     42 00E859 FF FF FF FF FF FF FF FF    
     42 00E861 FF FF FF FF FF FF FF FF    
     42 00E869 FF FF FF FF FF FF FF FF    
     42 00E871 FF FF FF FF FF FF FF FF    
     42 00E879 FF FF FF FF FF FF FF FF    
     42 00E881 FF FF FF FF FF FF FF FF    
     42 00E889 FF FF FF FF FF FF FF FF    
     42 00E891 FF FF FF FF FF FF FF FF    
     42 00E899 FF FF FF FF FF FF FF FF    
     42 00E8A1 FF FF FF FF FF FF FF FF    
     42 00E8A9 FF FF FF FF FF FF FF FF    
     42 00E8B1 FF FF FF FF FF FF FF FF    
     42 00E8B9 FF FF FF FF FF FF FF FF    
     42 00E8C1 FF FF FF FF FF FF FF FF    
     42 00E8C9 FF FF FF FF FF FF FF FF    
     42 00E8D1 FF FF FF FF FF FF FF FF    
     42 00E8D9 FF FF FF FF FF FF FF FF    
     42 00E8E1 FF FF FF FF FF FF FF FF    
     42 00E8E9 FF FF FF FF FF FF FF FF    
     42 00E8F1 FF FF FF FF FF FF FF FF    
     42 00E8F9 FF FF FF FF FF FF FF FF    
     42 00E901 FF FF FF FF FF FF FF FF    
     42 00E909 FF FF FF FF FF FF FF FF    
     42 00E911 FF FF FF FF FF FF FF FF    
     42 00E919 FF FF FF FF FF FF FF FF    
     42 00E921 FF FF FF FF FF FF FF FF    
     42 00E929 FF FF FF FF FF FF FF FF    
     42 00E931 FF FF FF FF FF FF FF FF    
     42 00E939 FF FF FF FF FF FF FF FF    
     42 00E941 FF FF FF FF FF FF FF FF    
     42 00E949 FF FF FF FF FF FF FF FF    
     42 00E951 FF FF FF FF FF FF FF FF    
     42 00E959 FF FF FF FF FF FF FF FF    
     42 00E961 FF FF FF FF FF FF FF FF    
     42 00E969 FF FF FF FF FF FF FF FF    
     42 00E971 FF FF FF FF FF FF FF FF    
     42 00E979 FF FF FF FF FF FF FF FF    
     42 00E981 FF FF FF FF FF FF FF FF    
     42 00E989 FF FF FF FF FF FF FF FF    
     42 00E991 FF FF FF FF FF FF FF FF    
     42 00E999 FF FF FF FF FF FF FF FF    
     42 00E9A1 FF FF FF FF FF FF FF FF    
     42 00E9A9 FF FF FF FF FF FF FF FF    
     42 00E9B1 FF FF FF FF FF FF FF FF    
     42 00E9B9 FF FF FF FF FF FF FF FF    
     42 00E9C1 FF FF FF FF FF FF FF FF    
     42 00E9C9 FF FF FF FF FF FF FF FF    
     42 00E9D1 FF FF FF FF FF FF FF FF    
     42 00E9D9 FF FF FF FF FF FF FF FF    
     42 00E9E1 FF FF FF FF FF FF FF FF    
     42 00E9E9 FF FF FF FF FF FF FF FF    
     42 00E9F1 FF FF FF FF FF FF FF FF    
     42 00E9F9 FF FF FF FF FF FF FF FF    
     42 00EA01 FF FF FF FF FF FF FF FF    
     42 00EA09 FF FF FF FF FF FF FF FF    
     42 00EA11 FF FF FF FF FF FF FF FF    
     42 00EA19 FF FF FF FF FF FF FF FF    
     42 00EA21 FF FF FF FF FF FF FF FF    
     42 00EA29 FF FF FF FF FF FF FF FF    
     42 00EA31 FF FF FF FF FF FF FF FF    
     42 00EA39 FF FF FF FF FF FF FF FF    
     42 00EA41 FF FF FF FF FF FF FF FF    
     42 00EA49 FF FF FF FF FF FF FF FF    
     42 00EA51 FF FF FF FF FF FF FF FF    
     42 00EA59 FF FF FF FF FF FF FF FF    
     42 00EA61 FF FF FF FF FF FF FF FF    
     42 00EA69 FF FF FF FF FF FF FF FF    
     42 00EA71 FF FF FF FF FF FF FF FF    
     42 00EA79 FF FF FF FF FF FF FF FF    
     42 00EA81 FF FF FF FF FF FF FF FF    
     42 00EA89 FF FF FF FF FF FF FF FF    
     42 00EA91 FF FF FF FF FF FF FF FF    
     42 00EA99 FF FF FF FF FF FF FF FF    
     42 00EAA1 FF FF FF FF FF FF FF FF    
     42 00EAA9 FF FF FF FF FF FF FF FF    
     42 00EAB1 FF FF FF FF FF FF FF FF    
     42 00EAB9 FF FF FF FF FF FF FF FF    
     42 00EAC1 FF FF FF FF FF FF FF FF    
     42 00EAC9 FF FF FF FF FF FF FF FF    
     42 00EAD1 FF FF FF FF FF FF FF FF    
     42 00EAD9 FF FF FF FF FF FF FF FF    
     42 00EAE1 FF FF FF FF FF FF FF FF    
     42 00EAE9 FF FF FF FF FF FF FF FF    
     42 00EAF1 FF FF FF FF FF FF FF FF    
     42 00EAF9 FF FF FF FF FF FF FF FF    
     42 00EB01 FF FF FF FF FF FF FF FF    
     42 00EB09 FF FF FF FF FF FF FF FF    
     42 00EB11 FF FF FF FF FF FF FF FF    
     42 00EB19 FF FF FF FF FF FF FF FF    
     42 00EB21 FF FF FF FF FF FF FF FF    
     42 00EB29 FF FF FF FF FF FF FF FF    
     42 00EB31 FF FF FF FF FF FF FF FF    
     42 00EB39 FF FF FF FF FF FF FF FF    
     42 00EB41 FF FF FF FF FF FF FF FF    
     42 00EB49 FF FF FF FF FF FF FF FF    
     42 00EB51 FF FF FF FF FF FF FF FF    
     42 00EB59 FF FF FF FF FF FF FF FF    
     42 00EB61 FF FF FF FF FF FF FF FF    
     42 00EB69 FF FF FF FF FF FF FF FF    
     42 00EB71 FF FF FF FF FF FF FF FF    
     42 00EB79 FF FF FF FF FF FF FF FF    
     42 00EB81 FF FF FF FF FF FF FF FF    
     42 00EB89 FF FF FF FF FF FF FF FF    
     42 00EB91 FF FF FF FF FF FF FF FF    
     42 00EB99 FF FF FF FF FF FF FF FF    
     42 00EBA1 FF FF FF FF FF FF FF FF    
     42 00EBA9 FF FF FF FF FF FF FF FF    
     42 00EBB1 FF FF FF FF FF FF FF FF    
     42 00EBB9 FF FF FF FF FF FF FF FF    
     42 00EBC1 FF FF FF FF FF FF FF FF    
     42 00EBC9 FF FF FF FF FF FF FF FF    
     42 00EBD1 FF FF FF FF FF FF FF FF    
     42 00EBD9 FF FF FF FF FF FF FF FF    
     42 00EBE1 FF FF FF FF FF FF FF FF    
     42 00EBE9 FF FF FF FF FF FF FF FF    
     42 00EBF1 FF FF FF FF FF FF FF FF    
     42 00EBF9 FF FF FF FF FF FF FF FF    
     42 00EC01 FF FF FF FF FF FF FF FF    
     42 00EC09 FF FF FF FF FF FF FF FF    
     42 00EC11 FF FF FF FF FF FF FF FF    
     42 00EC19 FF FF FF FF FF FF FF FF    
     42 00EC21 FF FF FF FF FF FF FF FF    
     42 00EC29 FF FF FF FF FF FF FF FF    
     42 00EC31 FF FF FF FF FF FF FF FF    
     42 00EC39 FF FF FF FF FF FF FF FF    
     42 00EC41 FF FF FF FF FF FF FF FF    
     42 00EC49 FF FF FF FF FF FF FF FF    
     42 00EC51 FF FF FF FF FF FF FF FF    
     42 00EC59 FF FF FF FF FF FF FF FF    
     42 00EC61 FF FF FF FF FF FF FF FF    
     42 00EC69 FF FF FF FF FF FF FF FF    
     42 00EC71 FF FF FF FF FF FF FF FF    
     42 00EC79 FF FF FF FF FF FF FF FF    
     42 00EC81 FF FF FF FF FF FF FF FF    
     42 00EC89 FF FF FF FF FF FF FF FF    
     42 00EC91 FF FF FF FF FF FF FF FF    
     42 00EC99 FF FF FF FF FF FF FF FF    
     42 00ECA1 FF FF FF FF FF FF FF FF    
     42 00ECA9 FF FF FF FF FF FF FF FF    
     42 00ECB1 FF FF FF FF FF FF FF FF    
     42 00ECB9 FF FF FF FF FF FF FF FF    
     42 00ECC1 FF FF FF FF FF FF FF FF    
     42 00ECC9 FF FF FF FF FF FF FF FF    
     42 00ECD1 FF FF FF FF FF FF FF FF    
     42 00ECD9 FF FF FF FF FF FF FF FF    
     42 00ECE1 FF FF FF FF FF FF FF FF    
     42 00ECE9 FF FF FF FF FF FF FF FF    
     42 00ECF1 FF FF FF FF FF FF FF FF    
     42 00ECF9 FF FF FF FF FF FF FF FF    
     42 00ED01 FF FF FF FF FF FF FF FF    
     42 00ED09 FF FF FF FF FF FF FF FF    
     42 00ED11 FF FF FF FF FF FF FF FF    
     42 00ED19 FF FF FF FF FF FF FF FF    
     42 00ED21 FF FF FF FF FF FF FF FF    
     42 00ED29 FF FF FF FF FF FF FF FF    
     42 00ED31 FF FF FF FF FF FF FF FF    
     42 00ED39 FF FF FF FF FF FF FF FF    
     42 00ED41 FF FF FF FF FF FF FF FF    
     42 00ED49 FF FF FF FF FF FF FF FF    
     42 00ED51 FF FF FF FF FF FF FF FF    
     42 00ED59 FF FF FF FF FF FF FF FF    
     42 00ED61 FF FF FF FF FF FF FF FF    
     42 00ED69 FF FF FF FF FF FF FF FF    
     42 00ED71 FF FF FF FF FF FF FF FF    
     42 00ED79 FF FF FF FF FF FF FF FF    
     42 00ED81 FF FF FF FF FF FF FF FF    
     42 00ED89 FF FF FF FF FF FF FF FF    
     42 00ED91 FF FF FF FF FF FF FF FF    
     42 00ED99 FF FF FF FF FF FF FF FF    
     42 00EDA1 FF FF FF FF FF FF FF FF    
     42 00EDA9 FF FF FF FF FF FF FF FF    
     42 00EDB1 FF FF FF FF FF FF FF FF    
     42 00EDB9 FF FF FF FF FF FF FF FF    
     42 00EDC1 FF FF FF FF FF FF FF FF    
     42 00EDC9 FF FF FF FF FF FF FF FF    
     42 00EDD1 FF FF FF FF FF FF FF FF    
     42 00EDD9 FF FF FF FF FF FF FF FF    
     42 00EDE1 FF FF FF FF FF FF FF FF    
     42 00EDE9 FF FF FF FF FF FF FF FF    
     42 00EDF1 FF FF FF FF FF FF FF FF    
     42 00EDF9 FF FF FF FF FF FF FF FF    
     42 00EE01 FF FF FF FF FF FF FF FF    
     42 00EE09 FF FF FF FF FF FF FF FF    
     42 00EE11 FF FF FF FF FF FF FF FF    
     42 00EE19 FF FF FF FF FF FF FF FF    
     42 00EE21 FF FF FF FF FF FF FF FF    
     42 00EE29 FF FF FF FF FF FF FF FF    
     42 00EE31 FF FF FF FF FF FF FF FF    
     42 00EE39 FF FF FF FF FF FF FF FF    
     42 00EE41 FF FF FF FF FF FF FF FF    
     42 00EE49 FF FF FF FF FF FF FF FF    
     42 00EE51 FF FF FF FF FF FF FF FF    
     42 00EE59 FF FF FF FF FF FF FF FF    
     42 00EE61 FF FF FF FF FF FF FF FF    
     42 00EE69 FF FF FF FF FF FF FF FF    
     42 00EE71 FF FF FF FF FF FF FF FF    
     42 00EE79 FF FF FF FF FF FF FF FF    
     42 00EE81 FF FF FF FF FF FF FF FF    
     42 00EE89 FF FF FF FF FF FF FF FF    
     42 00EE91 FF FF FF FF FF FF FF FF    
     42 00EE99 FF FF FF FF FF FF FF FF    
     42 00EEA1 FF FF FF FF FF FF FF FF    
     42 00EEA9 FF FF FF FF FF FF FF FF    
     42 00EEB1 FF FF FF FF FF FF FF FF    
     42 00EEB9 FF FF FF FF FF FF FF FF    
     42 00EEC1 FF FF FF FF FF FF FF FF    
     42 00EEC9 FF FF FF FF FF FF FF FF    
     42 00EED1 FF FF FF FF FF FF FF FF    
     42 00EED9 FF FF FF FF FF FF FF FF    
     42 00EEE1 FF FF FF FF FF FF FF FF    
     42 00EEE9 FF FF FF FF FF FF FF FF    
     42 00EEF1 FF FF FF FF FF FF FF FF    
     42 00EEF9 FF FF FF FF FF FF FF FF    
     42 00EF01 FF FF FF FF FF FF FF FF    
     42 00EF09 FF FF FF FF FF FF FF FF    
     42 00EF11 FF FF FF FF FF FF FF FF    
     42 00EF19 FF FF FF FF FF FF FF FF    
     42 00EF21 FF FF FF FF FF FF FF FF    
     42 00EF29 FF FF FF FF FF FF FF FF    
     42 00EF31 FF FF FF FF FF FF FF FF    
     42 00EF39 FF FF FF FF FF FF FF FF    
     42 00EF41 FF FF FF FF FF FF FF FF    
     42 00EF49 FF FF FF FF FF FF FF FF    
     42 00EF51 FF FF FF FF FF FF FF FF    
     42 00EF59 FF FF FF FF FF FF FF FF    
     42 00EF61 FF FF FF FF FF FF FF FF    
     42 00EF69 FF FF FF FF FF FF FF FF    
     42 00EF71 FF FF FF FF FF FF FF FF    
     42 00EF79 FF FF FF FF FF FF FF FF    
     42 00EF81 FF FF FF FF FF FF FF FF    
     42 00EF89 FF FF FF FF FF FF FF FF    
     42 00EF91 FF FF FF FF FF FF FF FF    
     42 00EF99 FF FF FF FF FF FF FF FF    
     42 00EFA1 FF FF FF FF FF FF FF FF    
     42 00EFA9 FF FF FF FF FF FF FF FF    
     42 00EFB1 FF FF FF FF FF FF FF FF    
     42 00EFB9 FF FF FF FF FF FF FF FF    
     42 00EFC1 FF FF FF FF FF FF FF FF    
     42 00EFC9 FF FF FF FF FF FF FF FF    
     42 00EFD1 FF FF FF FF FF FF FF FF    
     42 00EFD9 FF FF FF FF FF FF FF FF    
     42 00EFE1 FF FF FF FF FF FF FF FF    
     42 00EFE9 FF FF FF FF FF FF FF FF    
     42 00EFF1 FF FF FF FF FF FF FF FF    
     42 00EFF9 FF FF FF FF FF FF FF FF    
     42 00F001 FF FF FF FF FF FF FF FF    
     42 00F009 FF FF FF FF FF FF FF FF    
     42 00F011 FF FF FF FF FF FF FF FF    
     42 00F019 FF FF FF FF FF FF FF FF    
     42 00F021 FF FF FF FF FF FF FF FF    
     42 00F029 FF FF FF FF FF FF FF FF    
     42 00F031 FF FF FF FF FF FF FF FF    
     42 00F039 FF FF FF FF FF FF FF FF    
     42 00F041 FF FF FF FF FF FF FF FF    
     42 00F049 FF FF FF FF FF FF FF FF    
     42 00F051 FF FF FF FF FF FF FF FF    
     42 00F059 FF FF FF FF FF FF FF FF    
     42 00F061 FF FF FF FF FF FF FF FF    
     42 00F069 FF FF FF FF FF FF FF FF    
     42 00F071 FF FF FF FF FF FF FF FF    
     42 00F079 FF FF FF FF FF FF FF FF    
     42 00F081 FF FF FF FF FF FF FF FF    
     42 00F089 FF FF FF FF FF FF FF FF    
     42 00F091 FF FF FF FF FF FF FF FF    
     42 00F099 FF FF FF FF FF FF FF FF    
     42 00F0A1 FF FF FF FF FF FF FF FF    
     42 00F0A9 FF FF FF FF FF FF FF FF    
     42 00F0B1 FF FF FF FF FF FF FF FF    
     42 00F0B9 FF FF FF FF FF FF FF FF    
     42 00F0C1 FF FF FF FF FF FF FF FF    
     42 00F0C9 FF FF FF FF FF FF FF FF    
     42 00F0D1 FF FF FF FF FF FF FF FF    
     42 00F0D9 FF FF FF FF FF FF FF FF    
     42 00F0E1 FF FF FF FF FF FF FF FF    
     42 00F0E9 FF FF FF FF FF FF FF FF    
     42 00F0F1 FF FF FF FF FF FF FF FF    
     42 00F0F9 FF FF FF FF FF FF FF FF    
     42 00F101 FF FF FF FF FF FF FF FF    
     42 00F109 FF FF FF FF FF FF FF FF    
     42 00F111 FF FF FF FF FF FF FF FF    
     42 00F119 FF FF FF FF FF FF FF FF    
     42 00F121 FF FF FF FF FF FF FF FF    
     42 00F129 FF FF FF FF FF FF FF FF    
     42 00F131 FF FF FF FF FF FF FF FF    
     42 00F139 FF FF FF FF FF FF FF FF    
     42 00F141 FF FF FF FF FF FF FF FF    
     42 00F149 FF FF FF FF FF FF FF FF    
     42 00F151 FF FF FF FF FF FF FF FF    
     42 00F159 FF FF FF FF FF FF FF FF    
     42 00F161 FF FF FF FF FF FF FF FF    
     42 00F169 FF FF FF FF FF FF FF FF    
     42 00F171 FF FF FF FF FF FF FF FF    
     42 00F179 FF FF FF FF FF FF FF FF    
     42 00F181 FF FF FF FF FF FF FF FF    
     42 00F189 FF FF FF FF FF FF FF FF    
     42 00F191 FF FF FF FF FF FF FF FF    
     42 00F199 FF FF FF FF FF FF FF FF    
     42 00F1A1 FF FF FF FF FF FF FF FF    
     42 00F1A9 FF FF FF FF FF FF FF FF    
     42 00F1B1 FF FF FF FF FF FF FF FF    
     42 00F1B9 FF FF FF FF FF FF FF FF    
     42 00F1C1 FF FF FF FF FF FF FF FF    
     42 00F1C9 FF FF FF FF FF FF FF FF    
     42 00F1D1 FF FF FF FF FF FF FF FF    
     42 00F1D9 FF FF FF FF FF FF FF FF    
     42 00F1E1 FF FF FF FF FF FF FF FF    
     42 00F1E9 FF FF FF FF FF FF FF FF    
     42 00F1F1 FF FF FF FF FF FF FF FF    
     42 00F1F9 FF FF FF FF FF FF FF FF    
     42 00F201 FF FF FF FF FF FF FF FF    
     42 00F209 FF FF FF FF FF FF FF FF    
     42 00F211 FF FF FF FF FF FF FF FF    
     42 00F219 FF FF FF FF FF FF FF FF    
     42 00F221 FF FF FF FF FF FF FF FF    
     42 00F229 FF FF FF FF FF FF FF FF    
     42 00F231 FF FF FF FF FF FF FF FF    
     42 00F239 FF FF FF FF FF FF FF FF    
     42 00F241 FF FF FF FF FF FF FF FF    
     42 00F249 FF FF FF FF FF FF FF FF    
     42 00F251 FF FF FF FF FF FF FF FF    
     42 00F259 FF FF FF FF FF FF FF FF    
     42 00F261 FF FF FF FF FF FF FF FF    
     42 00F269 FF FF FF FF FF FF FF FF    
     42 00F271 FF FF FF FF FF FF FF FF    
     42 00F279 FF FF FF FF FF FF FF FF    
     42 00F281 FF FF FF FF FF FF FF FF    
     42 00F289 FF FF FF FF FF FF FF FF    
     42 00F291 FF FF FF FF FF FF FF FF    
     42 00F299 FF FF FF FF FF FF FF FF    
     42 00F2A1 FF FF FF FF FF FF FF FF    
     42 00F2A9 FF FF FF FF FF FF FF FF    
     42 00F2B1 FF FF FF FF FF FF FF FF    
     42 00F2B9 FF FF FF FF FF FF FF FF    
     42 00F2C1 FF FF FF FF FF FF FF FF    
     42 00F2C9 FF FF FF FF FF FF FF FF    
     42 00F2D1 FF FF FF FF FF FF FF FF    
     42 00F2D9 FF FF FF FF FF FF FF FF    
     42 00F2E1 FF FF FF FF FF FF FF FF    
     42 00F2E9 FF FF FF FF FF FF FF FF    
     42 00F2F1 FF FF FF FF FF FF FF FF    
     42 00F2F9 FF FF FF FF FF FF FF FF    
     42 00F301 FF FF FF FF FF FF FF FF    
     42 00F309 FF FF FF FF FF FF FF FF    
     42 00F311 FF FF FF FF FF FF FF FF    
     42 00F319 FF FF FF FF FF FF FF FF    
     42 00F321 FF FF FF FF FF FF FF FF    
     42 00F329 FF FF FF FF FF FF FF FF    
     42 00F331 FF FF FF FF FF FF FF FF    
     42 00F339 FF FF FF FF FF FF FF FF    
     42 00F341 FF FF FF FF FF FF FF FF    
     42 00F349 FF FF FF FF FF FF FF FF    
     42 00F351 FF FF FF FF FF FF FF FF    
     42 00F359 FF FF FF FF FF FF FF FF    
     42 00F361 FF FF FF FF FF FF FF FF    
     42 00F369 FF FF FF FF FF FF FF FF    
     42 00F371 FF FF FF FF FF FF FF FF    
     42 00F379 FF FF FF FF FF FF FF FF    
     42 00F381 FF FF FF FF FF FF FF FF    
     42 00F389 FF FF FF FF FF FF FF FF    
     42 00F391 FF FF FF FF FF FF FF FF    
     42 00F399 FF FF FF FF FF FF FF FF    
     42 00F3A1 FF FF FF FF FF FF FF FF    
     42 00F3A9 FF FF FF FF FF FF FF FF    
     42 00F3B1 FF FF FF FF FF FF FF FF    
     42 00F3B9 FF FF FF FF FF FF FF FF    
     42 00F3C1 FF FF FF FF FF FF FF FF    
     42 00F3C9 FF FF FF FF FF FF FF FF    
     42 00F3D1 FF FF FF FF FF FF FF FF    
     42 00F3D9 FF FF FF FF FF FF FF FF    
     42 00F3E1 FF FF FF FF FF FF FF FF    
     42 00F3E9 FF FF FF FF FF FF FF FF    
     42 00F3F1 FF FF FF FF FF FF FF FF    
     42 00F3F9 FF FF FF FF FF FF FF FF    
     42 00F401 FF FF FF FF FF FF FF FF    
     42 00F409 FF FF FF FF FF FF FF FF    
     42 00F411 FF FF FF FF FF FF FF FF    
     42 00F419 FF FF FF FF FF FF FF FF    
     42 00F421 FF FF FF FF FF FF FF FF    
     42 00F429 FF FF FF FF FF FF FF FF    
     42 00F431 FF FF FF FF FF FF FF FF    
     42 00F439 FF FF FF FF FF FF FF FF    
     42 00F441 FF FF FF FF FF FF FF FF    
     42 00F449 FF FF FF FF FF FF FF FF    
     42 00F451 FF FF FF FF FF FF FF FF    
     42 00F459 FF FF FF FF FF FF FF FF    
     42 00F461 FF FF FF FF FF FF FF FF    
     42 00F469 FF FF FF FF FF FF FF FF    
     42 00F471 FF FF FF FF FF FF FF FF    
     42 00F479 FF FF FF FF FF FF FF FF    
     42 00F481 FF FF FF FF FF FF FF FF    
     42 00F489 FF FF FF FF FF FF FF FF    
     42 00F491 FF FF FF FF FF FF FF FF    
     42 00F499 FF FF FF FF FF FF FF FF    
     42 00F4A1 FF FF FF FF FF FF FF FF    
     42 00F4A9 FF FF FF FF FF FF FF FF    
     42 00F4B1 FF FF FF FF FF FF FF FF    
     42 00F4B9 FF FF FF FF FF FF FF FF    
     42 00F4C1 FF FF FF FF FF FF FF FF    
     42 00F4C9 FF FF FF FF FF FF FF FF    
     42 00F4D1 FF FF FF FF FF FF FF FF    
     42 00F4D9 FF FF FF FF FF FF FF FF    
     42 00F4E1 FF FF FF FF FF FF FF FF    
     42 00F4E9 FF FF FF FF FF FF FF FF    
     42 00F4F1 FF FF FF FF FF FF FF FF    
     42 00F4F9 FF FF FF FF FF FF FF FF    
     42 00F501 FF FF FF FF FF FF FF FF    
     42 00F509 FF FF FF FF FF FF FF FF    
     42 00F511 FF FF FF FF FF FF FF FF    
     42 00F519 FF FF FF FF FF FF FF FF    
     42 00F521 FF FF FF FF FF FF FF FF    
     42 00F529 FF FF FF FF FF FF FF FF    
     42 00F531 FF FF FF FF FF FF FF FF    
     42 00F539 FF FF FF FF FF FF FF FF    
     42 00F541 FF FF FF FF FF FF FF FF    
     42 00F549 FF FF FF FF FF FF FF FF    
     42 00F551 FF FF FF FF FF FF FF FF    
     42 00F559 FF FF FF FF FF FF FF FF    
     42 00F561 FF FF FF FF FF FF FF FF    
     42 00F569 FF FF FF FF FF FF FF FF    
     42 00F571 FF FF FF FF FF FF FF FF    
     42 00F579 FF FF FF FF FF FF FF FF    
     42 00F581 FF FF FF FF FF FF FF FF    
     42 00F589 FF FF FF FF FF FF FF FF    
     42 00F591 FF FF FF FF FF FF FF FF    
     42 00F599 FF FF FF FF FF FF FF FF    
     42 00F5A1 FF FF FF FF FF FF FF FF    
     42 00F5A9 FF FF FF FF FF FF FF FF    
     42 00F5B1 FF FF FF FF FF FF FF FF    
     42 00F5B9 FF FF FF FF FF FF FF FF    
     42 00F5C1 FF FF FF FF FF FF FF FF    
     42 00F5C9 FF FF FF FF FF FF FF FF    
     42 00F5D1 FF FF FF FF FF FF FF FF    
     42 00F5D9 FF FF FF FF FF FF FF FF    
     42 00F5E1 FF FF FF FF FF FF FF FF    
     42 00F5E9 FF FF FF FF FF FF FF FF    
     42 00F5F1 FF FF FF FF FF FF FF FF    
     42 00F5F9 FF FF FF FF FF FF FF FF    
     42 00F601 FF FF FF FF FF FF FF FF    
     42 00F609 FF FF FF FF FF FF FF FF    
     42 00F611 FF FF FF FF FF FF FF FF    
     42 00F619 FF FF FF FF FF FF FF FF    
     42 00F621 FF FF FF FF FF FF FF FF    
     42 00F629 FF FF FF FF FF FF FF FF    
     42 00F631 FF FF FF FF FF FF FF FF    
     42 00F639 FF FF FF FF FF FF FF FF    
     42 00F641 FF FF FF FF FF FF FF FF    
     42 00F649 FF FF FF FF FF FF FF FF    
     42 00F651 FF FF FF FF FF FF FF FF    
     42 00F659 FF FF FF FF FF FF FF FF    
     42 00F661 FF FF FF FF FF FF FF FF    
     42 00F669 FF FF FF FF FF FF FF FF    
     42 00F671 FF FF FF FF FF FF FF FF    
     42 00F679 FF FF FF FF FF FF FF FF    
     42 00F681 FF FF FF FF FF FF FF FF    
     42 00F689 FF FF FF FF FF FF FF FF    
     42 00F691 FF FF FF FF FF FF FF FF    
     42 00F699 FF FF FF FF FF FF FF FF    
     42 00F6A1 FF FF FF FF FF FF FF FF    
     42 00F6A9 FF FF FF FF FF FF FF FF    
     42 00F6B1 FF FF FF FF FF FF FF FF    
     42 00F6B9 FF FF FF FF FF FF FF FF    
     42 00F6C1 FF FF FF FF FF FF FF FF    
     42 00F6C9 FF FF FF FF FF FF FF FF    
     42 00F6D1 FF FF FF FF FF FF FF FF    
     42 00F6D9 FF FF FF FF FF FF FF FF    
     42 00F6E1 FF FF FF FF FF FF FF FF    
     42 00F6E9 FF FF FF FF FF FF FF FF    
     42 00F6F1 FF FF FF FF FF FF FF FF    
     42 00F6F9 FF FF FF FF FF FF FF FF    
     42 00F701 FF FF FF FF FF FF FF FF    
     42 00F709 FF FF FF FF FF FF FF FF    
     42 00F711 FF FF FF FF FF FF FF FF    
     42 00F719 FF FF FF FF FF FF FF FF    
     42 00F721 FF FF FF FF FF FF FF FF    
     42 00F729 FF FF FF FF FF FF FF FF    
     42 00F731 FF FF FF FF FF FF FF FF    
     42 00F739 FF FF FF FF FF FF FF FF    
     42 00F741 FF FF FF FF FF FF FF FF    
     42 00F749 FF FF FF FF FF FF FF FF    
     42 00F751 FF FF FF FF FF FF FF FF    
     42 00F759 FF FF FF FF FF FF FF FF    
     42 00F761 FF FF FF FF FF FF FF FF    
     42 00F769 FF FF FF FF FF FF FF FF    
     42 00F771 FF FF FF FF FF FF FF FF    
     42 00F779 FF FF FF FF FF FF FF FF    
     42 00F781 FF FF FF FF FF FF FF FF    
     42 00F789 FF FF FF FF FF FF FF FF    
     42 00F791 FF FF FF FF FF FF FF FF    
     42 00F799 FF FF FF FF FF FF FF FF    
     42 00F7A1 FF FF FF FF FF FF FF FF    
     42 00F7A9 FF FF FF FF FF FF FF FF    
     42 00F7B1 FF FF FF FF FF FF FF FF    
     42 00F7B9 FF FF FF FF FF FF FF FF    
     42 00F7C1 FF FF FF FF FF FF FF FF    
     42 00F7C9 FF FF FF FF FF FF FF FF    
     42 00F7D1 FF FF FF FF FF FF FF FF    
     42 00F7D9 FF FF FF FF FF FF FF FF    
     42 00F7E1 FF FF FF FF FF FF FF FF    
     42 00F7E9 FF FF FF FF FF FF FF FF    
     42 00F7F1 FF FF FF FF FF FF FF FF    
     42 00F7F9 FF FF FF FF FF FF FF FF    
     42 00F801 FF FF FF FF FF FF FF FF    
     42 00F809 FF FF FF FF FF FF FF FF    
     42 00F811 FF FF FF FF FF FF FF FF    
     42 00F819 FF FF FF FF FF FF FF FF    
     42 00F821 FF FF FF FF FF FF FF FF    
     42 00F829 FF FF FF FF FF FF FF FF    
     42 00F831 FF FF FF FF FF FF FF FF    
     42 00F839 FF FF FF FF FF FF FF FF    
     42 00F841 FF FF FF FF FF FF FF FF    
     42 00F849 FF FF FF FF FF FF FF FF    
     42 00F851 FF FF FF FF FF FF FF FF    
     42 00F859 FF FF FF FF FF FF FF FF    
     42 00F861 FF FF FF FF FF FF FF FF    
     42 00F869 FF FF FF FF FF FF FF FF    
     42 00F871 FF FF FF FF FF FF FF FF    
     42 00F879 FF FF FF FF FF FF FF FF    
     42 00F881 FF FF FF FF FF FF FF FF    
     42 00F889 FF FF FF FF FF FF FF FF    
     42 00F891 FF FF FF FF FF FF FF FF    
     42 00F899 FF FF FF FF FF FF FF FF    
     42 00F8A1 FF FF FF FF FF FF FF FF    
     42 00F8A9 FF FF FF FF FF FF FF FF    
     42 00F8B1 FF FF FF FF FF FF FF FF    
     42 00F8B9 FF FF FF FF FF FF FF FF    
     42 00F8C1 FF FF FF FF FF FF FF FF    
     42 00F8C9 FF FF FF FF FF FF FF FF    
     42 00F8D1 FF FF FF FF FF FF FF FF    
     42 00F8D9 FF FF FF FF FF FF FF FF    
     42 00F8E1 FF FF FF FF FF FF FF FF    
     42 00F8E9 FF FF FF FF FF FF FF FF    
     42 00F8F1 FF FF FF FF FF FF FF FF    
     42 00F8F9 FF FF FF FF FF FF FF FF    
     42 00F901 FF FF FF FF FF FF FF FF    
     42 00F909 FF FF FF FF FF FF FF FF    
     42 00F911 FF FF FF FF FF FF FF FF    
     42 00F919 FF FF FF FF FF FF FF FF    
     42 00F921 FF FF FF FF FF FF FF FF    
     42 00F929 FF FF FF FF FF FF FF FF    
     42 00F931 FF FF FF FF FF FF FF FF    
     42 00F939 FF FF FF FF FF FF FF FF    
     42 00F941 FF FF FF FF FF FF FF FF    
     42 00F949 FF FF FF FF FF FF FF FF    
     42 00F951 FF FF FF FF FF FF FF FF    
     42 00F959 FF FF FF FF FF FF FF FF    
     42 00F961 FF FF FF FF FF FF FF FF    
     42 00F969 FF FF FF FF FF FF FF FF    
     42 00F971 FF FF FF FF FF FF FF FF    
     42 00F979 FF FF FF FF FF FF FF FF    
     42 00F981 FF FF FF FF FF FF FF FF    
     42 00F989 FF FF FF FF FF FF FF FF    
     42 00F991 FF FF FF FF FF FF FF FF    
     42 00F999 FF FF FF FF FF FF FF FF    
     42 00F9A1 FF FF FF FF FF FF FF FF    
     42 00F9A9 FF FF FF FF FF FF FF FF    
     42 00F9B1 FF FF FF FF FF FF FF FF    
     42 00F9B9 FF FF FF FF FF FF FF FF    
     42 00F9C1 FF FF FF FF FF FF FF FF    
     42 00F9C9 FF FF FF FF FF FF FF FF    
     42 00F9D1 FF FF FF FF FF FF FF FF    
     42 00F9D9 FF FF FF FF FF FF FF FF    
     42 00F9E1 FF FF FF FF FF FF FF FF    
     42 00F9E9 FF FF FF FF FF FF FF FF    
     42 00F9F1 FF FF FF FF FF FF FF FF    
     42 00F9F9 FF FF FF FF FF FF FF FF    
     42 00FA01 FF FF FF FF FF FF FF FF    
     42 00FA09 FF FF FF FF FF FF FF FF    
     42 00FA11 FF FF FF FF FF FF FF FF    
     42 00FA19 FF FF FF FF FF FF FF FF    
     42 00FA21 FF FF FF FF FF FF FF FF    
     42 00FA29 FF FF FF FF FF FF FF FF    
     42 00FA31 FF FF FF FF FF FF FF FF    
     42 00FA39 FF FF FF FF FF FF FF FF    
     42 00FA41 FF FF FF FF FF FF FF FF    
     42 00FA49 FF FF FF FF FF FF FF FF    
     42 00FA51 FF FF FF FF FF FF FF FF    
     42 00FA59 FF FF FF FF FF FF FF FF    
     42 00FA61 FF FF FF FF FF FF FF FF    
     42 00FA69 FF FF FF FF FF FF FF FF    
     42 00FA71 FF FF FF FF FF FF FF FF    
     42 00FA79 FF FF FF FF FF FF FF FF    
     42 00FA81 FF FF FF FF FF FF FF FF    
     42 00FA89 FF FF FF FF FF FF FF FF    
     42 00FA91 FF FF FF FF FF FF FF FF    
     42 00FA99 FF FF FF FF FF FF FF FF    
     42 00FAA1 FF FF FF FF FF FF FF FF    
     42 00FAA9 FF FF FF FF FF FF FF FF    
     42 00FAB1 FF FF FF FF FF FF FF FF    
     42 00FAB9 FF FF FF FF FF FF FF FF    
     42 00FAC1 FF FF FF FF FF FF FF FF    
     42 00FAC9 FF FF FF FF FF FF FF FF    
     42 00FAD1 FF FF FF FF FF FF FF FF    
     42 00FAD9 FF FF FF FF FF FF FF FF    
     42 00FAE1 FF FF FF FF FF FF FF FF    
     42 00FAE9 FF FF FF FF FF FF FF FF    
     42 00FAF1 FF FF FF FF FF FF FF FF    
     42 00FAF9 FF FF FF FF FF FF FF FF    
     42 00FB01 FF FF FF FF FF FF FF FF    
     42 00FB09 FF FF FF FF FF FF FF FF    
     42 00FB11 FF FF FF FF FF FF FF FF    
     42 00FB19 FF FF FF FF FF FF FF FF    
     42 00FB21 FF FF FF FF FF FF FF FF    
     42 00FB29 FF FF FF FF FF FF FF FF    
     42 00FB31 FF FF FF FF FF FF FF FF    
     42 00FB39 FF FF FF FF FF FF FF FF    
     42 00FB41 FF FF FF FF FF FF FF FF    
     42 00FB49 FF FF FF FF FF FF FF FF    
     42 00FB51 FF FF FF FF FF FF FF FF    
     42 00FB59 FF FF FF FF FF FF FF FF    
     42 00FB61 FF FF FF FF FF FF FF FF    
     42 00FB69 FF FF FF FF FF FF FF FF    
     42 00FB71 FF FF FF FF FF FF FF FF    
     42 00FB79 FF FF FF FF FF FF FF FF    
     42 00FB81 FF FF FF FF FF FF FF FF    
     42 00FB89 FF FF FF FF FF FF FF FF    
     42 00FB91 FF FF FF FF FF FF FF FF    
     42 00FB99 FF FF FF FF FF FF FF FF    
     42 00FBA1 FF FF FF FF FF FF FF FF    
     42 00FBA9 FF FF FF FF FF FF FF FF    
     42 00FBB1 FF FF FF FF FF FF FF FF    
     42 00FBB9 FF FF FF FF FF FF FF FF    
     42 00FBC1 FF FF FF FF FF FF FF FF    
     42 00FBC9 FF FF FF FF FF FF FF FF    
     42 00FBD1 FF FF FF FF FF FF FF FF    
     42 00FBD9 FF FF FF FF FF FF FF FF    
     42 00FBE1 FF FF FF FF FF FF FF FF    
     42 00FBE9 FF FF FF FF FF FF FF FF    
     42 00FBF1 FF FF FF FF FF FF FF FF    
     42 00FBF9 FF FF FF FF FF FF FF FF    
     42 00FC01 FF FF FF FF FF FF FF FF    
     42 00FC09 FF FF FF FF FF FF FF FF    
     42 00FC11 FF FF FF FF FF FF FF FF    
     42 00FC19 FF FF FF FF FF FF FF FF    
     42 00FC21 FF FF FF FF FF FF FF FF    
     42 00FC29 FF FF FF FF FF FF FF FF    
     42 00FC31 FF FF FF FF FF FF FF FF    
     42 00FC39 FF FF FF FF FF FF FF FF    
     42 00FC41 FF FF FF FF FF FF FF FF    
     42 00FC49 FF FF FF FF FF FF FF FF    
     42 00FC51 FF FF FF FF FF FF FF FF    
     42 00FC59 FF FF FF FF FF FF FF FF    
     42 00FC61 FF FF FF FF FF FF FF FF    
     42 00FC69 FF FF FF FF FF FF FF FF    
     42 00FC71 FF FF FF FF FF FF FF FF    
     42 00FC79 FF FF FF FF FF FF FF FF    
     42 00FC81 FF FF FF FF FF FF FF FF    
     42 00FC89 FF FF FF FF FF FF FF FF    
     42 00FC91 FF FF FF FF FF FF FF FF    
     42 00FC99 FF FF FF FF FF FF FF FF    
     42 00FCA1 FF FF FF FF FF FF FF FF    
     42 00FCA9 FF FF FF FF FF FF FF FF    
     42 00FCB1 FF FF FF FF FF FF FF FF    
     42 00FCB9 FF FF FF FF FF FF FF FF    
     42 00FCC1 FF FF FF FF FF FF FF FF    
     42 00FCC9 FF FF FF FF FF FF FF FF    
     42 00FCD1 FF FF FF FF FF FF FF FF    
     42 00FCD9 FF FF FF FF FF FF FF FF    
     42 00FCE1 FF FF FF FF FF FF FF FF    
     42 00FCE9 FF FF FF FF FF FF FF FF    
     42 00FCF1 FF FF FF FF FF FF FF FF    
     42 00FCF9 FF FF FF FF FF FF FF FF    
     42 00FD01 FF FF FF FF FF FF FF FF    
     42 00FD09 FF FF FF FF FF FF FF FF    
     42 00FD11 FF FF FF FF FF FF FF FF    
     42 00FD19 FF FF FF FF FF FF FF FF    
     42 00FD21 FF FF FF FF FF FF FF FF    
     42 00FD29 FF FF FF FF FF FF FF FF    
     42 00FD31 FF FF FF FF FF FF FF FF    
     42 00FD39 FF FF FF FF FF FF FF FF    
     42 00FD41 FF FF FF FF FF FF FF FF    
     42 00FD49 FF FF FF FF FF FF FF FF    
     42 00FD51 FF FF FF FF FF FF FF FF    
     42 00FD59 FF FF FF FF FF FF FF FF    
     42 00FD61 FF FF FF FF FF FF FF FF    
     42 00FD69 FF FF FF FF FF FF FF FF    
     42 00FD71 FF FF FF FF FF FF FF FF    
     42 00FD79 FF FF FF FF FF FF FF FF    
     42 00FD81 FF FF FF FF FF FF FF FF    
     42 00FD89 FF FF FF FF FF FF FF FF    
     42 00FD91 FF FF FF FF FF FF FF FF    
     42 00FD99 FF FF FF FF FF FF FF FF    
     42 00FDA1 FF FF FF FF FF FF FF FF    
     42 00FDA9 FF FF FF FF FF FF FF FF    
     42 00FDB1 FF FF FF FF FF FF FF FF    
     42 00FDB9 FF FF FF FF FF FF FF FF    
     42 00FDC1 FF FF FF FF FF FF FF FF    
     42 00FDC9 FF FF FF FF FF FF FF FF    
     42 00FDD1 FF FF FF FF FF FF FF FF    
     42 00FDD9 FF FF FF FF FF FF FF FF    
     42 00FDE1 FF FF FF FF FF FF FF FF    
     42 00FDE9 FF FF FF FF FF FF FF FF    
     42 00FDF1 FF FF FF FF FF FF FF FF    
     42 00FDF9 FF FF FF FF FF FF FF FF    
     42 00FE01 FF FF FF FF FF FF FF FF    
     42 00FE09 FF FF FF FF FF FF FF FF    
     42 00FE11 FF FF FF FF FF FF FF FF    
     42 00FE19 FF FF FF FF FF FF FF FF    
     42 00FE21 FF FF FF FF FF FF FF FF    
     42 00FE29 FF FF FF FF FF FF FF FF    
     42 00FE31 FF FF FF FF FF FF FF FF    
     42 00FE39 FF FF FF FF FF FF FF FF    
     42 00FE41 FF FF FF FF FF FF FF FF    
     42 00FE49 FF FF FF FF FF FF FF FF    
     42 00FE51 FF FF FF FF FF FF FF FF    
     42 00FE59 FF FF FF FF FF FF FF FF    
     42 00FE61 FF FF FF FF FF FF FF FF    
     42 00FE69 FF FF FF FF FF FF FF FF    
     42 00FE71 FF FF FF FF FF FF FF FF    
     42 00FE79 FF FF FF FF FF FF FF FF    
     42 00FE81 FF FF FF FF FF FF FF FF    
     42 00FE89 FF FF FF FF FF FF FF FF    
     42 00FE91 FF FF FF FF FF FF FF FF    
     42 00FE99 FF FF FF FF FF FF FF FF    
     42 00FEA1 FF FF FF FF FF FF FF FF    
     42 00FEA9 FF FF FF FF FF FF FF FF    
     42 00FEB1 FF FF FF FF FF FF FF FF    
     42 00FEB9 FF FF FF FF FF FF FF FF    
     42 00FEC1 FF FF FF FF FF FF FF FF    
     42 00FEC9 FF FF FF FF FF FF FF FF    
     42 00FED1 FF FF FF FF FF FF FF FF    
     42 00FED9 FF FF FF FF FF FF FF FF    
     42 00FEE1 FF FF FF FF FF FF FF FF    
     42 00FEE9 FF FF FF FF FF FF FF FF    
     42 00FEF1 FF FF FF FF FF FF FF FF    
     42 00FEF9 FF FF FF FF FF FF FF FF    
     42 00FF01 FF FF FF FF FF FF FF FF    
     42 00FF09 FF FF FF FF FF FF FF FF    
     42 00FF11 FF FF FF FF FF FF FF FF    
     42 00FF19 FF FF FF FF FF FF FF FF    
     42 00FF21 FF FF FF FF FF FF FF FF    
     42 00FF29 FF FF FF FF FF FF FF FF    
     42 00FF31 FF FF FF FF FF FF FF FF    
     42 00FF39 FF FF FF FF FF FF FF FF    
     42 00FF41 FF FF FF FF FF FF FF FF    
     42 00FF49 FF FF FF FF FF FF FF FF    
     42 00FF51 FF FF FF FF FF FF FF FF    
     42 00FF59 FF FF FF FF FF FF FF FF    
     42 00FF61 FF FF FF FF FF FF FF FF    
     42 00FF69 FF FF FF FF FF FF FF FF    
     42 00FF71 FF FF FF FF FF FF FF FF    
     42 00FF79 FF FF FF FF FF FF FF FF    
     42 00FF81 FF FF FF FF FF FF FF FF    
     42 00FF89 FF FF FF FF FF FF FF FF    
     42 00FF91 FF FF FF FF FF FF FF FF    
     42 00FF99 FF FF FF FF FF FF FF FF    
     42 00FFA1 FF FF FF FF FF FF FF FF    
     42 00FFA9 FF FF FF FF FF FF FF FF    
     42 00FFB1 FF FF FF FF FF FF FF FF    
     42 00FFB9 FF FF FF FF FF FF FF FF    
     42 00FFC1 FF FF FF FF FF FF FF FF    
     42 00FFC9 FF FF FF FF FF FF FF FF    
     42 00FFD1 FF FF FF FF FF FF FF FF    
     42 00FFD9 FF FF FF FF FF FF FF FF    
     42 00FFE1 FF FF FF FF FF FF FF FF    
     42 00FFE9 FF FF FF FF FF             
     43 00FFEE 30 E0                        	dw		IRQRout
                                           
     45 00FFF0 FF FF FF FF FF FF FF FF      	.org	$FFFC
     45 00FFF8 FF FF FF FF                
     46 00FFFC 00 E0                        	dw		$E000

Checksum=832D5426

Number of instructions processed: 30
Number of opcode bytes: 57
Bytes per instruction: 1.900000 (15.200000 bits)
Clock cycle count: 0
Clocks per instruction: 0.000000

The above statistics are only estimates.

	The CPI assumes data memory access requires two clock cycles and instruction
	access is single cycle. The actual CPI may be higher if there are memory wait 
	states, or lower if data is found in the cache.
